Archive member included because of file (symbol)

c:/program files (x86)/gnu tools arm embedded/4.8 2014q2/bin/../lib/gcc/arm-none-eabi/4.8.4/../../../../arm-none-eabi/lib/armv7e-m/softfp\libg.a(lib_a-malloc.o)
                              ..\obj\llist.o (malloc)
c:/program files (x86)/gnu tools arm embedded/4.8 2014q2/bin/../lib/gcc/arm-none-eabi/4.8.4/../../../../arm-none-eabi/lib/armv7e-m/softfp\libg.a(lib_a-mallocr.o)
                              c:/program files (x86)/gnu tools arm embedded/4.8 2014q2/bin/../lib/gcc/arm-none-eabi/4.8.4/../../../../arm-none-eabi/lib/armv7e-m/softfp\libg.a(lib_a-malloc.o) (_malloc_r)
c:/program files (x86)/gnu tools arm embedded/4.8 2014q2/bin/../lib/gcc/arm-none-eabi/4.8.4/../../../../arm-none-eabi/lib/armv7e-m/softfp\libg.a(lib_a-memcpy.o)
                              ..\obj\startup_stm32f4xx.o (memcpy)
c:/program files (x86)/gnu tools arm embedded/4.8 2014q2/bin/../lib/gcc/arm-none-eabi/4.8.4/../../../../arm-none-eabi/lib/armv7e-m/softfp\libg.a(lib_a-memset.o)
                              ..\obj\printf.o (memset)
c:/program files (x86)/gnu tools arm embedded/4.8 2014q2/bin/../lib/gcc/arm-none-eabi/4.8.4/../../../../arm-none-eabi/lib/armv7e-m/softfp\libg.a(lib_a-mlock.o)
                              c:/program files (x86)/gnu tools arm embedded/4.8 2014q2/bin/../lib/gcc/arm-none-eabi/4.8.4/../../../../arm-none-eabi/lib/armv7e-m/softfp\libg.a(lib_a-mallocr.o) (__malloc_lock)
c:/program files (x86)/gnu tools arm embedded/4.8 2014q2/bin/../lib/gcc/arm-none-eabi/4.8.4/../../../../arm-none-eabi/lib/armv7e-m/softfp\libg.a(lib_a-sbrkr.o)
                              c:/program files (x86)/gnu tools arm embedded/4.8 2014q2/bin/../lib/gcc/arm-none-eabi/4.8.4/../../../../arm-none-eabi/lib/armv7e-m/softfp\libg.a(lib_a-mallocr.o) (_sbrk_r)
c:/program files (x86)/gnu tools arm embedded/4.8 2014q2/bin/../lib/gcc/arm-none-eabi/4.8.4/../../../../arm-none-eabi/lib/armv7e-m/softfp\libg.a(lib_a-freer.o)
                              c:/program files (x86)/gnu tools arm embedded/4.8 2014q2/bin/../lib/gcc/arm-none-eabi/4.8.4/../../../../arm-none-eabi/lib/armv7e-m/softfp\libg.a(lib_a-malloc.o) (_free_r)
c:/program files (x86)/gnu tools arm embedded/4.8 2014q2/bin/../lib/gcc/arm-none-eabi/4.8.4/../../../../arm-none-eabi/lib/armv7e-m/softfp\libg.a(lib_a-reent.o)
                              c:/program files (x86)/gnu tools arm embedded/4.8 2014q2/bin/../lib/gcc/arm-none-eabi/4.8.4/../../../../arm-none-eabi/lib/armv7e-m/softfp\libg.a(lib_a-sbrkr.o) (errno)

Allocating common symbols
Common symbol       size              file

CurrentPos          0x4               ..\obj\stm32f4_discovery_audio_codec.o
params              0x60              ..\obj\main.o
TempStr             0x1e              ..\obj\parameters.o
new_note_event      0x1               ..\obj\main.o
f                   0x4               ..\obj\synth.o
errno               0x4               c:/program files (x86)/gnu tools arm embedded/4.8 2014q2/bin/../lib/gcc/arm-none-eabi/4.8.4/../../../../arm-none-eabi/lib/armv7e-m/softfp\libg.a(lib_a-reent.o)
global_pitch        0x4               ..\obj\main.o
trig                0x1               ..\obj\main.o
fb                  0x4               ..\obj\synth.o
audiobuff           0x500             ..\obj\main.o
DlyBuffer           0x2ee00           ..\obj\synth.o
AUDIO_MAL_DMA_InitStructure
                    0x3c              ..\obj\stm32f4_discovery_audio_codec.o
f_square            0x4               ..\obj\synth.o
global_fc           0x4               ..\obj\main.o
DMA_InitStructure   0x3c              ..\obj\stm32f4_discovery_audio_codec.o

Discarded input sections

 .text          0x00000000        0x0 ..\obj\stm32f4_discovery_audio_codec.o
 .text.EVAL_AUDIO_SetAudioInterface
                0x00000000       0xa8 ..\obj\stm32f4_discovery_audio_codec.o
 .text.EVAL_AUDIO_DeInit
                0x00000000       0xe4 ..\obj\stm32f4_discovery_audio_codec.o
 .text.EVAL_AUDIO_PauseResume
                0x00000000       0x98 ..\obj\stm32f4_discovery_audio_codec.o
 .text.EVAL_AUDIO_Stop
                0x00000000       0x78 ..\obj\stm32f4_discovery_audio_codec.o
 .text.EVAL_AUDIO_VolumeCtl
                0x00000000       0x44 ..\obj\stm32f4_discovery_audio_codec.o
 .text.EVAL_AUDIO_Mute
                0x00000000       0x1c ..\obj\stm32f4_discovery_audio_codec.o
 .text.Audio_MAL_Play
                0x00000000       0x3c ..\obj\stm32f4_discovery_audio_codec.o
 .text.DAC_Config
                0x00000000       0x50 ..\obj\stm32f4_discovery_audio_codec.o
 .text          0x00000000        0x0 ..\obj\stm32f4xx_usart.o
 .data          0x00000000        0x0 ..\obj\stm32f4xx_usart.o
 .bss           0x00000000        0x0 ..\obj\stm32f4xx_usart.o
 .text.USART_DeInit
                0x00000000       0xc8 ..\obj\stm32f4xx_usart.o
 .text.USART_StructInit
                0x00000000       0x18 ..\obj\stm32f4xx_usart.o
 .text.USART_ClockInit
                0x00000000       0x24 ..\obj\stm32f4xx_usart.o
 .text.USART_ClockStructInit
                0x00000000        0xc ..\obj\stm32f4xx_usart.o
 .text.USART_SetPrescaler
                0x00000000       0x14 ..\obj\stm32f4xx_usart.o
 .text.USART_OverSampling8Cmd
                0x00000000       0x1c ..\obj\stm32f4xx_usart.o
 .text.USART_OneBitMethodCmd
                0x00000000       0x1c ..\obj\stm32f4xx_usart.o
 .text.USART_ReceiveData
                0x00000000        0x8 ..\obj\stm32f4xx_usart.o
 .text.USART_SetAddress
                0x00000000       0x18 ..\obj\stm32f4xx_usart.o
 .text.USART_ReceiverWakeUpCmd
                0x00000000       0x1c ..\obj\stm32f4xx_usart.o
 .text.USART_WakeUpConfig
                0x00000000       0x18 ..\obj\stm32f4xx_usart.o
 .text.USART_LINBreakDetectLengthConfig
                0x00000000       0x18 ..\obj\stm32f4xx_usart.o
 .text.USART_LINCmd
                0x00000000       0x1c ..\obj\stm32f4xx_usart.o
 .text.USART_SendBreak
                0x00000000        0xc ..\obj\stm32f4xx_usart.o
 .text.USART_HalfDuplexCmd
                0x00000000       0x1c ..\obj\stm32f4xx_usart.o
 .text.USART_SetGuardTime
                0x00000000       0x14 ..\obj\stm32f4xx_usart.o
 .text.USART_SmartCardCmd
                0x00000000       0x1c ..\obj\stm32f4xx_usart.o
 .text.USART_SmartCardNACKCmd
                0x00000000       0x1c ..\obj\stm32f4xx_usart.o
 .text.USART_IrDAConfig
                0x00000000       0x18 ..\obj\stm32f4xx_usart.o
 .text.USART_IrDACmd
                0x00000000       0x1c ..\obj\stm32f4xx_usart.o
 .text.USART_ITConfig
                0x00000000       0x3c ..\obj\stm32f4xx_usart.o
 .text.USART_ClearFlag
                0x00000000        0x8 ..\obj\stm32f4xx_usart.o
 .text.USART_GetITStatus
                0x00000000       0x4c ..\obj\stm32f4xx_usart.o
 .text.USART_ClearITPendingBit
                0x00000000       0x10 ..\obj\stm32f4xx_usart.o
 .text          0x00000000        0x0 ..\obj\stm32f4xx_dac.o
 .data          0x00000000        0x0 ..\obj\stm32f4xx_dac.o
 .bss           0x00000000        0x0 ..\obj\stm32f4xx_dac.o
 .text.DAC_DeInit
                0x00000000       0x1c ..\obj\stm32f4xx_dac.o
 .text.DAC_StructInit
                0x00000000        0xc ..\obj\stm32f4xx_dac.o
 .text.DAC_SoftwareTriggerCmd
                0x00000000       0x28 ..\obj\stm32f4xx_dac.o
 .text.DAC_DualSoftwareTriggerCmd
                0x00000000       0x1c ..\obj\stm32f4xx_dac.o
 .text.DAC_WaveGenerationCmd
                0x00000000       0x20 ..\obj\stm32f4xx_dac.o
 .text.DAC_SetChannel2Data
                0x00000000       0x20 ..\obj\stm32f4xx_dac.o
 .text.DAC_SetDualChannelData
                0x00000000       0x18 ..\obj\stm32f4xx_dac.o
 .text.DAC_GetDataOutputValue
                0x00000000       0x24 ..\obj\stm32f4xx_dac.o
 .text.DAC_DMACmd
                0x00000000       0x2c ..\obj\stm32f4xx_dac.o
 .text.DAC_ITConfig
                0x00000000       0x20 ..\obj\stm32f4xx_dac.o
 .text.DAC_GetFlagStatus
                0x00000000       0x14 ..\obj\stm32f4xx_dac.o
 .text.DAC_ClearFlag
                0x00000000        0xc ..\obj\stm32f4xx_dac.o
 .text.DAC_GetITStatus
                0x00000000       0x1c ..\obj\stm32f4xx_dac.o
 .text.DAC_ClearITPendingBit
                0x00000000        0xc ..\obj\stm32f4xx_dac.o
 .text          0x00000000        0x0 ..\obj\llist.o
 .data          0x00000000        0x0 ..\obj\llist.o
 .bss           0x00000000        0x0 ..\obj\llist.o
 .text.add_note_first
                0x00000000       0x70 ..\obj\llist.o
 .text.delete_note_ret
                0x00000000       0x2c ..\obj\llist.o
 .text.get_last_note
                0x00000000       0x10 ..\obj\llist.o
 .text.print_all_note
                0x00000000       0x24 ..\obj\llist.o
 .rodata.str1.4
                0x00000000       0x1c ..\obj\llist.o
 .text          0x00000000        0x0 ..\obj\startup_stm32f4xx.o
 .data          0x00000000        0x0 ..\obj\startup_stm32f4xx.o
 .bss           0x00000000        0x0 ..\obj\startup_stm32f4xx.o
 .text          0x00000000        0x0 ..\obj\main.o
 .data          0x00000000        0x0 ..\obj\main.o
 .text          0x00000000        0x0 ..\obj\stm32f4xx_rcc.o
 .bss           0x00000000        0x0 ..\obj\stm32f4xx_rcc.o
 .text.RCC_DeInit
                0x00000000       0x34 ..\obj\stm32f4xx_rcc.o
 .text.RCC_HSEConfig
                0x00000000       0x10 ..\obj\stm32f4xx_rcc.o
 .text.RCC_WaitForHSEStartUp
                0x00000000       0x38 ..\obj\stm32f4xx_rcc.o
 .text.RCC_AdjustHSICalibrationValue
                0x00000000       0x14 ..\obj\stm32f4xx_rcc.o
 .text.RCC_HSICmd
                0x00000000        0xc ..\obj\stm32f4xx_rcc.o
 .text.RCC_LSEConfig
                0x00000000       0x20 ..\obj\stm32f4xx_rcc.o
 .text.RCC_LSICmd
                0x00000000        0xc ..\obj\stm32f4xx_rcc.o
 .text.RCC_PLLConfig
                0x00000000       0x24 ..\obj\stm32f4xx_rcc.o
 .text.RCC_PLLCmd
                0x00000000        0xc ..\obj\stm32f4xx_rcc.o
 .text.RCC_PLLI2SConfig
                0x00000000       0x14 ..\obj\stm32f4xx_rcc.o
 .text.RCC_PLLI2SCmd
                0x00000000        0xc ..\obj\stm32f4xx_rcc.o
 .text.RCC_ClockSecuritySystemCmd
                0x00000000        0xc ..\obj\stm32f4xx_rcc.o
 .text.RCC_MCO1Config
                0x00000000       0x14 ..\obj\stm32f4xx_rcc.o
 .text.RCC_MCO2Config
                0x00000000       0x14 ..\obj\stm32f4xx_rcc.o
 .text.RCC_SYSCLKConfig
                0x00000000       0x14 ..\obj\stm32f4xx_rcc.o
 .text.RCC_GetSYSCLKSource
                0x00000000       0x10 ..\obj\stm32f4xx_rcc.o
 .text.RCC_HCLKConfig
                0x00000000       0x14 ..\obj\stm32f4xx_rcc.o
 .text.RCC_PCLK1Config
                0x00000000       0x14 ..\obj\stm32f4xx_rcc.o
 .text.RCC_PCLK2Config
                0x00000000       0x14 ..\obj\stm32f4xx_rcc.o
 .text.RCC_RTCCLKConfig
                0x00000000       0x30 ..\obj\stm32f4xx_rcc.o
 .text.RCC_RTCCLKCmd
                0x00000000        0xc ..\obj\stm32f4xx_rcc.o
 .text.RCC_BackupResetCmd
                0x00000000        0xc ..\obj\stm32f4xx_rcc.o
 .text.RCC_I2SCLKConfig
                0x00000000        0xc ..\obj\stm32f4xx_rcc.o
 .text.RCC_AHB2PeriphClockCmd
                0x00000000       0x18 ..\obj\stm32f4xx_rcc.o
 .text.RCC_AHB3PeriphClockCmd
                0x00000000       0x18 ..\obj\stm32f4xx_rcc.o
 .text.RCC_AHB1PeriphResetCmd
                0x00000000       0x18 ..\obj\stm32f4xx_rcc.o
 .text.RCC_AHB2PeriphResetCmd
                0x00000000       0x18 ..\obj\stm32f4xx_rcc.o
 .text.RCC_AHB3PeriphResetCmd
                0x00000000       0x18 ..\obj\stm32f4xx_rcc.o
 .text.RCC_AHB1PeriphClockLPModeCmd
                0x00000000       0x18 ..\obj\stm32f4xx_rcc.o
 .text.RCC_AHB2PeriphClockLPModeCmd
                0x00000000       0x18 ..\obj\stm32f4xx_rcc.o
 .text.RCC_AHB3PeriphClockLPModeCmd
                0x00000000       0x18 ..\obj\stm32f4xx_rcc.o
 .text.RCC_APB1PeriphClockLPModeCmd
                0x00000000       0x18 ..\obj\stm32f4xx_rcc.o
 .text.RCC_APB2PeriphClockLPModeCmd
                0x00000000       0x18 ..\obj\stm32f4xx_rcc.o
 .text.RCC_ITConfig
                0x00000000       0x18 ..\obj\stm32f4xx_rcc.o
 .text.RCC_GetFlagStatus
                0x00000000       0x34 ..\obj\stm32f4xx_rcc.o
 .text.RCC_ClearFlag
                0x00000000       0x10 ..\obj\stm32f4xx_rcc.o
 .text.RCC_GetITStatus
                0x00000000       0x14 ..\obj\stm32f4xx_rcc.o
 .text.RCC_ClearITPendingBit
                0x00000000        0xc ..\obj\stm32f4xx_rcc.o
 .text          0x00000000        0x0 ..\obj\parameters.o
 .text.decdec   0x00000000       0x34 ..\obj\parameters.o
 .text          0x00000000        0x0 ..\obj\printf.o
 .bss           0x00000000        0x0 ..\obj\printf.o
 .text.PrintChar
                0x00000000       0x20 ..\obj\printf.o
 .text.PutChar  0x00000000        0x8 ..\obj\printf.o
 .text.PutString
                0x00000000       0x1c ..\obj\printf.o
 .text.snprintf
                0x00000000       0x1c ..\obj\printf.o
 .text.vsprintf
                0x00000000        0xc ..\obj\printf.o
 .text.vfprintf
                0x00000000       0xc4 ..\obj\printf.o
 .text.vprintf  0x00000000       0xc4 ..\obj\printf.o
 .text.fprintf  0x00000000       0xd0 ..\obj\printf.o
 .text.sprintf  0x00000000       0x20 ..\obj\printf.o
 .text.fputc    0x00000000       0x3c ..\obj\printf.o
 .text.fputs    0x00000000       0x58 ..\obj\printf.o
 .text          0x00000000        0x0 ..\obj\synth.o
 .data          0x00000000        0x0 ..\obj\synth.o
 .text.delay_effect
                0x00000000       0x68 ..\obj\synth.o
 .text          0x00000000        0x0 ..\obj\stm32f4xx_gpio.o
 .data          0x00000000        0x0 ..\obj\stm32f4xx_gpio.o
 .bss           0x00000000        0x0 ..\obj\stm32f4xx_gpio.o
 .text.GPIO_DeInit
                0x00000000      0x118 ..\obj\stm32f4xx_gpio.o
 .text.GPIO_StructInit
                0x00000000       0x14 ..\obj\stm32f4xx_gpio.o
 .text.GPIO_PinLockConfig
                0x00000000       0x24 ..\obj\stm32f4xx_gpio.o
 .text.GPIO_ReadInputData
                0x00000000        0x8 ..\obj\stm32f4xx_gpio.o
 .text.GPIO_ReadOutputDataBit
                0x00000000        0xc ..\obj\stm32f4xx_gpio.o
 .text.GPIO_ReadOutputData
                0x00000000        0x8 ..\obj\stm32f4xx_gpio.o
 .text.GPIO_Write
                0x00000000        0x4 ..\obj\stm32f4xx_gpio.o
 .text.GPIO_ToggleBits
                0x00000000        0x8 ..\obj\stm32f4xx_gpio.o
 .text          0x00000000        0x0 ..\obj\system_stm32f4xx.o
 .data          0x00000000       0x14 ..\obj\system_stm32f4xx.o
 .bss           0x00000000        0x0 ..\obj\system_stm32f4xx.o
 .text.SystemCoreClockUpdate
                0x00000000       0x68 ..\obj\system_stm32f4xx.o
 .text          0x00000000        0x0 ..\obj\syscalls.o
 .data          0x00000000        0x0 ..\obj\syscalls.o
 .text.link     0x00000000        0x8 ..\obj\syscalls.o
 .text._close   0x00000000        0x8 ..\obj\syscalls.o
 .text._fstat   0x00000000        0xc ..\obj\syscalls.o
 .text._isatty  0x00000000        0x4 ..\obj\syscalls.o
 .text._lseek   0x00000000        0x4 ..\obj\syscalls.o
 .text._read    0x00000000        0x4 ..\obj\syscalls.o
 .text._write   0x00000000        0x4 ..\obj\syscalls.o
 .text.abort    0x00000000        0x4 ..\obj\syscalls.o
 .text          0x00000000        0x0 ..\obj\stm32f4xx_dma.o
 .data          0x00000000        0x0 ..\obj\stm32f4xx_dma.o
 .bss           0x00000000        0x0 ..\obj\stm32f4xx_dma.o
 .text.DMA_StructInit
                0x00000000       0x24 ..\obj\stm32f4xx_dma.o
 .text.DMA_PeriphIncOffsetSizeConfig
                0x00000000       0x14 ..\obj\stm32f4xx_dma.o
 .text.DMA_FlowControllerConfig
                0x00000000       0x14 ..\obj\stm32f4xx_dma.o
 .text.DMA_SetCurrDataCounter
                0x00000000        0x4 ..\obj\stm32f4xx_dma.o
 .text.DMA_DoubleBufferModeConfig
                0x00000000       0x18 ..\obj\stm32f4xx_dma.o
 .text.DMA_DoubleBufferModeCmd
                0x00000000       0x14 ..\obj\stm32f4xx_dma.o
 .text.DMA_MemoryTargetConfig
                0x00000000        0xc ..\obj\stm32f4xx_dma.o
 .text.DMA_GetCurrentMemoryTarget
                0x00000000        0x8 ..\obj\stm32f4xx_dma.o
 .text.DMA_GetCmdStatus
                0x00000000        0x8 ..\obj\stm32f4xx_dma.o
 .text.DMA_GetFIFOStatus
                0x00000000        0x8 ..\obj\stm32f4xx_dma.o
 .text          0x00000000        0x0 ..\obj\stm32f4xx_spi.o
 .data          0x00000000        0x0 ..\obj\stm32f4xx_spi.o
 .bss           0x00000000        0x0 ..\obj\stm32f4xx_spi.o
 .text.SPI_Init
                0x00000000       0x54 ..\obj\stm32f4xx_spi.o
 .text.SPI_StructInit
                0x00000000       0x18 ..\obj\stm32f4xx_spi.o
 .text.I2S_StructInit
                0x00000000       0x10 ..\obj\stm32f4xx_spi.o
 .text.SPI_Cmd  0x00000000       0x1c ..\obj\stm32f4xx_spi.o
 .text.SPI_DataSizeConfig
                0x00000000       0x18 ..\obj\stm32f4xx_spi.o
 .text.SPI_BiDirectionalLineConfig
                0x00000000       0x20 ..\obj\stm32f4xx_spi.o
 .text.SPI_NSSInternalSoftwareConfig
                0x00000000       0x20 ..\obj\stm32f4xx_spi.o
 .text.SPI_SSOutputCmd
                0x00000000       0x1c ..\obj\stm32f4xx_spi.o
 .text.SPI_TIModeCmd
                0x00000000       0x1c ..\obj\stm32f4xx_spi.o
 .text.I2S_FullDuplexConfig
                0x00000000       0x48 ..\obj\stm32f4xx_spi.o
 .text.SPI_I2S_ReceiveData
                0x00000000        0x8 ..\obj\stm32f4xx_spi.o
 .text.SPI_CalculateCRC
                0x00000000       0x1c ..\obj\stm32f4xx_spi.o
 .text.SPI_TransmitCRC
                0x00000000        0xc ..\obj\stm32f4xx_spi.o
 .text.SPI_GetCRC
                0x00000000        0xc ..\obj\stm32f4xx_spi.o
 .text.SPI_GetCRCPolynomial
                0x00000000        0x8 ..\obj\stm32f4xx_spi.o
 .text.SPI_I2S_ClearFlag
                0x00000000        0x8 ..\obj\stm32f4xx_spi.o
 .text.SPI_I2S_GetITStatus
                0x00000000       0x2c ..\obj\stm32f4xx_spi.o
 .text.SPI_I2S_ClearITPendingBit
                0x00000000       0x14 ..\obj\stm32f4xx_spi.o
 .text          0x00000000        0x0 ..\obj\stm32f4xx_i2c.o
 .data          0x00000000        0x0 ..\obj\stm32f4xx_i2c.o
 .bss           0x00000000        0x0 ..\obj\stm32f4xx_i2c.o
 .text.I2C_StructInit
                0x00000000       0x24 ..\obj\stm32f4xx_i2c.o
 .text.I2C_OwnAddress2Config
                0x00000000       0x14 ..\obj\stm32f4xx_i2c.o
 .text.I2C_DualAddressCmd
                0x00000000       0x1c ..\obj\stm32f4xx_i2c.o
 .text.I2C_GeneralCallCmd
                0x00000000       0x1c ..\obj\stm32f4xx_i2c.o
 .text.I2C_SoftwareResetCmd
                0x00000000       0x1c ..\obj\stm32f4xx_i2c.o
 .text.I2C_StretchClockCmd
                0x00000000       0x1c ..\obj\stm32f4xx_i2c.o
 .text.I2C_FastModeDutyCycleConfig
                0x00000000       0x20 ..\obj\stm32f4xx_i2c.o
 .text.I2C_NACKPositionConfig
                0x00000000       0x20 ..\obj\stm32f4xx_i2c.o
 .text.I2C_SMBusAlertConfig
                0x00000000       0x20 ..\obj\stm32f4xx_i2c.o
 .text.I2C_ARPCmd
                0x00000000       0x1c ..\obj\stm32f4xx_i2c.o
 .text.I2C_TransmitPEC
                0x00000000       0x1c ..\obj\stm32f4xx_i2c.o
 .text.I2C_PECPositionConfig
                0x00000000       0x20 ..\obj\stm32f4xx_i2c.o
 .text.I2C_CalculatePEC
                0x00000000       0x1c ..\obj\stm32f4xx_i2c.o
 .text.I2C_GetPEC
                0x00000000        0x8 ..\obj\stm32f4xx_i2c.o
 .text.I2C_DMACmd
                0x00000000       0x1c ..\obj\stm32f4xx_i2c.o
 .text.I2C_DMALastTransferCmd
                0x00000000       0x1c ..\obj\stm32f4xx_i2c.o
 .text.I2C_ReadRegister
                0x00000000       0x18 ..\obj\stm32f4xx_i2c.o
 .text.I2C_ITConfig
                0x00000000       0x14 ..\obj\stm32f4xx_i2c.o
 .text.I2C_GetLastEvent
                0x00000000       0x10 ..\obj\stm32f4xx_i2c.o
 .text.I2C_GetITStatus
                0x00000000       0x1c ..\obj\stm32f4xx_i2c.o
 .text.I2C_ClearITPendingBit
                0x00000000        0x8 ..\obj\stm32f4xx_i2c.o
 .text          0x00000000        0x0 ..\obj\misc.o
 .data          0x00000000        0x0 ..\obj\misc.o
 .bss           0x00000000        0x0 ..\obj\misc.o
 .text.NVIC_SetVectorTable
                0x00000000       0x14 ..\obj\misc.o
 .text.NVIC_SystemLPConfig
                0x00000000       0x18 ..\obj\misc.o
 .text.SysTick_CLKSourceConfig
                0x00000000       0x18 ..\obj\misc.o
 .text          0x00000000        0x0 ..\obj\wavetable.o
 .data          0x00000000        0x0 ..\obj\wavetable.o
 .bss           0x00000000        0x0 ..\obj\wavetable.o
 .debug_info    0x00000000       0x8e ..\obj\wavetable.o
 .debug_abbrev  0x00000000       0x49 ..\obj\wavetable.o
 .debug_aranges
                0x00000000       0x18 ..\obj\wavetable.o
 .debug_line    0x00000000      0x12b ..\obj\wavetable.o
 .debug_str     0x00000000      0x183 ..\obj\wavetable.o
 .comment       0x00000000       0x71 ..\obj\wavetable.o
 .ARM.attributes
                0x00000000       0x37 ..\obj\wavetable.o
 .text          0x00000000        0x0 ..\obj\midi.o
 .text          0x00000000        0x0 c:/program files (x86)/gnu tools arm embedded/4.8 2014q2/bin/../lib/gcc/arm-none-eabi/4.8.4/../../../../arm-none-eabi/lib/armv7e-m/softfp\libg.a(lib_a-malloc.o)
 .data          0x00000000        0x0 c:/program files (x86)/gnu tools arm embedded/4.8 2014q2/bin/../lib/gcc/arm-none-eabi/4.8.4/../../../../arm-none-eabi/lib/armv7e-m/softfp\libg.a(lib_a-malloc.o)
 .bss           0x00000000        0x0 c:/program files (x86)/gnu tools arm embedded/4.8 2014q2/bin/../lib/gcc/arm-none-eabi/4.8.4/../../../../arm-none-eabi/lib/armv7e-m/softfp\libg.a(lib_a-malloc.o)
 .text          0x00000000        0x0 c:/program files (x86)/gnu tools arm embedded/4.8 2014q2/bin/../lib/gcc/arm-none-eabi/4.8.4/../../../../arm-none-eabi/lib/armv7e-m/softfp\libg.a(lib_a-mallocr.o)
 .data          0x00000000        0x0 c:/program files (x86)/gnu tools arm embedded/4.8 2014q2/bin/../lib/gcc/arm-none-eabi/4.8.4/../../../../arm-none-eabi/lib/armv7e-m/softfp\libg.a(lib_a-mallocr.o)
 .bss           0x00000000        0x0 c:/program files (x86)/gnu tools arm embedded/4.8 2014q2/bin/../lib/gcc/arm-none-eabi/4.8.4/../../../../arm-none-eabi/lib/armv7e-m/softfp\libg.a(lib_a-mallocr.o)
 .data          0x00000000        0x0 c:/program files (x86)/gnu tools arm embedded/4.8 2014q2/bin/../lib/gcc/arm-none-eabi/4.8.4/../../../../arm-none-eabi/lib/armv7e-m/softfp\libg.a(lib_a-memcpy.o)
 .bss           0x00000000        0x0 c:/program files (x86)/gnu tools arm embedded/4.8 2014q2/bin/../lib/gcc/arm-none-eabi/4.8.4/../../../../arm-none-eabi/lib/armv7e-m/softfp\libg.a(lib_a-memcpy.o)
 .text          0x00000000        0x0 c:/program files (x86)/gnu tools arm embedded/4.8 2014q2/bin/../lib/gcc/arm-none-eabi/4.8.4/../../../../arm-none-eabi/lib/armv7e-m/softfp\libg.a(lib_a-memset.o)
 .data          0x00000000        0x0 c:/program files (x86)/gnu tools arm embedded/4.8 2014q2/bin/../lib/gcc/arm-none-eabi/4.8.4/../../../../arm-none-eabi/lib/armv7e-m/softfp\libg.a(lib_a-memset.o)
 .bss           0x00000000        0x0 c:/program files (x86)/gnu tools arm embedded/4.8 2014q2/bin/../lib/gcc/arm-none-eabi/4.8.4/../../../../arm-none-eabi/lib/armv7e-m/softfp\libg.a(lib_a-memset.o)
 .text          0x00000000        0x0 c:/program files (x86)/gnu tools arm embedded/4.8 2014q2/bin/../lib/gcc/arm-none-eabi/4.8.4/../../../../arm-none-eabi/lib/armv7e-m/softfp\libg.a(lib_a-mlock.o)
 .data          0x00000000        0x0 c:/program files (x86)/gnu tools arm embedded/4.8 2014q2/bin/../lib/gcc/arm-none-eabi/4.8.4/../../../../arm-none-eabi/lib/armv7e-m/softfp\libg.a(lib_a-mlock.o)
 .bss           0x00000000        0x0 c:/program files (x86)/gnu tools arm embedded/4.8 2014q2/bin/../lib/gcc/arm-none-eabi/4.8.4/../../../../arm-none-eabi/lib/armv7e-m/softfp\libg.a(lib_a-mlock.o)
 .text          0x00000000        0x0 c:/program files (x86)/gnu tools arm embedded/4.8 2014q2/bin/../lib/gcc/arm-none-eabi/4.8.4/../../../../arm-none-eabi/lib/armv7e-m/softfp\libg.a(lib_a-sbrkr.o)
 .data          0x00000000        0x0 c:/program files (x86)/gnu tools arm embedded/4.8 2014q2/bin/../lib/gcc/arm-none-eabi/4.8.4/../../../../arm-none-eabi/lib/armv7e-m/softfp\libg.a(lib_a-sbrkr.o)
 .bss           0x00000000        0x0 c:/program files (x86)/gnu tools arm embedded/4.8 2014q2/bin/../lib/gcc/arm-none-eabi/4.8.4/../../../../arm-none-eabi/lib/armv7e-m/softfp\libg.a(lib_a-sbrkr.o)
 .text          0x00000000        0x0 c:/program files (x86)/gnu tools arm embedded/4.8 2014q2/bin/../lib/gcc/arm-none-eabi/4.8.4/../../../../arm-none-eabi/lib/armv7e-m/softfp\libg.a(lib_a-freer.o)
 .data          0x00000000        0x0 c:/program files (x86)/gnu tools arm embedded/4.8 2014q2/bin/../lib/gcc/arm-none-eabi/4.8.4/../../../../arm-none-eabi/lib/armv7e-m/softfp\libg.a(lib_a-freer.o)
 .bss           0x00000000        0x0 c:/program files (x86)/gnu tools arm embedded/4.8 2014q2/bin/../lib/gcc/arm-none-eabi/4.8.4/../../../../arm-none-eabi/lib/armv7e-m/softfp\libg.a(lib_a-freer.o)
 .text          0x00000000        0x0 c:/program files (x86)/gnu tools arm embedded/4.8 2014q2/bin/../lib/gcc/arm-none-eabi/4.8.4/../../../../arm-none-eabi/lib/armv7e-m/softfp\libg.a(lib_a-reent.o)
 .data          0x00000000        0x0 c:/program files (x86)/gnu tools arm embedded/4.8 2014q2/bin/../lib/gcc/arm-none-eabi/4.8.4/../../../../arm-none-eabi/lib/armv7e-m/softfp\libg.a(lib_a-reent.o)
 .bss           0x00000000        0x0 c:/program files (x86)/gnu tools arm embedded/4.8 2014q2/bin/../lib/gcc/arm-none-eabi/4.8.4/../../../../arm-none-eabi/lib/armv7e-m/softfp\libg.a(lib_a-reent.o)
 .text.cleanup_glue
                0x00000000       0x1c c:/program files (x86)/gnu tools arm embedded/4.8 2014q2/bin/../lib/gcc/arm-none-eabi/4.8.4/../../../../arm-none-eabi/lib/armv7e-m/softfp\libg.a(lib_a-reent.o)
 .text._reclaim_reent
                0x00000000       0x90 c:/program files (x86)/gnu tools arm embedded/4.8 2014q2/bin/../lib/gcc/arm-none-eabi/4.8.4/../../../../arm-none-eabi/lib/armv7e-m/softfp\libg.a(lib_a-reent.o)

Memory Configuration

Name             Origin             Length             Attributes
rom              0x08000000         0x00100000         xr
ram              0x20000000         0x00020000         xrw
ram1             0x10000000         0x00010000         xrw
*default*        0x00000000         0xffffffff

Linker script and memory map

                0x20020000                _eram = 0x20020000

.text           0x08000000     0xa4d4
 *(.isr_vector)
 .isr_vector    0x08000000      0x188 ..\obj\startup_stm32f4xx.o
                0x08000000                g_pfnVectors
 *(.text*)
 .text.Codec_WriteRegister
                0x08000188      0x25c ..\obj\stm32f4_discovery_audio_codec.o
 .text.EVAL_AUDIO_Init
                0x080003e4      0x420 ..\obj\stm32f4_discovery_audio_codec.o
                0x080003e4                EVAL_AUDIO_Init
 .text.EVAL_AUDIO_Play
                0x08000804       0x68 ..\obj\stm32f4_discovery_audio_codec.o
                0x08000804                EVAL_AUDIO_Play
 .text.DMA1_Stream7_IRQHandler
                0x0800086c       0x50 ..\obj\stm32f4_discovery_audio_codec.o
                0x0800086c                DMA1_Stream7_IRQHandler
 .text.DMA1_Stream0_IRQHandler
                0x080008bc       0x50 ..\obj\stm32f4_discovery_audio_codec.o
                0x080008bc                DMA1_Stream0_IRQHandler
 .text.SPI3_IRQHandler
                0x0800090c       0x3c ..\obj\stm32f4_discovery_audio_codec.o
                0x0800090c                SPI3_IRQHandler
 .text.USART_Init
                0x08000948       0xc4 ..\obj\stm32f4xx_usart.o
                0x08000948                USART_Init
 .text.USART_Cmd
                0x08000a0c       0x1c ..\obj\stm32f4xx_usart.o
                0x08000a0c                USART_Cmd
 .text.USART_SendData
                0x08000a28        0x8 ..\obj\stm32f4xx_usart.o
                0x08000a28                USART_SendData
 .text.USART_DMACmd
                0x08000a30       0x14 ..\obj\stm32f4xx_usart.o
                0x08000a30                USART_DMACmd
 .text.USART_GetFlagStatus
                0x08000a44        0xc ..\obj\stm32f4xx_usart.o
                0x08000a44                USART_GetFlagStatus
 .text.DAC_Init
                0x08000a50       0x30 ..\obj\stm32f4xx_dac.o
                0x08000a50                DAC_Init
 .text.DAC_Cmd  0x08000a80       0x28 ..\obj\stm32f4xx_dac.o
                0x08000a80                DAC_Cmd
 .text.DAC_SetChannel1Data
                0x08000aa8       0x20 ..\obj\stm32f4xx_dac.o
                0x08000aa8                DAC_SetChannel1Data
 .text.add_note_last
                0x08000ac8       0x84 ..\obj\llist.o
                0x08000ac8                add_note_last
 .text.delete_note
                0x08000b4c       0xc0 ..\obj\llist.o
                0x08000b4c                delete_note
 .text.change_note_state
                0x08000c0c       0x7c ..\obj\llist.o
                0x08000c0c                change_note_state
 .text.note_exists
                0x08000c88       0x1c ..\obj\llist.o
                0x08000c88                note_exists
 .text.Default_Handler
                0x08000ca4        0x4 ..\obj\startup_stm32f4xx.o
                0x08000ca4                RTC_Alarm_IRQHandler
                0x08000ca4                HASH_RNG_IRQHandler
                0x08000ca4                EXTI2_IRQHandler
                0x08000ca4                TIM8_CC_IRQHandler
                0x08000ca4                DebugMon_Handler
                0x08000ca4                TIM1_CC_IRQHandler
                0x08000ca4                DMA2_Stream5_IRQHandler
                0x08000ca4                HardFault_Handler
                0x08000ca4                DMA1_Stream5_IRQHandler
                0x08000ca4                SysTick_Handler
                0x08000ca4                PVD_IRQHandler
                0x08000ca4                SDIO_IRQHandler
                0x08000ca4                TAMP_STAMP_IRQHandler
                0x08000ca4                PendSV_Handler
                0x08000ca4                NMI_Handler
                0x08000ca4                CAN2_RX1_IRQHandler
                0x08000ca4                EXTI3_IRQHandler
                0x08000ca4                TIM8_TRG_COM_TIM14_IRQHandler
                0x08000ca4                TIM1_UP_TIM10_IRQHandler
                0x08000ca4                TIM8_UP_TIM13_IRQHandler
                0x08000ca4                I2C3_ER_IRQHandler
                0x08000ca4                EXTI0_IRQHandler
                0x08000ca4                I2C2_EV_IRQHandler
                0x08000ca4                DMA1_Stream2_IRQHandler
                0x08000ca4                CAN1_RX0_IRQHandler
                0x08000ca4                FPU_IRQHandler
                0x08000ca4                OTG_HS_WKUP_IRQHandler
                0x08000ca4                UsageFault_Handler
                0x08000ca4                CAN2_SCE_IRQHandler
                0x08000ca4                SPI1_IRQHandler
                0x08000ca4                TIM6_DAC_IRQHandler
                0x08000ca4                TIM1_BRK_TIM9_IRQHandler
                0x08000ca4                DCMI_IRQHandler
                0x08000ca4                CAN2_RX0_IRQHandler
                0x08000ca4                DMA2_Stream3_IRQHandler
                0x08000ca4                USART6_IRQHandler
                0x08000ca4                CRYP_IRQHandler
                0x08000ca4                CAN1_RX1_IRQHandler
                0x08000ca4                UART5_IRQHandler
                0x08000ca4                DMA2_Stream0_IRQHandler
                0x08000ca4                TIM4_IRQHandler
                0x08000ca4                I2C1_EV_IRQHandler
                0x08000ca4                DMA1_Stream6_IRQHandler
                0x08000ca4                UART4_IRQHandler
                0x08000ca4                TIM3_IRQHandler
                0x08000ca4                RCC_IRQHandler
                0x08000ca4                TIM8_BRK_TIM12_IRQHandler
                0x08000ca4                EXTI15_10_IRQHandler
                0x08000ca4                ADC_IRQHandler
                0x08000ca4                TIM7_IRQHandler
                0x08000ca4                CAN2_TX_IRQHandler
                0x08000ca4                TIM5_IRQHandler
                0x08000ca4                DMA2_Stream7_IRQHandler
                0x08000ca4                I2C3_EV_IRQHandler
                0x08000ca4                EXTI9_5_IRQHandler
                0x08000ca4                RTC_WKUP_IRQHandler
                0x08000ca4                ETH_WKUP_IRQHandler
                0x08000ca4                SPI2_IRQHandler
                0x08000ca4                OTG_HS_EP1_IN_IRQHandler
                0x08000ca4                MemManage_Handler
                0x08000ca4                CAN1_TX_IRQHandler
                0x08000ca4                SVC_Handler
                0x08000ca4                EXTI4_IRQHandler
                0x08000ca4                FSMC_IRQHandler
                0x08000ca4                ETH_IRQHandler
                0x08000ca4                OTG_HS_EP1_OUT_IRQHandler
                0x08000ca4                WWDG_IRQHandler
                0x08000ca4                TIM2_IRQHandler
                0x08000ca4                OTG_FS_WKUP_IRQHandler
                0x08000ca4                TIM1_TRG_COM_TIM11_IRQHandler
                0x08000ca4                OTG_HS_IRQHandler
                0x08000ca4                EXTI1_IRQHandler
                0x08000ca4                USART2_IRQHandler
                0x08000ca4                I2C2_ER_IRQHandler
                0x08000ca4                DMA2_Stream1_IRQHandler
                0x08000ca4                CAN1_SCE_IRQHandler
                0x08000ca4                FLASH_IRQHandler
                0x08000ca4                DMA2_Stream4_IRQHandler
                0x08000ca4                BusFault_Handler
                0x08000ca4                OTG_FS_IRQHandler
                0x08000ca4                DMA1_Stream4_IRQHandler
                0x08000ca4                I2C1_ER_IRQHandler
                0x08000ca4                DMA2_Stream6_IRQHandler
                0x08000ca4                DMA1_Stream3_IRQHandler
 .text.Default_Reset_Handler
                0x08000ca8       0x60 ..\obj\startup_stm32f4xx.o
                0x08000ca8                Default_Reset_Handler
                0x08000ca8                Reset_Handler
 .text.LED_PUSH_Start
                0x08000d08       0x60 ..\obj\main.o
                0x08000d08                LED_PUSH_Start
 .text.FDTI_Start
                0x08000d68       0x80 ..\obj\main.o
                0x08000d68                FDTI_Start
 .text.startup.main
                0x08000de8      0x148 ..\obj\main.o
                0x08000de8                main
 .text.EVAL_AUDIO_TransferComplete_CallBack
                0x08000f30       0x1c ..\obj\main.o
                0x08000f30                EVAL_AUDIO_TransferComplete_CallBack
 .text.EVAL_AUDIO_HalfTransfer_CallBack
                0x08000f4c       0x1c ..\obj\main.o
                0x08000f4c                EVAL_AUDIO_HalfTransfer_CallBack
 .text.EVAL_AUDIO_GetSampleCallBack
                0x08000f68        0x4 ..\obj\main.o
                0x08000f68                EVAL_AUDIO_GetSampleCallBack
 .text.Codec_TIMEOUT_UserCallback
                0x08000f6c        0x4 ..\obj\main.o
                0x08000f6c                Codec_TIMEOUT_UserCallback
 .text.USART1_IRQHandler
                0x08000f70        0x4 ..\obj\main.o
                0x08000f70                USART1_IRQHandler
 .text.USART3_IRQHandler
                0x08000f74        0x4 ..\obj\main.o
                0x08000f74                USART3_IRQHandler
 .text.DMA1_Stream1_IRQHandler
                0x08000f78       0x24 ..\obj\main.o
                0x08000f78                DMA1_Stream1_IRQHandler
 .text.DMA2_Stream2_IRQHandler
                0x08000f9c       0x24 ..\obj\main.o
                0x08000f9c                DMA2_Stream2_IRQHandler
 .text.RCC_GetClocksFreq
                0x08000fc0       0x90 ..\obj\stm32f4xx_rcc.o
                0x08000fc0                RCC_GetClocksFreq
 .text.RCC_AHB1PeriphClockCmd
                0x08001050       0x18 ..\obj\stm32f4xx_rcc.o
                0x08001050                RCC_AHB1PeriphClockCmd
 .text.RCC_APB1PeriphClockCmd
                0x08001068       0x18 ..\obj\stm32f4xx_rcc.o
                0x08001068                RCC_APB1PeriphClockCmd
 .text.RCC_APB2PeriphClockCmd
                0x08001080       0x18 ..\obj\stm32f4xx_rcc.o
                0x08001080                RCC_APB2PeriphClockCmd
 .text.RCC_APB1PeriphResetCmd
                0x08001098       0x18 ..\obj\stm32f4xx_rcc.o
                0x08001098                RCC_APB1PeriphResetCmd
 .text.RCC_APB2PeriphResetCmd
                0x080010b0       0x18 ..\obj\stm32f4xx_rcc.o
                0x080010b0                RCC_APB2PeriphResetCmd
 .text.PARAMETERS_Start
                0x080010c8      0x12c ..\obj\parameters.o
                0x080010c8                PARAMETERS_Start
 .text.PARAMETERS_GetNbNewBytes
                0x080011f4       0x2c ..\obj\parameters.o
                0x080011f4                PARAMETERS_GetNbNewBytes
 .text.ChangeParam
                0x08001220      0x2b4 ..\obj\parameters.o
                0x08001220                ChangeParam
 .text.PARAMETERS_parser
                0x080014d4      0x1b0 ..\obj\parameters.o
                0x080014d4                PARAMETERS_parser
 .text.PutUnsignedInt
                0x08001684       0xa0 ..\obj\printf.o
                0x08001684                PutUnsignedInt
 .text.PutSignedInt
                0x08001724      0x170 ..\obj\printf.o
                0x08001724                PutSignedInt
 .text.PutHexa  0x08001894       0xb4 ..\obj\printf.o
                0x08001894                PutHexa
 .text.vsnprintf
                0x08001948      0x314 ..\obj\printf.o
                0x08001948                vsnprintf
 .text.printf   0x08001c5c       0xd0 ..\obj\printf.o
                0x08001c5c                printf
 .text.puts     0x08001d2c       0x58 ..\obj\printf.o
                0x08001d2c                puts
 .text.Make_Sound
                0x08001d84      0x84c ..\obj\synth.o
                0x08001d84                Make_Sound
 .text.GPIO_Init
                0x080025d0       0xbc ..\obj\stm32f4xx_gpio.o
                0x080025d0                GPIO_Init
 .text.GPIO_ReadInputDataBit
                0x0800268c        0xc ..\obj\stm32f4xx_gpio.o
                0x0800268c                GPIO_ReadInputDataBit
 .text.GPIO_SetBits
                0x08002698        0x4 ..\obj\stm32f4xx_gpio.o
                0x08002698                GPIO_SetBits
 .text.GPIO_ResetBits
                0x0800269c        0x4 ..\obj\stm32f4xx_gpio.o
                0x0800269c                GPIO_ResetBits
 .text.GPIO_WriteBit
                0x080026a0        0xc ..\obj\stm32f4xx_gpio.o
                0x080026a0                GPIO_WriteBit
 .text.GPIO_PinAFConfig
                0x080026ac       0x28 ..\obj\stm32f4xx_gpio.o
                0x080026ac                GPIO_PinAFConfig
 .text.SystemInit
                0x080026d4      0x120 ..\obj\system_stm32f4xx.o
                0x080026d4                SystemInit
 .text._sbrk    0x080027f4       0x1c ..\obj\syscalls.o
                0x080027f4                _sbrk
 .text.DMA_DeInit
                0x08002810      0x130 ..\obj\stm32f4xx_dma.o
                0x08002810                DMA_DeInit
 .text.DMA_Init
                0x08002940       0x70 ..\obj\stm32f4xx_dma.o
                0x08002940                DMA_Init
 .text.DMA_Cmd  0x080029b0       0x14 ..\obj\stm32f4xx_dma.o
                0x080029b0                DMA_Cmd
 .text.DMA_GetCurrDataCounter
                0x080029c4        0x8 ..\obj\stm32f4xx_dma.o
                0x080029c4                DMA_GetCurrDataCounter
 .text.DMA_GetFlagStatus
                0x080029cc       0x3c ..\obj\stm32f4xx_dma.o
                0x080029cc                DMA_GetFlagStatus
 .text.DMA_ClearFlag
                0x08002a08       0x34 ..\obj\stm32f4xx_dma.o
                0x08002a08                DMA_ClearFlag
 .text.DMA_ITConfig
                0x08002a3c       0x40 ..\obj\stm32f4xx_dma.o
                0x08002a3c                DMA_ITConfig
 .text.DMA_GetITStatus
                0x08002a7c       0x54 ..\obj\stm32f4xx_dma.o
                0x08002a7c                DMA_GetITStatus
 .text.DMA_ClearITPendingBit
                0x08002ad0       0x34 ..\obj\stm32f4xx_dma.o
                0x08002ad0                DMA_ClearITPendingBit
 .text.SPI_I2S_DeInit
                0x08002b04       0x6c ..\obj\stm32f4xx_spi.o
                0x08002b04                SPI_I2S_DeInit
 .text.I2S_Init
                0x08002b70       0xec ..\obj\stm32f4xx_spi.o
                0x08002b70                I2S_Init
 .text.I2S_Cmd  0x08002c5c       0x1c ..\obj\stm32f4xx_spi.o
                0x08002c5c                I2S_Cmd
 .text.SPI_I2S_SendData
                0x08002c78        0x4 ..\obj\stm32f4xx_spi.o
                0x08002c78                SPI_I2S_SendData
 .text.SPI_I2S_DMACmd
                0x08002c7c       0x14 ..\obj\stm32f4xx_spi.o
                0x08002c7c                SPI_I2S_DMACmd
 .text.SPI_I2S_ITConfig
                0x08002c90       0x20 ..\obj\stm32f4xx_spi.o
                0x08002c90                SPI_I2S_ITConfig
 .text.SPI_I2S_GetFlagStatus
                0x08002cb0        0xc ..\obj\stm32f4xx_spi.o
                0x08002cb0                SPI_I2S_GetFlagStatus
 .text.I2C_DeInit
                0x08002cbc       0x6c ..\obj\stm32f4xx_i2c.o
                0x08002cbc                I2C_DeInit
 .text.I2C_Init
                0x08002d28       0xe0 ..\obj\stm32f4xx_i2c.o
                0x08002d28                I2C_Init
 .text.I2C_Cmd  0x08002e08       0x1c ..\obj\stm32f4xx_i2c.o
                0x08002e08                I2C_Cmd
 .text.I2C_GenerateSTART
                0x08002e24       0x1c ..\obj\stm32f4xx_i2c.o
                0x08002e24                I2C_GenerateSTART
 .text.I2C_GenerateSTOP
                0x08002e40       0x1c ..\obj\stm32f4xx_i2c.o
                0x08002e40                I2C_GenerateSTOP
 .text.I2C_Send7bitAddress
                0x08002e5c       0x14 ..\obj\stm32f4xx_i2c.o
                0x08002e5c                I2C_Send7bitAddress
 .text.I2C_AcknowledgeConfig
                0x08002e70       0x1c ..\obj\stm32f4xx_i2c.o
                0x08002e70                I2C_AcknowledgeConfig
 .text.I2C_SendData
                0x08002e8c        0x4 ..\obj\stm32f4xx_i2c.o
                0x08002e8c                I2C_SendData
 .text.I2C_ReceiveData
                0x08002e90        0x8 ..\obj\stm32f4xx_i2c.o
                0x08002e90                I2C_ReceiveData
 .text.I2C_CheckEvent
                0x08002e98       0x18 ..\obj\stm32f4xx_i2c.o
                0x08002e98                I2C_CheckEvent
 .text.I2C_GetFlagStatus
                0x08002eb0       0x38 ..\obj\stm32f4xx_i2c.o
                0x08002eb0                I2C_GetFlagStatus
 .text.I2C_ClearFlag
                0x08002ee8        0x8 ..\obj\stm32f4xx_i2c.o
                0x08002ee8                I2C_ClearFlag
 .text.NVIC_PriorityGroupConfig
                0x08002ef0       0x14 ..\obj\misc.o
                0x08002ef0                NVIC_PriorityGroupConfig
 .text.NVIC_Init
                0x08002f04       0x78 ..\obj\misc.o
                0x08002f04                NVIC_Init
 .text.MIDI_Start
                0x08002f7c      0x124 ..\obj\midi.o
                0x08002f7c                MIDI_Start
 .text.MIDI_GetNbNewBytes
                0x080030a0       0x2c ..\obj\midi.o
                0x080030a0                MIDI_GetNbNewBytes
 .text.MIDI_parser
                0x080030cc      0x2b0 ..\obj\midi.o
                0x080030cc                MIDI_parser
 .text.malloc   0x0800337c       0x10 c:/program files (x86)/gnu tools arm embedded/4.8 2014q2/bin/../lib/gcc/arm-none-eabi/4.8.4/../../../../arm-none-eabi/lib/armv7e-m/softfp\libg.a(lib_a-malloc.o)
                0x0800337c                malloc
 .text.free     0x0800338c       0x10 c:/program files (x86)/gnu tools arm embedded/4.8 2014q2/bin/../lib/gcc/arm-none-eabi/4.8.4/../../../../arm-none-eabi/lib/armv7e-m/softfp\libg.a(lib_a-malloc.o)
                0x0800338c                free
 .text._malloc_r
                0x0800339c      0x538 c:/program files (x86)/gnu tools arm embedded/4.8 2014q2/bin/../lib/gcc/arm-none-eabi/4.8.4/../../../../arm-none-eabi/lib/armv7e-m/softfp\libg.a(lib_a-mallocr.o)
                0x0800339c                _malloc_r
 .text          0x080038d4      0x134 c:/program files (x86)/gnu tools arm embedded/4.8 2014q2/bin/../lib/gcc/arm-none-eabi/4.8.4/../../../../arm-none-eabi/lib/armv7e-m/softfp\libg.a(lib_a-memcpy.o)
                0x080038d4                memcpy
 .text.memset   0x08003a08       0x94 c:/program files (x86)/gnu tools arm embedded/4.8 2014q2/bin/../lib/gcc/arm-none-eabi/4.8.4/../../../../arm-none-eabi/lib/armv7e-m/softfp\libg.a(lib_a-memset.o)
                0x08003a08                memset
 .text.__malloc_lock
                0x08003a9c        0x4 c:/program files (x86)/gnu tools arm embedded/4.8 2014q2/bin/../lib/gcc/arm-none-eabi/4.8.4/../../../../arm-none-eabi/lib/armv7e-m/softfp\libg.a(lib_a-mlock.o)
                0x08003a9c                __malloc_lock
 .text.__malloc_unlock
                0x08003aa0        0x4 c:/program files (x86)/gnu tools arm embedded/4.8 2014q2/bin/../lib/gcc/arm-none-eabi/4.8.4/../../../../arm-none-eabi/lib/armv7e-m/softfp\libg.a(lib_a-mlock.o)
                0x08003aa0                __malloc_unlock
 .text._sbrk_r  0x08003aa4       0x24 c:/program files (x86)/gnu tools arm embedded/4.8 2014q2/bin/../lib/gcc/arm-none-eabi/4.8.4/../../../../arm-none-eabi/lib/armv7e-m/softfp\libg.a(lib_a-sbrkr.o)
                0x08003aa4                _sbrk_r
 .text._malloc_trim_r
                0x08003ac8       0x9c c:/program files (x86)/gnu tools arm embedded/4.8 2014q2/bin/../lib/gcc/arm-none-eabi/4.8.4/../../../../arm-none-eabi/lib/armv7e-m/softfp\libg.a(lib_a-freer.o)
                0x08003ac8                _malloc_trim_r
 .text._free_r  0x08003b64      0x19c c:/program files (x86)/gnu tools arm embedded/4.8 2014q2/bin/../lib/gcc/arm-none-eabi/4.8.4/../../../../arm-none-eabi/lib/armv7e-m/softfp\libg.a(lib_a-freer.o)
                0x08003b64                _free_r
 *(.init)
 *(.fini)
 *crtbegin.o(.ctors)
 *crtbegin?.o(.ctors)
 *(EXCLUDE_FILE(*crtend.o *crtend?.o) .ctors)
 *(SORT(.ctors.*))
 *(.ctors)
 *crtbegin.o(.dtors)
 *crtbegin?.o(.dtors)
 *(EXCLUDE_FILE(*crtend.o *crtend?.o) .dtors)
 *(SORT(.dtors.*))
 *(.dtors)
 *(.rodata*)
 .rodata.str1.4
                0x08003d00       0x1f ..\obj\main.o
                                 0x20 (size before relaxing)
 *fill*         0x08003d1f        0x1 
 .rodata        0x08003d20      0x600 ..\obj\parameters.o
                0x08004120                cutoff_CC
 .rodata.str1.4
                0x08004320       0x24 ..\obj\printf.o
 .rodata        0x08004344     0x6190 ..\obj\synth.o
                0x08004344                sinewave
                0x08005344                square
                0x08006344                pitch_table
                0x080064d4                triangle
                0x080074d4                sawtooth
                0x080084d4                distosine
                0x080094d4                cosinewave
 *(.eh_fram e*)

.glue_7         0x0800a4d4        0x0
 .glue_7        0x00000000        0x0 linker stubs

.glue_7t        0x0800a4d4        0x0
 .glue_7t       0x00000000        0x0 linker stubs

.vfp11_veneer   0x0800a4d4        0x0
 .vfp11_veneer  0x00000000        0x0 linker stubs

.v4_bx          0x0800a4d4        0x0
 .v4_bx         0x00000000        0x0 linker stubs

.iplt           0x0800a4d4        0x0
 .iplt          0x00000000        0x0 ..\obj\stm32f4_discovery_audio_codec.o

.rel.dyn        0x0800a4d4        0x0
 .rel.iplt      0x00000000        0x0 ..\obj\stm32f4_discovery_audio_codec.o

.ARM.extab
 *(.ARM.extab* .gnu.linkonce.armextab.*)
                0x0800a4d4                __exidx_start = .

.ARM.exidx
 *(.ARM.exidx* .gnu.linkonce.armexidx.*)
                0x0800a4d4                __exidx_end = .
                0x0800a4d4                __etext = .
                0x0800a4d4                _sidata = __etext

.data           0x20000000      0x88c load address 0x0800a4d4
                0x20000000                __data_start__ = .
                0x20000000                _sdata = __data_start__
 *(vtable)
 *(.data*)
 .data          0x20000000       0x34 ..\obj\stm32f4_discovery_audio_codec.o
                0x20000000                CODECTimeout
                0x20000004                CurrAudioInterface
                0x20000008                AUDIO_MAL_DMA_CLOCK
                0x2000000c                AUDIO_MAL_DMA_STREAM
                0x20000010                AUDIO_MAL_DMA_DREG
                0x20000014                AUDIO_MAL_DMA_IRQ
                0x20000018                AUDIO_MAL_DMA_FLAG_TC
                0x2000001c                AUDIO_MAL_DMA_FLAG_HT
                0x20000020                AUDIO_MAL_DMA_FLAG_FE
                0x20000024                AUDIO_MAL_DMA_FLAG_TE
                0x20000028                AUDIO_MAL_DMA_FLAG_DME
                0x2000002c                AudioTotalSize
                0x20000030                AudioRemSize
 .data          0x20000034       0x10 ..\obj\stm32f4xx_rcc.o
 .data          0x20000044        0x2 ..\obj\parameters.o
 *fill*         0x20000046        0x2 
 .data          0x20000048      0x430 ..\obj\printf.o
                0x20000048                _impure_ptr
                0x20000050                r
 .data          0x20000478        0x2 ..\obj\midi.o
 *fill*         0x2000047a        0x2 
 .data.__malloc_av_
                0x2000047c      0x408 c:/program files (x86)/gnu tools arm embedded/4.8 2014q2/bin/../lib/gcc/arm-none-eabi/4.8.4/../../../../arm-none-eabi/lib/armv7e-m/softfp\libg.a(lib_a-mallocr.o)
                0x2000047c                __malloc_av_
 .data.__malloc_trim_threshold
                0x20000884        0x4 c:/program files (x86)/gnu tools arm embedded/4.8 2014q2/bin/../lib/gcc/arm-none-eabi/4.8.4/../../../../arm-none-eabi/lib/armv7e-m/softfp\libg.a(lib_a-mallocr.o)
                0x20000884                __malloc_trim_threshold
 .data.__malloc_sbrk_base
                0x20000888        0x4 c:/program files (x86)/gnu tools arm embedded/4.8 2014q2/bin/../lib/gcc/arm-none-eabi/4.8.4/../../../../arm-none-eabi/lib/armv7e-m/softfp\libg.a(lib_a-mallocr.o)
                0x20000888                __malloc_sbrk_base
                0x2000088c                . = ALIGN (0x4)
                0x2000088c                PROVIDE (__preinit_array_start, .)
 *(.preinit_array)
                0x2000088c                PROVIDE (__preinit_array_end, .)
                0x2000088c                . = ALIGN (0x4)
                0x2000088c                PROVIDE (__init_array_start, .)
 *(SORT(.init_array.*))
 *(.init_array)
                0x2000088c                PROVIDE (__init_array_end, .)
                0x2000088c                . = ALIGN (0x4)
                0x2000088c                PROVIDE (__fini_array_start, .)
 *(SORT(.fini_array.*))
 *(.fini_array)
                0x2000088c                PROVIDE (__fini_array_end, .)
 *(.jcr*)
                0x2000088c                . = ALIGN (0x4)
                0x2000088c                __data_end__ = .
                0x2000088c                _edata = __data_end__

.igot.plt       0x2000088c        0x0 load address 0x0800ad60
 .igot.plt      0x00000000        0x0 ..\obj\stm32f4_discovery_audio_codec.o

.bss            0x2000088c    0x2f514 load address 0x0800ad60
                0x2000088c                . = ALIGN (0x4)
                0x2000088c                __bss_start__ = .
                0x2000088c                _sbss = __bss_start__
 *(.bss*)
 .bss           0x2000088c        0x8 ..\obj\stm32f4_discovery_audio_codec.o
                0x2000088c                AUDIO_MAL_DMA_CHANNEL
                0x20000890                OutputDev
 .bss           0x20000894        0x4 ..\obj\main.o
                0x20000894                note_list
 .bss           0x20000898       0x48 ..\obj\parameters.o
 .bss           0x200008e0       0x24 ..\obj\synth.o
                0x200008f4                out4
                0x200008f8                out3
                0x200008fc                out2
                0x20000900                out1
 .bss           0x20000904        0x4 ..\obj\syscalls.o
 .bss           0x20000908       0x48 ..\obj\midi.o
 .bss.__malloc_max_total_mem
                0x20000950        0x4 c:/program files (x86)/gnu tools arm embedded/4.8 2014q2/bin/../lib/gcc/arm-none-eabi/4.8.4/../../../../arm-none-eabi/lib/armv7e-m/softfp\libg.a(lib_a-mallocr.o)
                0x20000950                __malloc_max_total_mem
 .bss.__malloc_max_sbrked_mem
                0x20000954        0x4 c:/program files (x86)/gnu tools arm embedded/4.8 2014q2/bin/../lib/gcc/arm-none-eabi/4.8.4/../../../../arm-none-eabi/lib/armv7e-m/softfp\libg.a(lib_a-mallocr.o)
                0x20000954                __malloc_max_sbrked_mem
 .bss.__malloc_top_pad
                0x20000958        0x4 c:/program files (x86)/gnu tools arm embedded/4.8 2014q2/bin/../lib/gcc/arm-none-eabi/4.8.4/../../../../arm-none-eabi/lib/armv7e-m/softfp\libg.a(lib_a-mallocr.o)
                0x20000958                __malloc_top_pad
 .bss.__malloc_current_mallinfo
                0x2000095c       0x28 c:/program files (x86)/gnu tools arm embedded/4.8 2014q2/bin/../lib/gcc/arm-none-eabi/4.8.4/../../../../arm-none-eabi/lib/armv7e-m/softfp\libg.a(lib_a-mallocr.o)
                0x2000095c                __malloc_current_mallinfo
 *(COMMON)
 COMMON         0x20000984       0x7c ..\obj\stm32f4_discovery_audio_codec.o
                0x20000984                CurrentPos
                0x20000988                AUDIO_MAL_DMA_InitStructure
                0x200009c4                DMA_InitStructure
 COMMON         0x20000a00      0x570 ..\obj\main.o
                0x20000a00                params
                0x20000a60                new_note_event
                0x20000a64                global_pitch
                0x20000a68                trig
                0x20000a6c                audiobuff
                0x20000f6c                global_fc
 COMMON         0x20000f70       0x1e ..\obj\parameters.o
                0x20000f70                TempStr
 *fill*         0x20000f8e        0x2 
 COMMON         0x20000f90    0x2ee0c ..\obj\synth.o
                0x20000f90                f
                0x20000f94                fb
                0x20000f98                DlyBuffer
                0x2002fd98                f_square
 COMMON         0x2002fd9c        0x4 c:/program files (x86)/gnu tools arm embedded/4.8 2014q2/bin/../lib/gcc/arm-none-eabi/4.8.4/../../../../arm-none-eabi/lib/armv7e-m/softfp\libg.a(lib_a-reent.o)
                0x2002fd9c                errno
                0x2002fda0                . = ALIGN (0x4)
                0x2002fda0                __bss_end__ = .
                0x2002fda0                _ebss = __bss_end__

.heap           0x2002fda0        0x0
                0x2002fda0                __end__ = .
                0x2002fda0                _end = __end__
                0x2002fda0                end = __end__
 *(.heap*)
                0x2002fda0                __HeapLimit = .

.co_stack       0x2002fda0     0x8000 load address 0x0803a274
                0x2002fda0                . = ALIGN (0x8)
 *(.co_stack .co_stack.*)
 .co_stack      0x2002fda0     0x8000 ..\obj\startup_stm32f4xx.o
                0x2002fda0                pulStack
                0x20020000                __StackTop = (ORIGIN (ram) + 0x20000)
                0x20018000                __StackLimit = (__StackTop - SIZEOF (.co_stack))
                0x20020000                PROVIDE (__stack, __StackTop)
                0x00000000                ASSERT ((__StackLimit >= __HeapLimit), region ram  overflowed with stack)
LOAD ..\obj\stm32f4_discovery_audio_codec.o
LOAD ..\obj\stm32f4xx_usart.o
LOAD ..\obj\stm32f4xx_dac.o
LOAD ..\obj\llist.o
LOAD ..\obj\startup_stm32f4xx.o
LOAD ..\obj\main.o
LOAD ..\obj\stm32f4xx_rcc.o
LOAD ..\obj\parameters.o
LOAD ..\obj\printf.o
LOAD ..\obj\synth.o
LOAD ..\obj\stm32f4xx_gpio.o
LOAD ..\obj\system_stm32f4xx.o
LOAD ..\obj\syscalls.o
LOAD ..\obj\stm32f4xx_dma.o
LOAD ..\obj\stm32f4xx_spi.o
LOAD ..\obj\stm32f4xx_i2c.o
LOAD ..\obj\misc.o
LOAD ..\obj\wavetable.o
LOAD ..\obj\midi.o
START GROUP
LOAD c:/program files (x86)/gnu tools arm embedded/4.8 2014q2/bin/../lib/gcc/arm-none-eabi/4.8.4/armv7e-m/softfp\libgcc.a
LOAD c:/program files (x86)/gnu tools arm embedded/4.8 2014q2/bin/../lib/gcc/arm-none-eabi/4.8.4/../../../../arm-none-eabi/lib/armv7e-m/softfp\libg.a
LOAD c:/program files (x86)/gnu tools arm embedded/4.8 2014q2/bin/../lib/gcc/arm-none-eabi/4.8.4/../../../../arm-none-eabi/lib/armv7e-m/softfp\libc.a
END GROUP
OUTPUT(Murphy_v1.7.elf elf32-littlearm)

.debug_info     0x00000000     0xdccc
 .debug_info    0x00000000     0x274b ..\obj\stm32f4_discovery_audio_codec.o
 .debug_info    0x0000274b      0xb41 ..\obj\stm32f4xx_usart.o
 .debug_info    0x0000328c      0x695 ..\obj\stm32f4xx_dac.o
 .debug_info    0x00003921      0x77f ..\obj\llist.o
 .debug_info    0x000040a0      0x141 ..\obj\startup_stm32f4xx.o
 .debug_info    0x000041e1      0xe5a ..\obj\main.o
 .debug_info    0x0000503b      0xcfe ..\obj\stm32f4xx_rcc.o
 .debug_info    0x00005d39      0xe74 ..\obj\parameters.o
 .debug_info    0x00006bad     0x2312 ..\obj\printf.o
 .debug_info    0x00008ebf      0x910 ..\obj\synth.o
 .debug_info    0x000097cf      0x7d6 ..\obj\stm32f4xx_gpio.o
 .debug_info    0x00009fa5      0x5b3 ..\obj\system_stm32f4xx.o
 .debug_info    0x0000a558      0x3ed ..\obj\syscalls.o
 .debug_info    0x0000a945      0x73b ..\obj\stm32f4xx_dma.o
 .debug_info    0x0000b080      0xbc6 ..\obj\stm32f4xx_spi.o
 .debug_info    0x0000bc46      0xbc1 ..\obj\stm32f4xx_i2c.o
 .debug_info    0x0000c807      0x543 ..\obj\misc.o
 .debug_info    0x0000cd4a      0xf82 ..\obj\midi.o

.debug_abbrev   0x00000000     0x2610
 .debug_abbrev  0x00000000      0x366 ..\obj\stm32f4_discovery_audio_codec.o
 .debug_abbrev  0x00000366      0x1eb ..\obj\stm32f4xx_usart.o
 .debug_abbrev  0x00000551      0x1d0 ..\obj\stm32f4xx_dac.o
 .debug_abbrev  0x00000721      0x22e ..\obj\llist.o
 .debug_abbrev  0x0000094f      0x11c ..\obj\startup_stm32f4xx.o
 .debug_abbrev  0x00000a6b      0x2bb ..\obj\main.o
 .debug_abbrev  0x00000d26      0x27e ..\obj\stm32f4xx_rcc.o
 .debug_abbrev  0x00000fa4      0x2bb ..\obj\parameters.o
 .debug_abbrev  0x0000125f      0x41a ..\obj\printf.o
 .debug_abbrev  0x00001679      0x270 ..\obj\synth.o
 .debug_abbrev  0x000018e9      0x1f6 ..\obj\stm32f4xx_gpio.o
 .debug_abbrev  0x00001adf      0x15d ..\obj\system_stm32f4xx.o
 .debug_abbrev  0x00001c3c       0xf1 ..\obj\syscalls.o
 .debug_abbrev  0x00001d2d      0x173 ..\obj\stm32f4xx_dma.o
 .debug_abbrev  0x00001ea0      0x1e5 ..\obj\stm32f4xx_spi.o
 .debug_abbrev  0x00002085      0x1ed ..\obj\stm32f4xx_i2c.o
 .debug_abbrev  0x00002272      0x154 ..\obj\misc.o
 .debug_abbrev  0x000023c6      0x24a ..\obj\midi.o

.debug_loc      0x00000000     0x7cf9
 .debug_loc     0x00000000      0x910 ..\obj\stm32f4_discovery_audio_codec.o
 .debug_loc     0x00000910      0x75a ..\obj\stm32f4xx_usart.o
 .debug_loc     0x0000106a      0x4eb ..\obj\stm32f4xx_dac.o
 .debug_loc     0x00001555      0x3d6 ..\obj\llist.o
 .debug_loc     0x0000192b      0x151 ..\obj\main.o
 .debug_loc     0x00001a7c      0xb63 ..\obj\stm32f4xx_rcc.o
 .debug_loc     0x000025df      0x2ea ..\obj\parameters.o
 .debug_loc     0x000028c9     0x2e5f ..\obj\printf.o
 .debug_loc     0x00005728      0x935 ..\obj\synth.o
 .debug_loc     0x0000605d      0x386 ..\obj\stm32f4xx_gpio.o
 .debug_loc     0x000063e3      0x144 ..\obj\system_stm32f4xx.o
 .debug_loc     0x00006527      0x108 ..\obj\syscalls.o
 .debug_loc     0x0000662f      0x4b6 ..\obj\stm32f4xx_dma.o
 .debug_loc     0x00006ae5      0x5b0 ..\obj\stm32f4xx_spi.o
 .debug_loc     0x00007095      0x77f ..\obj\stm32f4xx_i2c.o
 .debug_loc     0x00007814      0x15d ..\obj\misc.o
 .debug_loc     0x00007971      0x388 ..\obj\midi.o

.debug_aranges  0x00000000      0x9c8
 .debug_aranges
                0x00000000       0x88 ..\obj\stm32f4_discovery_audio_codec.o
 .debug_aranges
                0x00000088      0x100 ..\obj\stm32f4xx_usart.o
 .debug_aranges
                0x00000188       0xa0 ..\obj\stm32f4xx_dac.o
 .debug_aranges
                0x00000228       0x58 ..\obj\llist.o
 .debug_aranges
                0x00000280       0x28 ..\obj\startup_stm32f4xx.o
 .debug_aranges
                0x000002a8       0x70 ..\obj\main.o
 .debug_aranges
                0x00000318      0x178 ..\obj\stm32f4xx_rcc.o
 .debug_aranges
                0x00000490       0x40 ..\obj\parameters.o
 .debug_aranges
                0x000004d0       0xa0 ..\obj\printf.o
 .debug_aranges
                0x00000570       0x28 ..\obj\synth.o
 .debug_aranges
                0x00000598       0x88 ..\obj\stm32f4xx_gpio.o
 .debug_aranges
                0x00000620       0x28 ..\obj\system_stm32f4xx.o
 .debug_aranges
                0x00000648       0x60 ..\obj\syscalls.o
 .debug_aranges
                0x000006a8       0xb0 ..\obj\stm32f4xx_dma.o
 .debug_aranges
                0x00000758       0xe0 ..\obj\stm32f4xx_spi.o
 .debug_aranges
                0x00000838      0x120 ..\obj\stm32f4xx_i2c.o
 .debug_aranges
                0x00000958       0x40 ..\obj\misc.o
 .debug_aranges
                0x00000998       0x30 ..\obj\midi.o

.debug_ranges   0x00000000     0x10b8
 .debug_ranges  0x00000000      0x288 ..\obj\stm32f4_discovery_audio_codec.o
 .debug_ranges  0x00000288       0xf0 ..\obj\stm32f4xx_usart.o
 .debug_ranges  0x00000378       0x90 ..\obj\stm32f4xx_dac.o
 .debug_ranges  0x00000408       0x98 ..\obj\llist.o
 .debug_ranges  0x000004a0       0x18 ..\obj\startup_stm32f4xx.o
 .debug_ranges  0x000004b8       0x60 ..\obj\main.o
 .debug_ranges  0x00000518      0x180 ..\obj\stm32f4xx_rcc.o
 .debug_ranges  0x00000698       0x60 ..\obj\parameters.o
 .debug_ranges  0x000006f8      0x590 ..\obj\printf.o
 .debug_ranges  0x00000c88       0x30 ..\obj\synth.o
 .debug_ranges  0x00000cb8       0x78 ..\obj\stm32f4xx_gpio.o
 .debug_ranges  0x00000d30       0x30 ..\obj\system_stm32f4xx.o
 .debug_ranges  0x00000d60       0x50 ..\obj\syscalls.o
 .debug_ranges  0x00000db0       0xa0 ..\obj\stm32f4xx_dma.o
 .debug_ranges  0x00000e50       0xd0 ..\obj\stm32f4xx_spi.o
 .debug_ranges  0x00000f20      0x110 ..\obj\stm32f4xx_i2c.o
 .debug_ranges  0x00001030       0x30 ..\obj\misc.o
 .debug_ranges  0x00001060       0x58 ..\obj\midi.o

.debug_line     0x00000000     0x4c7d
 .debug_line    0x00000000      0x77e ..\obj\stm32f4_discovery_audio_codec.o
 .debug_line    0x0000077e      0x54d ..\obj\stm32f4xx_usart.o
 .debug_line    0x00000ccb      0x3cb ..\obj\stm32f4xx_dac.o
 .debug_line    0x00001096      0x385 ..\obj\llist.o
 .debug_line    0x0000141b       0xa5 ..\obj\startup_stm32f4xx.o
 .debug_line    0x000014c0      0x432 ..\obj\main.o
 .debug_line    0x000018f2      0x5e5 ..\obj\stm32f4xx_rcc.o
 .debug_line    0x00001ed7      0x42d ..\obj\parameters.o
 .debug_line    0x00002304      0x83d ..\obj\printf.o
 .debug_line    0x00002b41      0x43b ..\obj\synth.o
 .debug_line    0x00002f7c      0x3d6 ..\obj\stm32f4xx_gpio.o
 .debug_line    0x00003352      0x212 ..\obj\system_stm32f4xx.o
 .debug_line    0x00003564      0x170 ..\obj\syscalls.o
 .debug_line    0x000036d4      0x493 ..\obj\stm32f4xx_dma.o
 .debug_line    0x00003b67      0x502 ..\obj\stm32f4xx_spi.o
 .debug_line    0x00004069      0x56d ..\obj\stm32f4xx_i2c.o
 .debug_line    0x000045d6      0x298 ..\obj\misc.o
 .debug_line    0x0000486e      0x40f ..\obj\midi.o

.debug_str      0x00000000     0x38c1
 .debug_str     0x00000000     0x1268 ..\obj\stm32f4_discovery_audio_codec.o
                               0x1325 (size before relaxing)
 .debug_str     0x00001268      0x4ef ..\obj\stm32f4xx_usart.o
                                0x700 (size before relaxing)
 .debug_str     0x00001757      0x221 ..\obj\stm32f4xx_dac.o
                                0x49b (size before relaxing)
 .debug_str     0x00001978      0x2fc ..\obj\llist.o
                                0x49b (size before relaxing)
 .debug_str     0x00001c74       0xd3 ..\obj\startup_stm32f4xx.o
                                0x18f (size before relaxing)
 .debug_str     0x00001d47      0x227 ..\obj\main.o
                                0x9dd (size before relaxing)
 .debug_str     0x00001f6e      0x567 ..\obj\stm32f4xx_rcc.o
                                0x881 (size before relaxing)
 .debug_str     0x000024d5      0x111 ..\obj\parameters.o
                                0xe84 (size before relaxing)
 .debug_str     0x000025e6      0x4c3 ..\obj\printf.o
                                0x78e (size before relaxing)
 .debug_str     0x00002aa9      0x171 ..\obj\synth.o
                                0x603 (size before relaxing)
 .debug_str     0x00002c1a      0x127 ..\obj\stm32f4xx_gpio.o
                                0x4fb (size before relaxing)
 .debug_str     0x00002d41      0x119 ..\obj\system_stm32f4xx.o
                                0x3db (size before relaxing)
 .debug_str     0x00002e5a      0x14a ..\obj\syscalls.o
                                0x313 (size before relaxing)
 .debug_str     0x00002fa4      0x1e7 ..\obj\stm32f4xx_dma.o
                                0x573 (size before relaxing)
 .debug_str     0x0000318b      0x2bd ..\obj\stm32f4xx_spi.o
                                0x6e9 (size before relaxing)
 .debug_str     0x00003448      0x297 ..\obj\stm32f4xx_i2c.o
                                0x6bf (size before relaxing)
 .debug_str     0x000036df      0x14a ..\obj\misc.o
                                0x3ff (size before relaxing)
 .debug_str     0x00003829       0x98 ..\obj\midi.o
                                0xf44 (size before relaxing)

.comment        0x00000000       0x70
 .comment       0x00000000       0x70 ..\obj\stm32f4_discovery_audio_codec.o
                                 0x71 (size before relaxing)
 .comment       0x00000000       0x71 ..\obj\stm32f4xx_usart.o
 .comment       0x00000000       0x71 ..\obj\stm32f4xx_dac.o
 .comment       0x00000000       0x71 ..\obj\llist.o
 .comment       0x00000000       0x71 ..\obj\startup_stm32f4xx.o
 .comment       0x00000000       0x71 ..\obj\main.o
 .comment       0x00000000       0x71 ..\obj\stm32f4xx_rcc.o
 .comment       0x00000000       0x71 ..\obj\parameters.o
 .comment       0x00000000       0x71 ..\obj\printf.o
 .comment       0x00000000       0x71 ..\obj\synth.o
 .comment       0x00000000       0x71 ..\obj\stm32f4xx_gpio.o
 .comment       0x00000000       0x71 ..\obj\system_stm32f4xx.o
 .comment       0x00000000       0x71 ..\obj\syscalls.o
 .comment       0x00000000       0x71 ..\obj\stm32f4xx_dma.o
 .comment       0x00000000       0x71 ..\obj\stm32f4xx_spi.o
 .comment       0x00000000       0x71 ..\obj\stm32f4xx_i2c.o
 .comment       0x00000000       0x71 ..\obj\misc.o
 .comment       0x00000000       0x71 ..\obj\midi.o

.ARM.attributes
                0x00000000       0x35
 .ARM.attributes
                0x00000000       0x37 ..\obj\stm32f4_discovery_audio_codec.o
 .ARM.attributes
                0x00000037       0x37 ..\obj\stm32f4xx_usart.o
 .ARM.attributes
                0x0000006e       0x37 ..\obj\stm32f4xx_dac.o
 .ARM.attributes
                0x000000a5       0x37 ..\obj\llist.o
 .ARM.attributes
                0x000000dc       0x37 ..\obj\startup_stm32f4xx.o
 .ARM.attributes
                0x00000113       0x37 ..\obj\main.o
 .ARM.attributes
                0x0000014a       0x37 ..\obj\stm32f4xx_rcc.o
 .ARM.attributes
                0x00000181       0x37 ..\obj\parameters.o
 .ARM.attributes
                0x000001b8       0x37 ..\obj\printf.o
 .ARM.attributes
                0x000001ef       0x37 ..\obj\synth.o
 .ARM.attributes
                0x00000226       0x37 ..\obj\stm32f4xx_gpio.o
 .ARM.attributes
                0x0000025d       0x37 ..\obj\system_stm32f4xx.o
 .ARM.attributes
                0x00000294       0x37 ..\obj\syscalls.o
 .ARM.attributes
                0x000002cb       0x37 ..\obj\stm32f4xx_dma.o
 .ARM.attributes
                0x00000302       0x37 ..\obj\stm32f4xx_spi.o
 .ARM.attributes
                0x00000339       0x37 ..\obj\stm32f4xx_i2c.o
 .ARM.attributes
                0x00000370       0x37 ..\obj\misc.o
 .ARM.attributes
                0x000003a7       0x37 ..\obj\midi.o
 .ARM.attributes
                0x000003de       0x32 c:/program files (x86)/gnu tools arm embedded/4.8 2014q2/bin/../lib/gcc/arm-none-eabi/4.8.4/../../../../arm-none-eabi/lib/armv7e-m/softfp\libg.a(lib_a-malloc.o)
 .ARM.attributes
                0x00000410       0x32 c:/program files (x86)/gnu tools arm embedded/4.8 2014q2/bin/../lib/gcc/arm-none-eabi/4.8.4/../../../../arm-none-eabi/lib/armv7e-m/softfp\libg.a(lib_a-mallocr.o)
 .ARM.attributes
                0x00000442       0x20 c:/program files (x86)/gnu tools arm embedded/4.8 2014q2/bin/../lib/gcc/arm-none-eabi/4.8.4/../../../../arm-none-eabi/lib/armv7e-m/softfp\libg.a(lib_a-memcpy.o)
 .ARM.attributes
                0x00000462       0x32 c:/program files (x86)/gnu tools arm embedded/4.8 2014q2/bin/../lib/gcc/arm-none-eabi/4.8.4/../../../../arm-none-eabi/lib/armv7e-m/softfp\libg.a(lib_a-memset.o)
 .ARM.attributes
                0x00000494       0x32 c:/program files (x86)/gnu tools arm embedded/4.8 2014q2/bin/../lib/gcc/arm-none-eabi/4.8.4/../../../../arm-none-eabi/lib/armv7e-m/softfp\libg.a(lib_a-mlock.o)
 .ARM.attributes
                0x000004c6       0x32 c:/program files (x86)/gnu tools arm embedded/4.8 2014q2/bin/../lib/gcc/arm-none-eabi/4.8.4/../../../../arm-none-eabi/lib/armv7e-m/softfp\libg.a(lib_a-sbrkr.o)
 .ARM.attributes
                0x000004f8       0x32 c:/program files (x86)/gnu tools arm embedded/4.8 2014q2/bin/../lib/gcc/arm-none-eabi/4.8.4/../../../../arm-none-eabi/lib/armv7e-m/softfp\libg.a(lib_a-freer.o)
 .ARM.attributes
                0x0000052a       0x32 c:/program files (x86)/gnu tools arm embedded/4.8 2014q2/bin/../lib/gcc/arm-none-eabi/4.8.4/../../../../arm-none-eabi/lib/armv7e-m/softfp\libg.a(lib_a-reent.o)

.debug_frame    0x00000000     0x1724
 .debug_frame   0x00000000      0x194 ..\obj\stm32f4_discovery_audio_codec.o
 .debug_frame   0x00000194      0x210 ..\obj\stm32f4xx_usart.o
 .debug_frame   0x000003a4      0x140 ..\obj\stm32f4xx_dac.o
 .debug_frame   0x000004e4       0xd0 ..\obj\llist.o
 .debug_frame   0x000005b4       0x38 ..\obj\startup_stm32f4xx.o
 .debug_frame   0x000005ec      0x11c ..\obj\main.o
 .debug_frame   0x00000708      0x2e4 ..\obj\stm32f4xx_rcc.o
 .debug_frame   0x000009ec       0xa0 ..\obj\parameters.o
 .debug_frame   0x00000a8c      0x230 ..\obj\printf.o
 .debug_frame   0x00000cbc       0x68 ..\obj\synth.o
 .debug_frame   0x00000d24      0x118 ..\obj\stm32f4xx_gpio.o
 .debug_frame   0x00000e3c       0x34 ..\obj\system_stm32f4xx.o
 .debug_frame   0x00000e70       0xa0 ..\obj\syscalls.o
 .debug_frame   0x00000f10      0x180 ..\obj\stm32f4xx_dma.o
 .debug_frame   0x00001090      0x1e0 ..\obj\stm32f4xx_spi.o
 .debug_frame   0x00001270      0x248 ..\obj\stm32f4xx_i2c.o
 .debug_frame   0x000014b8       0x6c ..\obj\misc.o
 .debug_frame   0x00001524       0x78 ..\obj\midi.o
 .debug_frame   0x0000159c       0x30 c:/program files (x86)/gnu tools arm embedded/4.8 2014q2/bin/../lib/gcc/arm-none-eabi/4.8.4/../../../../arm-none-eabi/lib/armv7e-m/softfp\libg.a(lib_a-malloc.o)
 .debug_frame   0x000015cc       0x38 c:/program files (x86)/gnu tools arm embedded/4.8 2014q2/bin/../lib/gcc/arm-none-eabi/4.8.4/../../../../arm-none-eabi/lib/armv7e-m/softfp\libg.a(lib_a-mallocr.o)
 .debug_frame   0x00001604       0x2c c:/program files (x86)/gnu tools arm embedded/4.8 2014q2/bin/../lib/gcc/arm-none-eabi/4.8.4/../../../../arm-none-eabi/lib/armv7e-m/softfp\libg.a(lib_a-memset.o)
 .debug_frame   0x00001630       0x30 c:/program files (x86)/gnu tools arm embedded/4.8 2014q2/bin/../lib/gcc/arm-none-eabi/4.8.4/../../../../arm-none-eabi/lib/armv7e-m/softfp\libg.a(lib_a-mlock.o)
 .debug_frame   0x00001660       0x2c c:/program files (x86)/gnu tools arm embedded/4.8 2014q2/bin/../lib/gcc/arm-none-eabi/4.8.4/../../../../arm-none-eabi/lib/armv7e-m/softfp\libg.a(lib_a-sbrkr.o)
 .debug_frame   0x0000168c       0x50 c:/program files (x86)/gnu tools arm embedded/4.8 2014q2/bin/../lib/gcc/arm-none-eabi/4.8.4/../../../../arm-none-eabi/lib/armv7e-m/softfp\libg.a(lib_a-freer.o)
 .debug_frame   0x000016dc       0x48 c:/program files (x86)/gnu tools arm embedded/4.8 2014q2/bin/../lib/gcc/arm-none-eabi/4.8.4/../../../../arm-none-eabi/lib/armv7e-m/softfp\libg.a(lib_a-reent.o)
