Archive member included because of file (symbol)

c:/program files (x86)/gnu tools arm embedded/4.8 2014q2/bin/../lib/gcc/arm-none-eabi/4.8.4/../../../../arm-none-eabi/lib/armv7e-m/softfp\libg.a(lib_a-malloc.o)
                              ..\obj\llist.o (malloc)
c:/program files (x86)/gnu tools arm embedded/4.8 2014q2/bin/../lib/gcc/arm-none-eabi/4.8.4/../../../../arm-none-eabi/lib/armv7e-m/softfp\libg.a(lib_a-mallocr.o)
                              c:/program files (x86)/gnu tools arm embedded/4.8 2014q2/bin/../lib/gcc/arm-none-eabi/4.8.4/../../../../arm-none-eabi/lib/armv7e-m/softfp\libg.a(lib_a-malloc.o) (_malloc_r)
c:/program files (x86)/gnu tools arm embedded/4.8 2014q2/bin/../lib/gcc/arm-none-eabi/4.8.4/../../../../arm-none-eabi/lib/armv7e-m/softfp\libg.a(lib_a-memcpy.o)
                              ..\obj\startup_stm32f4xx.o (memcpy)
c:/program files (x86)/gnu tools arm embedded/4.8 2014q2/bin/../lib/gcc/arm-none-eabi/4.8.4/../../../../arm-none-eabi/lib/armv7e-m/softfp\libg.a(lib_a-memset.o)
                              ..\obj\printf.o (memset)
c:/program files (x86)/gnu tools arm embedded/4.8 2014q2/bin/../lib/gcc/arm-none-eabi/4.8.4/../../../../arm-none-eabi/lib/armv7e-m/softfp\libg.a(lib_a-mlock.o)
                              c:/program files (x86)/gnu tools arm embedded/4.8 2014q2/bin/../lib/gcc/arm-none-eabi/4.8.4/../../../../arm-none-eabi/lib/armv7e-m/softfp\libg.a(lib_a-mallocr.o) (__malloc_lock)
c:/program files (x86)/gnu tools arm embedded/4.8 2014q2/bin/../lib/gcc/arm-none-eabi/4.8.4/../../../../arm-none-eabi/lib/armv7e-m/softfp\libg.a(lib_a-sbrkr.o)
                              c:/program files (x86)/gnu tools arm embedded/4.8 2014q2/bin/../lib/gcc/arm-none-eabi/4.8.4/../../../../arm-none-eabi/lib/armv7e-m/softfp\libg.a(lib_a-mallocr.o) (_sbrk_r)
c:/program files (x86)/gnu tools arm embedded/4.8 2014q2/bin/../lib/gcc/arm-none-eabi/4.8.4/../../../../arm-none-eabi/lib/armv7e-m/softfp\libg.a(lib_a-freer.o)
                              c:/program files (x86)/gnu tools arm embedded/4.8 2014q2/bin/../lib/gcc/arm-none-eabi/4.8.4/../../../../arm-none-eabi/lib/armv7e-m/softfp\libg.a(lib_a-malloc.o) (_free_r)
c:/program files (x86)/gnu tools arm embedded/4.8 2014q2/bin/../lib/gcc/arm-none-eabi/4.8.4/../../../../arm-none-eabi/lib/armv7e-m/softfp\libg.a(lib_a-reent.o)
                              c:/program files (x86)/gnu tools arm embedded/4.8 2014q2/bin/../lib/gcc/arm-none-eabi/4.8.4/../../../../arm-none-eabi/lib/armv7e-m/softfp\libg.a(lib_a-sbrkr.o) (errno)

Allocating common symbols
Common symbol       size              file

CurrentPos          0x4               ..\obj\stm32f4_discovery_audio_codec.o
params              0x6c              ..\obj\main.o
TempStr             0x1e              ..\obj\parameters.o
new_note_event      0x1               ..\obj\main.o
f                   0x4               ..\obj\synth.o
errno               0x4               c:/program files (x86)/gnu tools arm embedded/4.8 2014q2/bin/../lib/gcc/arm-none-eabi/4.8.4/../../../../arm-none-eabi/lib/armv7e-m/softfp\libg.a(lib_a-reent.o)
global_pitch        0x4               ..\obj\main.o
trig                0x1               ..\obj\main.o
fb                  0x4               ..\obj\synth.o
audiobuff           0x500             ..\obj\main.o
AUDIO_MAL_DMA_InitStructure
                    0x3c              ..\obj\stm32f4_discovery_audio_codec.o
f_square            0x4               ..\obj\synth.o
global_fc           0x4               ..\obj\main.o
DMA_InitStructure   0x3c              ..\obj\stm32f4_discovery_audio_codec.o

Discarded input sections

 .text          0x00000000        0x0 ..\obj\stm32f4_discovery_audio_codec.o
 .text.EVAL_AUDIO_SetAudioInterface
                0x00000000       0xa8 ..\obj\stm32f4_discovery_audio_codec.o
 .text.EVAL_AUDIO_DeInit
                0x00000000       0xe4 ..\obj\stm32f4_discovery_audio_codec.o
 .text.EVAL_AUDIO_PauseResume
                0x00000000       0x98 ..\obj\stm32f4_discovery_audio_codec.o
 .text.EVAL_AUDIO_Stop
                0x00000000       0x78 ..\obj\stm32f4_discovery_audio_codec.o
 .text.EVAL_AUDIO_VolumeCtl
                0x00000000       0x44 ..\obj\stm32f4_discovery_audio_codec.o
 .text.EVAL_AUDIO_Mute
                0x00000000       0x1c ..\obj\stm32f4_discovery_audio_codec.o
 .text.Audio_MAL_Play
                0x00000000       0x3c ..\obj\stm32f4_discovery_audio_codec.o
 .text.DAC_Config
                0x00000000       0x50 ..\obj\stm32f4_discovery_audio_codec.o
 .text          0x00000000        0x0 ..\obj\stm32f4xx_usart.o
 .data          0x00000000        0x0 ..\obj\stm32f4xx_usart.o
 .bss           0x00000000        0x0 ..\obj\stm32f4xx_usart.o
 .text.USART_DeInit
                0x00000000       0xc8 ..\obj\stm32f4xx_usart.o
 .text.USART_StructInit
                0x00000000       0x18 ..\obj\stm32f4xx_usart.o
 .text.USART_ClockInit
                0x00000000       0x24 ..\obj\stm32f4xx_usart.o
 .text.USART_ClockStructInit
                0x00000000        0xc ..\obj\stm32f4xx_usart.o
 .text.USART_SetPrescaler
                0x00000000       0x14 ..\obj\stm32f4xx_usart.o
 .text.USART_OverSampling8Cmd
                0x00000000       0x1c ..\obj\stm32f4xx_usart.o
 .text.USART_OneBitMethodCmd
                0x00000000       0x1c ..\obj\stm32f4xx_usart.o
 .text.USART_ReceiveData
                0x00000000        0x8 ..\obj\stm32f4xx_usart.o
 .text.USART_SetAddress
                0x00000000       0x18 ..\obj\stm32f4xx_usart.o
 .text.USART_ReceiverWakeUpCmd
                0x00000000       0x1c ..\obj\stm32f4xx_usart.o
 .text.USART_WakeUpConfig
                0x00000000       0x18 ..\obj\stm32f4xx_usart.o
 .text.USART_LINBreakDetectLengthConfig
                0x00000000       0x18 ..\obj\stm32f4xx_usart.o
 .text.USART_LINCmd
                0x00000000       0x1c ..\obj\stm32f4xx_usart.o
 .text.USART_SendBreak
                0x00000000        0xc ..\obj\stm32f4xx_usart.o
 .text.USART_HalfDuplexCmd
                0x00000000       0x1c ..\obj\stm32f4xx_usart.o
 .text.USART_SetGuardTime
                0x00000000       0x14 ..\obj\stm32f4xx_usart.o
 .text.USART_SmartCardCmd
                0x00000000       0x1c ..\obj\stm32f4xx_usart.o
 .text.USART_SmartCardNACKCmd
                0x00000000       0x1c ..\obj\stm32f4xx_usart.o
 .text.USART_IrDAConfig
                0x00000000       0x18 ..\obj\stm32f4xx_usart.o
 .text.USART_IrDACmd
                0x00000000       0x1c ..\obj\stm32f4xx_usart.o
 .text.USART_ITConfig
                0x00000000       0x3c ..\obj\stm32f4xx_usart.o
 .text.USART_ClearFlag
                0x00000000        0x8 ..\obj\stm32f4xx_usart.o
 .text.USART_GetITStatus
                0x00000000       0x4c ..\obj\stm32f4xx_usart.o
 .text.USART_ClearITPendingBit
                0x00000000       0x10 ..\obj\stm32f4xx_usart.o
 .text          0x00000000        0x0 ..\obj\stm32f4xx_dac.o
 .data          0x00000000        0x0 ..\obj\stm32f4xx_dac.o
 .bss           0x00000000        0x0 ..\obj\stm32f4xx_dac.o
 .text.DAC_DeInit
                0x00000000       0x1c ..\obj\stm32f4xx_dac.o
 .text.DAC_StructInit
                0x00000000        0xc ..\obj\stm32f4xx_dac.o
 .text.DAC_SoftwareTriggerCmd
                0x00000000       0x28 ..\obj\stm32f4xx_dac.o
 .text.DAC_DualSoftwareTriggerCmd
                0x00000000       0x1c ..\obj\stm32f4xx_dac.o
 .text.DAC_WaveGenerationCmd
                0x00000000       0x20 ..\obj\stm32f4xx_dac.o
 .text.DAC_SetChannel2Data
                0x00000000       0x20 ..\obj\stm32f4xx_dac.o
 .text.DAC_SetDualChannelData
                0x00000000       0x18 ..\obj\stm32f4xx_dac.o
 .text.DAC_GetDataOutputValue
                0x00000000       0x24 ..\obj\stm32f4xx_dac.o
 .text.DAC_DMACmd
                0x00000000       0x2c ..\obj\stm32f4xx_dac.o
 .text.DAC_ITConfig
                0x00000000       0x20 ..\obj\stm32f4xx_dac.o
 .text.DAC_GetFlagStatus
                0x00000000       0x14 ..\obj\stm32f4xx_dac.o
 .text.DAC_ClearFlag
                0x00000000        0xc ..\obj\stm32f4xx_dac.o
 .text.DAC_GetITStatus
                0x00000000       0x1c ..\obj\stm32f4xx_dac.o
 .text.DAC_ClearITPendingBit
                0x00000000        0xc ..\obj\stm32f4xx_dac.o
 .text          0x00000000        0x0 ..\obj\llist.o
 .data          0x00000000        0x0 ..\obj\llist.o
 .bss           0x00000000        0x0 ..\obj\llist.o
 .text.add_note_first
                0x00000000       0x70 ..\obj\llist.o
 .text.delete_note_ret
                0x00000000       0x2c ..\obj\llist.o
 .text.get_last_note
                0x00000000       0x10 ..\obj\llist.o
 .text.print_all_note
                0x00000000       0x24 ..\obj\llist.o
 .rodata.str1.4
                0x00000000       0x1c ..\obj\llist.o
 .text          0x00000000        0x0 ..\obj\startup_stm32f4xx.o
 .data          0x00000000        0x0 ..\obj\startup_stm32f4xx.o
 .bss           0x00000000        0x0 ..\obj\startup_stm32f4xx.o
 .text          0x00000000        0x0 ..\obj\main.o
 .data          0x00000000        0x0 ..\obj\main.o
 .text          0x00000000        0x0 ..\obj\stm32f4xx_rcc.o
 .bss           0x00000000        0x0 ..\obj\stm32f4xx_rcc.o
 .text.RCC_DeInit
                0x00000000       0x34 ..\obj\stm32f4xx_rcc.o
 .text.RCC_HSEConfig
                0x00000000       0x10 ..\obj\stm32f4xx_rcc.o
 .text.RCC_WaitForHSEStartUp
                0x00000000       0x38 ..\obj\stm32f4xx_rcc.o
 .text.RCC_AdjustHSICalibrationValue
                0x00000000       0x14 ..\obj\stm32f4xx_rcc.o
 .text.RCC_HSICmd
                0x00000000        0xc ..\obj\stm32f4xx_rcc.o
 .text.RCC_LSEConfig
                0x00000000       0x20 ..\obj\stm32f4xx_rcc.o
 .text.RCC_LSICmd
                0x00000000        0xc ..\obj\stm32f4xx_rcc.o
 .text.RCC_PLLConfig
                0x00000000       0x24 ..\obj\stm32f4xx_rcc.o
 .text.RCC_PLLCmd
                0x00000000        0xc ..\obj\stm32f4xx_rcc.o
 .text.RCC_PLLI2SConfig
                0x00000000       0x14 ..\obj\stm32f4xx_rcc.o
 .text.RCC_PLLI2SCmd
                0x00000000        0xc ..\obj\stm32f4xx_rcc.o
 .text.RCC_ClockSecuritySystemCmd
                0x00000000        0xc ..\obj\stm32f4xx_rcc.o
 .text.RCC_MCO1Config
                0x00000000       0x14 ..\obj\stm32f4xx_rcc.o
 .text.RCC_MCO2Config
                0x00000000       0x14 ..\obj\stm32f4xx_rcc.o
 .text.RCC_SYSCLKConfig
                0x00000000       0x14 ..\obj\stm32f4xx_rcc.o
 .text.RCC_GetSYSCLKSource
                0x00000000       0x10 ..\obj\stm32f4xx_rcc.o
 .text.RCC_HCLKConfig
                0x00000000       0x14 ..\obj\stm32f4xx_rcc.o
 .text.RCC_PCLK1Config
                0x00000000       0x14 ..\obj\stm32f4xx_rcc.o
 .text.RCC_PCLK2Config
                0x00000000       0x14 ..\obj\stm32f4xx_rcc.o
 .text.RCC_RTCCLKConfig
                0x00000000       0x30 ..\obj\stm32f4xx_rcc.o
 .text.RCC_RTCCLKCmd
                0x00000000        0xc ..\obj\stm32f4xx_rcc.o
 .text.RCC_BackupResetCmd
                0x00000000        0xc ..\obj\stm32f4xx_rcc.o
 .text.RCC_I2SCLKConfig
                0x00000000        0xc ..\obj\stm32f4xx_rcc.o
 .text.RCC_AHB2PeriphClockCmd
                0x00000000       0x18 ..\obj\stm32f4xx_rcc.o
 .text.RCC_AHB3PeriphClockCmd
                0x00000000       0x18 ..\obj\stm32f4xx_rcc.o
 .text.RCC_AHB1PeriphResetCmd
                0x00000000       0x18 ..\obj\stm32f4xx_rcc.o
 .text.RCC_AHB2PeriphResetCmd
                0x00000000       0x18 ..\obj\stm32f4xx_rcc.o
 .text.RCC_AHB3PeriphResetCmd
                0x00000000       0x18 ..\obj\stm32f4xx_rcc.o
 .text.RCC_AHB1PeriphClockLPModeCmd
                0x00000000       0x18 ..\obj\stm32f4xx_rcc.o
 .text.RCC_AHB2PeriphClockLPModeCmd
                0x00000000       0x18 ..\obj\stm32f4xx_rcc.o
 .text.RCC_AHB3PeriphClockLPModeCmd
                0x00000000       0x18 ..\obj\stm32f4xx_rcc.o
 .text.RCC_APB1PeriphClockLPModeCmd
                0x00000000       0x18 ..\obj\stm32f4xx_rcc.o
 .text.RCC_APB2PeriphClockLPModeCmd
                0x00000000       0x18 ..\obj\stm32f4xx_rcc.o
 .text.RCC_ITConfig
                0x00000000       0x18 ..\obj\stm32f4xx_rcc.o
 .text.RCC_GetFlagStatus
                0x00000000       0x34 ..\obj\stm32f4xx_rcc.o
 .text.RCC_ClearFlag
                0x00000000       0x10 ..\obj\stm32f4xx_rcc.o
 .text.RCC_GetITStatus
                0x00000000       0x14 ..\obj\stm32f4xx_rcc.o
 .text.RCC_ClearITPendingBit
                0x00000000        0xc ..\obj\stm32f4xx_rcc.o
 .text          0x00000000        0x0 ..\obj\parameters.o
 .text.decdec   0x00000000       0x34 ..\obj\parameters.o
 .text          0x00000000        0x0 ..\obj\printf.o
 .bss           0x00000000        0x0 ..\obj\printf.o
 .text.PrintChar
                0x00000000       0x20 ..\obj\printf.o
 .text.PutChar  0x00000000        0x8 ..\obj\printf.o
 .text.PutString
                0x00000000       0x1c ..\obj\printf.o
 .text.snprintf
                0x00000000       0x1c ..\obj\printf.o
 .text.vsprintf
                0x00000000        0xc ..\obj\printf.o
 .text.vfprintf
                0x00000000       0xc4 ..\obj\printf.o
 .text.vprintf  0x00000000       0xc4 ..\obj\printf.o
 .text.fprintf  0x00000000       0xd0 ..\obj\printf.o
 .text.sprintf  0x00000000       0x20 ..\obj\printf.o
 .text.fputc    0x00000000       0x3c ..\obj\printf.o
 .text.fputs    0x00000000       0x58 ..\obj\printf.o
 .text          0x00000000        0x0 ..\obj\synth.o
 .data          0x00000000        0x0 ..\obj\synth.o
 .text          0x00000000        0x0 ..\obj\stm32f4xx_gpio.o
 .data          0x00000000        0x0 ..\obj\stm32f4xx_gpio.o
 .bss           0x00000000        0x0 ..\obj\stm32f4xx_gpio.o
 .text.GPIO_DeInit
                0x00000000      0x118 ..\obj\stm32f4xx_gpio.o
 .text.GPIO_StructInit
                0x00000000       0x14 ..\obj\stm32f4xx_gpio.o
 .text.GPIO_PinLockConfig
                0x00000000       0x24 ..\obj\stm32f4xx_gpio.o
 .text.GPIO_ReadInputData
                0x00000000        0x8 ..\obj\stm32f4xx_gpio.o
 .text.GPIO_ReadOutputDataBit
                0x00000000        0xc ..\obj\stm32f4xx_gpio.o
 .text.GPIO_ReadOutputData
                0x00000000        0x8 ..\obj\stm32f4xx_gpio.o
 .text.GPIO_Write
                0x00000000        0x4 ..\obj\stm32f4xx_gpio.o
 .text.GPIO_ToggleBits
                0x00000000        0x8 ..\obj\stm32f4xx_gpio.o
 .text          0x00000000        0x0 ..\obj\system_stm32f4xx.o
 .data          0x00000000       0x14 ..\obj\system_stm32f4xx.o
 .bss           0x00000000        0x0 ..\obj\system_stm32f4xx.o
 .text.SystemCoreClockUpdate
                0x00000000       0x68 ..\obj\system_stm32f4xx.o
 .text          0x00000000        0x0 ..\obj\syscalls.o
 .data          0x00000000        0x0 ..\obj\syscalls.o
 .text.link     0x00000000        0x8 ..\obj\syscalls.o
 .text._close   0x00000000        0x8 ..\obj\syscalls.o
 .text._fstat   0x00000000        0xc ..\obj\syscalls.o
 .text._isatty  0x00000000        0x4 ..\obj\syscalls.o
 .text._lseek   0x00000000        0x4 ..\obj\syscalls.o
 .text._read    0x00000000        0x4 ..\obj\syscalls.o
 .text._write   0x00000000        0x4 ..\obj\syscalls.o
 .text.abort    0x00000000        0x4 ..\obj\syscalls.o
 .text          0x00000000        0x0 ..\obj\stm32f4xx_dma.o
 .data          0x00000000        0x0 ..\obj\stm32f4xx_dma.o
 .bss           0x00000000        0x0 ..\obj\stm32f4xx_dma.o
 .text.DMA_StructInit
                0x00000000       0x24 ..\obj\stm32f4xx_dma.o
 .text.DMA_PeriphIncOffsetSizeConfig
                0x00000000       0x14 ..\obj\stm32f4xx_dma.o
 .text.DMA_FlowControllerConfig
                0x00000000       0x14 ..\obj\stm32f4xx_dma.o
 .text.DMA_SetCurrDataCounter
                0x00000000        0x4 ..\obj\stm32f4xx_dma.o
 .text.DMA_DoubleBufferModeConfig
                0x00000000       0x18 ..\obj\stm32f4xx_dma.o
 .text.DMA_DoubleBufferModeCmd
                0x00000000       0x14 ..\obj\stm32f4xx_dma.o
 .text.DMA_MemoryTargetConfig
                0x00000000        0xc ..\obj\stm32f4xx_dma.o
 .text.DMA_GetCurrentMemoryTarget
                0x00000000        0x8 ..\obj\stm32f4xx_dma.o
 .text.DMA_GetCmdStatus
                0x00000000        0x8 ..\obj\stm32f4xx_dma.o
 .text.DMA_GetFIFOStatus
                0x00000000        0x8 ..\obj\stm32f4xx_dma.o
 .text          0x00000000        0x0 ..\obj\stm32f4xx_spi.o
 .data          0x00000000        0x0 ..\obj\stm32f4xx_spi.o
 .bss           0x00000000        0x0 ..\obj\stm32f4xx_spi.o
 .text.SPI_Init
                0x00000000       0x54 ..\obj\stm32f4xx_spi.o
 .text.SPI_StructInit
                0x00000000       0x18 ..\obj\stm32f4xx_spi.o
 .text.I2S_StructInit
                0x00000000       0x10 ..\obj\stm32f4xx_spi.o
 .text.SPI_Cmd  0x00000000       0x1c ..\obj\stm32f4xx_spi.o
 .text.SPI_DataSizeConfig
                0x00000000       0x18 ..\obj\stm32f4xx_spi.o
 .text.SPI_BiDirectionalLineConfig
                0x00000000       0x20 ..\obj\stm32f4xx_spi.o
 .text.SPI_NSSInternalSoftwareConfig
                0x00000000       0x20 ..\obj\stm32f4xx_spi.o
 .text.SPI_SSOutputCmd
                0x00000000       0x1c ..\obj\stm32f4xx_spi.o
 .text.SPI_TIModeCmd
                0x00000000       0x1c ..\obj\stm32f4xx_spi.o
 .text.I2S_FullDuplexConfig
                0x00000000       0x48 ..\obj\stm32f4xx_spi.o
 .text.SPI_I2S_ReceiveData
                0x00000000        0x8 ..\obj\stm32f4xx_spi.o
 .text.SPI_CalculateCRC
                0x00000000       0x1c ..\obj\stm32f4xx_spi.o
 .text.SPI_TransmitCRC
                0x00000000        0xc ..\obj\stm32f4xx_spi.o
 .text.SPI_GetCRC
                0x00000000        0xc ..\obj\stm32f4xx_spi.o
 .text.SPI_GetCRCPolynomial
                0x00000000        0x8 ..\obj\stm32f4xx_spi.o
 .text.SPI_I2S_ClearFlag
                0x00000000        0x8 ..\obj\stm32f4xx_spi.o
 .text.SPI_I2S_GetITStatus
                0x00000000       0x2c ..\obj\stm32f4xx_spi.o
 .text.SPI_I2S_ClearITPendingBit
                0x00000000       0x14 ..\obj\stm32f4xx_spi.o
 .text          0x00000000        0x0 ..\obj\stm32f4xx_i2c.o
 .data          0x00000000        0x0 ..\obj\stm32f4xx_i2c.o
 .bss           0x00000000        0x0 ..\obj\stm32f4xx_i2c.o
 .text.I2C_StructInit
                0x00000000       0x24 ..\obj\stm32f4xx_i2c.o
 .text.I2C_OwnAddress2Config
                0x00000000       0x14 ..\obj\stm32f4xx_i2c.o
 .text.I2C_DualAddressCmd
                0x00000000       0x1c ..\obj\stm32f4xx_i2c.o
 .text.I2C_GeneralCallCmd
                0x00000000       0x1c ..\obj\stm32f4xx_i2c.o
 .text.I2C_SoftwareResetCmd
                0x00000000       0x1c ..\obj\stm32f4xx_i2c.o
 .text.I2C_StretchClockCmd
                0x00000000       0x1c ..\obj\stm32f4xx_i2c.o
 .text.I2C_FastModeDutyCycleConfig
                0x00000000       0x20 ..\obj\stm32f4xx_i2c.o
 .text.I2C_NACKPositionConfig
                0x00000000       0x20 ..\obj\stm32f4xx_i2c.o
 .text.I2C_SMBusAlertConfig
                0x00000000       0x20 ..\obj\stm32f4xx_i2c.o
 .text.I2C_ARPCmd
                0x00000000       0x1c ..\obj\stm32f4xx_i2c.o
 .text.I2C_TransmitPEC
                0x00000000       0x1c ..\obj\stm32f4xx_i2c.o
 .text.I2C_PECPositionConfig
                0x00000000       0x20 ..\obj\stm32f4xx_i2c.o
 .text.I2C_CalculatePEC
                0x00000000       0x1c ..\obj\stm32f4xx_i2c.o
 .text.I2C_GetPEC
                0x00000000        0x8 ..\obj\stm32f4xx_i2c.o
 .text.I2C_DMACmd
                0x00000000       0x1c ..\obj\stm32f4xx_i2c.o
 .text.I2C_DMALastTransferCmd
                0x00000000       0x1c ..\obj\stm32f4xx_i2c.o
 .text.I2C_ReadRegister
                0x00000000       0x18 ..\obj\stm32f4xx_i2c.o
 .text.I2C_ITConfig
                0x00000000       0x14 ..\obj\stm32f4xx_i2c.o
 .text.I2C_GetLastEvent
                0x00000000       0x10 ..\obj\stm32f4xx_i2c.o
 .text.I2C_GetITStatus
                0x00000000       0x1c ..\obj\stm32f4xx_i2c.o
 .text.I2C_ClearITPendingBit
                0x00000000        0x8 ..\obj\stm32f4xx_i2c.o
 .text          0x00000000        0x0 ..\obj\misc.o
 .data          0x00000000        0x0 ..\obj\misc.o
 .bss           0x00000000        0x0 ..\obj\misc.o
 .text.NVIC_SetVectorTable
                0x00000000       0x14 ..\obj\misc.o
 .text.NVIC_SystemLPConfig
                0x00000000       0x18 ..\obj\misc.o
 .text.SysTick_CLKSourceConfig
                0x00000000       0x18 ..\obj\misc.o
 .text          0x00000000        0x0 ..\obj\wavetable.o
 .data          0x00000000        0x0 ..\obj\wavetable.o
 .bss           0x00000000        0x0 ..\obj\wavetable.o
 .debug_info    0x00000000       0x8e ..\obj\wavetable.o
 .debug_abbrev  0x00000000       0x49 ..\obj\wavetable.o
 .debug_aranges
                0x00000000       0x18 ..\obj\wavetable.o
 .debug_line    0x00000000      0x12b ..\obj\wavetable.o
 .debug_str     0x00000000      0x183 ..\obj\wavetable.o
 .comment       0x00000000       0x71 ..\obj\wavetable.o
 .ARM.attributes
                0x00000000       0x37 ..\obj\wavetable.o
 .text          0x00000000        0x0 ..\obj\midi.o
 .text          0x00000000        0x0 c:/program files (x86)/gnu tools arm embedded/4.8 2014q2/bin/../lib/gcc/arm-none-eabi/4.8.4/../../../../arm-none-eabi/lib/armv7e-m/softfp\libg.a(lib_a-malloc.o)
 .data          0x00000000        0x0 c:/program files (x86)/gnu tools arm embedded/4.8 2014q2/bin/../lib/gcc/arm-none-eabi/4.8.4/../../../../arm-none-eabi/lib/armv7e-m/softfp\libg.a(lib_a-malloc.o)
 .bss           0x00000000        0x0 c:/program files (x86)/gnu tools arm embedded/4.8 2014q2/bin/../lib/gcc/arm-none-eabi/4.8.4/../../../../arm-none-eabi/lib/armv7e-m/softfp\libg.a(lib_a-malloc.o)
 .text          0x00000000        0x0 c:/program files (x86)/gnu tools arm embedded/4.8 2014q2/bin/../lib/gcc/arm-none-eabi/4.8.4/../../../../arm-none-eabi/lib/armv7e-m/softfp\libg.a(lib_a-mallocr.o)
 .data          0x00000000        0x0 c:/program files (x86)/gnu tools arm embedded/4.8 2014q2/bin/../lib/gcc/arm-none-eabi/4.8.4/../../../../arm-none-eabi/lib/armv7e-m/softfp\libg.a(lib_a-mallocr.o)
 .bss           0x00000000        0x0 c:/program files (x86)/gnu tools arm embedded/4.8 2014q2/bin/../lib/gcc/arm-none-eabi/4.8.4/../../../../arm-none-eabi/lib/armv7e-m/softfp\libg.a(lib_a-mallocr.o)
 .data          0x00000000        0x0 c:/program files (x86)/gnu tools arm embedded/4.8 2014q2/bin/../lib/gcc/arm-none-eabi/4.8.4/../../../../arm-none-eabi/lib/armv7e-m/softfp\libg.a(lib_a-memcpy.o)
 .bss           0x00000000        0x0 c:/program files (x86)/gnu tools arm embedded/4.8 2014q2/bin/../lib/gcc/arm-none-eabi/4.8.4/../../../../arm-none-eabi/lib/armv7e-m/softfp\libg.a(lib_a-memcpy.o)
 .text          0x00000000        0x0 c:/program files (x86)/gnu tools arm embedded/4.8 2014q2/bin/../lib/gcc/arm-none-eabi/4.8.4/../../../../arm-none-eabi/lib/armv7e-m/softfp\libg.a(lib_a-memset.o)
 .data          0x00000000        0x0 c:/program files (x86)/gnu tools arm embedded/4.8 2014q2/bin/../lib/gcc/arm-none-eabi/4.8.4/../../../../arm-none-eabi/lib/armv7e-m/softfp\libg.a(lib_a-memset.o)
 .bss           0x00000000        0x0 c:/program files (x86)/gnu tools arm embedded/4.8 2014q2/bin/../lib/gcc/arm-none-eabi/4.8.4/../../../../arm-none-eabi/lib/armv7e-m/softfp\libg.a(lib_a-memset.o)
 .text          0x00000000        0x0 c:/program files (x86)/gnu tools arm embedded/4.8 2014q2/bin/../lib/gcc/arm-none-eabi/4.8.4/../../../../arm-none-eabi/lib/armv7e-m/softfp\libg.a(lib_a-mlock.o)
 .data          0x00000000        0x0 c:/program files (x86)/gnu tools arm embedded/4.8 2014q2/bin/../lib/gcc/arm-none-eabi/4.8.4/../../../../arm-none-eabi/lib/armv7e-m/softfp\libg.a(lib_a-mlock.o)
 .bss           0x00000000        0x0 c:/program files (x86)/gnu tools arm embedded/4.8 2014q2/bin/../lib/gcc/arm-none-eabi/4.8.4/../../../../arm-none-eabi/lib/armv7e-m/softfp\libg.a(lib_a-mlock.o)
 .text          0x00000000        0x0 c:/program files (x86)/gnu tools arm embedded/4.8 2014q2/bin/../lib/gcc/arm-none-eabi/4.8.4/../../../../arm-none-eabi/lib/armv7e-m/softfp\libg.a(lib_a-sbrkr.o)
 .data          0x00000000        0x0 c:/program files (x86)/gnu tools arm embedded/4.8 2014q2/bin/../lib/gcc/arm-none-eabi/4.8.4/../../../../arm-none-eabi/lib/armv7e-m/softfp\libg.a(lib_a-sbrkr.o)
 .bss           0x00000000        0x0 c:/program files (x86)/gnu tools arm embedded/4.8 2014q2/bin/../lib/gcc/arm-none-eabi/4.8.4/../../../../arm-none-eabi/lib/armv7e-m/softfp\libg.a(lib_a-sbrkr.o)
 .text          0x00000000        0x0 c:/program files (x86)/gnu tools arm embedded/4.8 2014q2/bin/../lib/gcc/arm-none-eabi/4.8.4/../../../../arm-none-eabi/lib/armv7e-m/softfp\libg.a(lib_a-freer.o)
 .data          0x00000000        0x0 c:/program files (x86)/gnu tools arm embedded/4.8 2014q2/bin/../lib/gcc/arm-none-eabi/4.8.4/../../../../arm-none-eabi/lib/armv7e-m/softfp\libg.a(lib_a-freer.o)
 .bss           0x00000000        0x0 c:/program files (x86)/gnu tools arm embedded/4.8 2014q2/bin/../lib/gcc/arm-none-eabi/4.8.4/../../../../arm-none-eabi/lib/armv7e-m/softfp\libg.a(lib_a-freer.o)
 .text          0x00000000        0x0 c:/program files (x86)/gnu tools arm embedded/4.8 2014q2/bin/../lib/gcc/arm-none-eabi/4.8.4/../../../../arm-none-eabi/lib/armv7e-m/softfp\libg.a(lib_a-reent.o)
 .data          0x00000000        0x0 c:/program files (x86)/gnu tools arm embedded/4.8 2014q2/bin/../lib/gcc/arm-none-eabi/4.8.4/../../../../arm-none-eabi/lib/armv7e-m/softfp\libg.a(lib_a-reent.o)
 .bss           0x00000000        0x0 c:/program files (x86)/gnu tools arm embedded/4.8 2014q2/bin/../lib/gcc/arm-none-eabi/4.8.4/../../../../arm-none-eabi/lib/armv7e-m/softfp\libg.a(lib_a-reent.o)
 .text.cleanup_glue
                0x00000000       0x1c c:/program files (x86)/gnu tools arm embedded/4.8 2014q2/bin/../lib/gcc/arm-none-eabi/4.8.4/../../../../arm-none-eabi/lib/armv7e-m/softfp\libg.a(lib_a-reent.o)
 .text._reclaim_reent
                0x00000000       0x90 c:/program files (x86)/gnu tools arm embedded/4.8 2014q2/bin/../lib/gcc/arm-none-eabi/4.8.4/../../../../arm-none-eabi/lib/armv7e-m/softfp\libg.a(lib_a-reent.o)

Memory Configuration

Name             Origin             Length             Attributes
rom              0x08000000         0x00100000         xr
ram              0x20000000         0x00020000         xrw
ram1             0x10000000         0x00010000         xrw
*default*        0x00000000         0xffffffff

Linker script and memory map

                0x20020000                _eram = 0x20020000

.text           0x08000000     0xa460
 *(.isr_vector)
 .isr_vector    0x08000000      0x188 ..\obj\startup_stm32f4xx.o
                0x08000000                g_pfnVectors
 *(.text*)
 .text.Codec_WriteRegister
                0x08000188      0x25c ..\obj\stm32f4_discovery_audio_codec.o
 .text.EVAL_AUDIO_Init
                0x080003e4      0x420 ..\obj\stm32f4_discovery_audio_codec.o
                0x080003e4                EVAL_AUDIO_Init
 .text.EVAL_AUDIO_Play
                0x08000804       0x68 ..\obj\stm32f4_discovery_audio_codec.o
                0x08000804                EVAL_AUDIO_Play
 .text.DMA1_Stream7_IRQHandler
                0x0800086c       0x50 ..\obj\stm32f4_discovery_audio_codec.o
                0x0800086c                DMA1_Stream7_IRQHandler
 .text.DMA1_Stream0_IRQHandler
                0x080008bc       0x50 ..\obj\stm32f4_discovery_audio_codec.o
                0x080008bc                DMA1_Stream0_IRQHandler
 .text.SPI3_IRQHandler
                0x0800090c       0x3c ..\obj\stm32f4_discovery_audio_codec.o
                0x0800090c                SPI3_IRQHandler
 .text.USART_Init
                0x08000948       0xc4 ..\obj\stm32f4xx_usart.o
                0x08000948                USART_Init
 .text.USART_Cmd
                0x08000a0c       0x1c ..\obj\stm32f4xx_usart.o
                0x08000a0c                USART_Cmd
 .text.USART_SendData
                0x08000a28        0x8 ..\obj\stm32f4xx_usart.o
                0x08000a28                USART_SendData
 .text.USART_DMACmd
                0x08000a30       0x14 ..\obj\stm32f4xx_usart.o
                0x08000a30                USART_DMACmd
 .text.USART_GetFlagStatus
                0x08000a44        0xc ..\obj\stm32f4xx_usart.o
                0x08000a44                USART_GetFlagStatus
 .text.DAC_Init
                0x08000a50       0x30 ..\obj\stm32f4xx_dac.o
                0x08000a50                DAC_Init
 .text.DAC_Cmd  0x08000a80       0x28 ..\obj\stm32f4xx_dac.o
                0x08000a80                DAC_Cmd
 .text.DAC_SetChannel1Data
                0x08000aa8       0x20 ..\obj\stm32f4xx_dac.o
                0x08000aa8                DAC_SetChannel1Data
 .text.add_note_last
                0x08000ac8       0x84 ..\obj\llist.o
                0x08000ac8                add_note_last
 .text.delete_note
                0x08000b4c       0xc0 ..\obj\llist.o
                0x08000b4c                delete_note
 .text.change_note_state
                0x08000c0c       0x7c ..\obj\llist.o
                0x08000c0c                change_note_state
 .text.note_exists
                0x08000c88       0x1c ..\obj\llist.o
                0x08000c88                note_exists
 .text.Default_Handler
                0x08000ca4        0x4 ..\obj\startup_stm32f4xx.o
                0x08000ca4                RTC_Alarm_IRQHandler
                0x08000ca4                HASH_RNG_IRQHandler
                0x08000ca4                EXTI2_IRQHandler
                0x08000ca4                TIM8_CC_IRQHandler
                0x08000ca4                DebugMon_Handler
                0x08000ca4                TIM1_CC_IRQHandler
                0x08000ca4                DMA2_Stream5_IRQHandler
                0x08000ca4                HardFault_Handler
                0x08000ca4                DMA1_Stream5_IRQHandler
                0x08000ca4                SysTick_Handler
                0x08000ca4                PVD_IRQHandler
                0x08000ca4                SDIO_IRQHandler
                0x08000ca4                TAMP_STAMP_IRQHandler
                0x08000ca4                PendSV_Handler
                0x08000ca4                NMI_Handler
                0x08000ca4                CAN2_RX1_IRQHandler
                0x08000ca4                EXTI3_IRQHandler
                0x08000ca4                TIM8_TRG_COM_TIM14_IRQHandler
                0x08000ca4                TIM1_UP_TIM10_IRQHandler
                0x08000ca4                TIM8_UP_TIM13_IRQHandler
                0x08000ca4                I2C3_ER_IRQHandler
                0x08000ca4                EXTI0_IRQHandler
                0x08000ca4                I2C2_EV_IRQHandler
                0x08000ca4                DMA1_Stream2_IRQHandler
                0x08000ca4                CAN1_RX0_IRQHandler
                0x08000ca4                FPU_IRQHandler
                0x08000ca4                OTG_HS_WKUP_IRQHandler
                0x08000ca4                UsageFault_Handler
                0x08000ca4                CAN2_SCE_IRQHandler
                0x08000ca4                SPI1_IRQHandler
                0x08000ca4                TIM6_DAC_IRQHandler
                0x08000ca4                TIM1_BRK_TIM9_IRQHandler
                0x08000ca4                DCMI_IRQHandler
                0x08000ca4                CAN2_RX0_IRQHandler
                0x08000ca4                DMA2_Stream3_IRQHandler
                0x08000ca4                USART6_IRQHandler
                0x08000ca4                CRYP_IRQHandler
                0x08000ca4                CAN1_RX1_IRQHandler
                0x08000ca4                UART5_IRQHandler
                0x08000ca4                DMA2_Stream0_IRQHandler
                0x08000ca4                TIM4_IRQHandler
                0x08000ca4                I2C1_EV_IRQHandler
                0x08000ca4                DMA1_Stream6_IRQHandler
                0x08000ca4                UART4_IRQHandler
                0x08000ca4                TIM3_IRQHandler
                0x08000ca4                RCC_IRQHandler
                0x08000ca4                TIM8_BRK_TIM12_IRQHandler
                0x08000ca4                EXTI15_10_IRQHandler
                0x08000ca4                ADC_IRQHandler
                0x08000ca4                TIM7_IRQHandler
                0x08000ca4                CAN2_TX_IRQHandler
                0x08000ca4                TIM5_IRQHandler
                0x08000ca4                DMA2_Stream7_IRQHandler
                0x08000ca4                I2C3_EV_IRQHandler
                0x08000ca4                EXTI9_5_IRQHandler
                0x08000ca4                RTC_WKUP_IRQHandler
                0x08000ca4                ETH_WKUP_IRQHandler
                0x08000ca4                SPI2_IRQHandler
                0x08000ca4                OTG_HS_EP1_IN_IRQHandler
                0x08000ca4                MemManage_Handler
                0x08000ca4                CAN1_TX_IRQHandler
                0x08000ca4                SVC_Handler
                0x08000ca4                EXTI4_IRQHandler
                0x08000ca4                FSMC_IRQHandler
                0x08000ca4                ETH_IRQHandler
                0x08000ca4                OTG_HS_EP1_OUT_IRQHandler
                0x08000ca4                WWDG_IRQHandler
                0x08000ca4                TIM2_IRQHandler
                0x08000ca4                OTG_FS_WKUP_IRQHandler
                0x08000ca4                TIM1_TRG_COM_TIM11_IRQHandler
                0x08000ca4                OTG_HS_IRQHandler
                0x08000ca4                EXTI1_IRQHandler
                0x08000ca4                USART2_IRQHandler
                0x08000ca4                I2C2_ER_IRQHandler
                0x08000ca4                DMA2_Stream1_IRQHandler
                0x08000ca4                CAN1_SCE_IRQHandler
                0x08000ca4                FLASH_IRQHandler
                0x08000ca4                DMA2_Stream4_IRQHandler
                0x08000ca4                BusFault_Handler
                0x08000ca4                OTG_FS_IRQHandler
                0x08000ca4                DMA1_Stream4_IRQHandler
                0x08000ca4                I2C1_ER_IRQHandler
                0x08000ca4                DMA2_Stream6_IRQHandler
                0x08000ca4                DMA1_Stream3_IRQHandler
 .text.Default_Reset_Handler
                0x08000ca8       0x60 ..\obj\startup_stm32f4xx.o
                0x08000ca8                Default_Reset_Handler
                0x08000ca8                Reset_Handler
 .text.LED_PUSH_Start
                0x08000d08       0x60 ..\obj\main.o
                0x08000d08                LED_PUSH_Start
 .text.FDTI_Start
                0x08000d68       0x80 ..\obj\main.o
                0x08000d68                FDTI_Start
 .text.startup.main
                0x08000de8      0x148 ..\obj\main.o
                0x08000de8                main
 .text.EVAL_AUDIO_TransferComplete_CallBack
                0x08000f30       0x1c ..\obj\main.o
                0x08000f30                EVAL_AUDIO_TransferComplete_CallBack
 .text.EVAL_AUDIO_HalfTransfer_CallBack
                0x08000f4c       0x1c ..\obj\main.o
                0x08000f4c                EVAL_AUDIO_HalfTransfer_CallBack
 .text.EVAL_AUDIO_GetSampleCallBack
                0x08000f68        0x4 ..\obj\main.o
                0x08000f68                EVAL_AUDIO_GetSampleCallBack
 .text.Codec_TIMEOUT_UserCallback
                0x08000f6c        0x4 ..\obj\main.o
                0x08000f6c                Codec_TIMEOUT_UserCallback
 .text.USART1_IRQHandler
                0x08000f70        0x4 ..\obj\main.o
                0x08000f70                USART1_IRQHandler
 .text.USART3_IRQHandler
                0x08000f74        0x4 ..\obj\main.o
                0x08000f74                USART3_IRQHandler
 .text.DMA1_Stream1_IRQHandler
                0x08000f78       0x24 ..\obj\main.o
                0x08000f78                DMA1_Stream1_IRQHandler
 .text.DMA2_Stream2_IRQHandler
                0x08000f9c       0x24 ..\obj\main.o
                0x08000f9c                DMA2_Stream2_IRQHandler
 .text.RCC_GetClocksFreq
                0x08000fc0       0x90 ..\obj\stm32f4xx_rcc.o
                0x08000fc0                RCC_GetClocksFreq
 .text.RCC_AHB1PeriphClockCmd
                0x08001050       0x18 ..\obj\stm32f4xx_rcc.o
                0x08001050                RCC_AHB1PeriphClockCmd
 .text.RCC_APB1PeriphClockCmd
                0x08001068       0x18 ..\obj\stm32f4xx_rcc.o
                0x08001068                RCC_APB1PeriphClockCmd
 .text.RCC_APB2PeriphClockCmd
                0x08001080       0x18 ..\obj\stm32f4xx_rcc.o
                0x08001080                RCC_APB2PeriphClockCmd
 .text.RCC_APB1PeriphResetCmd
                0x08001098       0x18 ..\obj\stm32f4xx_rcc.o
                0x08001098                RCC_APB1PeriphResetCmd
 .text.RCC_APB2PeriphResetCmd
                0x080010b0       0x18 ..\obj\stm32f4xx_rcc.o
                0x080010b0                RCC_APB2PeriphResetCmd
 .text.PARAMETERS_Start
                0x080010c8      0x12c ..\obj\parameters.o
                0x080010c8                PARAMETERS_Start
 .text.PARAMETERS_GetNbNewBytes
                0x080011f4       0x2c ..\obj\parameters.o
                0x080011f4                PARAMETERS_GetNbNewBytes
 .text.ChangeParam
                0x08001220      0x2d4 ..\obj\parameters.o
                0x08001220                ChangeParam
 .text.PARAMETERS_parser
                0x080014f4      0x1b0 ..\obj\parameters.o
                0x080014f4                PARAMETERS_parser
 .text.PutUnsignedInt
                0x080016a4       0xa0 ..\obj\printf.o
                0x080016a4                PutUnsignedInt
 .text.PutSignedInt
                0x08001744      0x170 ..\obj\printf.o
                0x08001744                PutSignedInt
 .text.PutHexa  0x080018b4       0xb4 ..\obj\printf.o
                0x080018b4                PutHexa
 .text.vsnprintf
                0x08001968      0x314 ..\obj\printf.o
                0x08001968                vsnprintf
 .text.printf   0x08001c7c       0xd0 ..\obj\printf.o
                0x08001c7c                printf
 .text.puts     0x08001d4c       0x58 ..\obj\printf.o
                0x08001d4c                puts
 .text.Make_Sound
                0x08001da4      0x7b8 ..\obj\synth.o
                0x08001da4                Make_Sound
 .text.GPIO_Init
                0x0800255c       0xbc ..\obj\stm32f4xx_gpio.o
                0x0800255c                GPIO_Init
 .text.GPIO_ReadInputDataBit
                0x08002618        0xc ..\obj\stm32f4xx_gpio.o
                0x08002618                GPIO_ReadInputDataBit
 .text.GPIO_SetBits
                0x08002624        0x4 ..\obj\stm32f4xx_gpio.o
                0x08002624                GPIO_SetBits
 .text.GPIO_ResetBits
                0x08002628        0x4 ..\obj\stm32f4xx_gpio.o
                0x08002628                GPIO_ResetBits
 .text.GPIO_WriteBit
                0x0800262c        0xc ..\obj\stm32f4xx_gpio.o
                0x0800262c                GPIO_WriteBit
 .text.GPIO_PinAFConfig
                0x08002638       0x28 ..\obj\stm32f4xx_gpio.o
                0x08002638                GPIO_PinAFConfig
 .text.SystemInit
                0x08002660      0x120 ..\obj\system_stm32f4xx.o
                0x08002660                SystemInit
 .text._sbrk    0x08002780       0x1c ..\obj\syscalls.o
                0x08002780                _sbrk
 .text.DMA_DeInit
                0x0800279c      0x130 ..\obj\stm32f4xx_dma.o
                0x0800279c                DMA_DeInit
 .text.DMA_Init
                0x080028cc       0x70 ..\obj\stm32f4xx_dma.o
                0x080028cc                DMA_Init
 .text.DMA_Cmd  0x0800293c       0x14 ..\obj\stm32f4xx_dma.o
                0x0800293c                DMA_Cmd
 .text.DMA_GetCurrDataCounter
                0x08002950        0x8 ..\obj\stm32f4xx_dma.o
                0x08002950                DMA_GetCurrDataCounter
 .text.DMA_GetFlagStatus
                0x08002958       0x3c ..\obj\stm32f4xx_dma.o
                0x08002958                DMA_GetFlagStatus
 .text.DMA_ClearFlag
                0x08002994       0x34 ..\obj\stm32f4xx_dma.o
                0x08002994                DMA_ClearFlag
 .text.DMA_ITConfig
                0x080029c8       0x40 ..\obj\stm32f4xx_dma.o
                0x080029c8                DMA_ITConfig
 .text.DMA_GetITStatus
                0x08002a08       0x54 ..\obj\stm32f4xx_dma.o
                0x08002a08                DMA_GetITStatus
 .text.DMA_ClearITPendingBit
                0x08002a5c       0x34 ..\obj\stm32f4xx_dma.o
                0x08002a5c                DMA_ClearITPendingBit
 .text.SPI_I2S_DeInit
                0x08002a90       0x6c ..\obj\stm32f4xx_spi.o
                0x08002a90                SPI_I2S_DeInit
 .text.I2S_Init
                0x08002afc       0xec ..\obj\stm32f4xx_spi.o
                0x08002afc                I2S_Init
 .text.I2S_Cmd  0x08002be8       0x1c ..\obj\stm32f4xx_spi.o
                0x08002be8                I2S_Cmd
 .text.SPI_I2S_SendData
                0x08002c04        0x4 ..\obj\stm32f4xx_spi.o
                0x08002c04                SPI_I2S_SendData
 .text.SPI_I2S_DMACmd
                0x08002c08       0x14 ..\obj\stm32f4xx_spi.o
                0x08002c08                SPI_I2S_DMACmd
 .text.SPI_I2S_ITConfig
                0x08002c1c       0x20 ..\obj\stm32f4xx_spi.o
                0x08002c1c                SPI_I2S_ITConfig
 .text.SPI_I2S_GetFlagStatus
                0x08002c3c        0xc ..\obj\stm32f4xx_spi.o
                0x08002c3c                SPI_I2S_GetFlagStatus
 .text.I2C_DeInit
                0x08002c48       0x6c ..\obj\stm32f4xx_i2c.o
                0x08002c48                I2C_DeInit
 .text.I2C_Init
                0x08002cb4       0xe0 ..\obj\stm32f4xx_i2c.o
                0x08002cb4                I2C_Init
 .text.I2C_Cmd  0x08002d94       0x1c ..\obj\stm32f4xx_i2c.o
                0x08002d94                I2C_Cmd
 .text.I2C_GenerateSTART
                0x08002db0       0x1c ..\obj\stm32f4xx_i2c.o
                0x08002db0                I2C_GenerateSTART
 .text.I2C_GenerateSTOP
                0x08002dcc       0x1c ..\obj\stm32f4xx_i2c.o
                0x08002dcc                I2C_GenerateSTOP
 .text.I2C_Send7bitAddress
                0x08002de8       0x14 ..\obj\stm32f4xx_i2c.o
                0x08002de8                I2C_Send7bitAddress
 .text.I2C_AcknowledgeConfig
                0x08002dfc       0x1c ..\obj\stm32f4xx_i2c.o
                0x08002dfc                I2C_AcknowledgeConfig
 .text.I2C_SendData
                0x08002e18        0x4 ..\obj\stm32f4xx_i2c.o
                0x08002e18                I2C_SendData
 .text.I2C_ReceiveData
                0x08002e1c        0x8 ..\obj\stm32f4xx_i2c.o
                0x08002e1c                I2C_ReceiveData
 .text.I2C_CheckEvent
                0x08002e24       0x18 ..\obj\stm32f4xx_i2c.o
                0x08002e24                I2C_CheckEvent
 .text.I2C_GetFlagStatus
                0x08002e3c       0x38 ..\obj\stm32f4xx_i2c.o
                0x08002e3c                I2C_GetFlagStatus
 .text.I2C_ClearFlag
                0x08002e74        0x8 ..\obj\stm32f4xx_i2c.o
                0x08002e74                I2C_ClearFlag
 .text.NVIC_PriorityGroupConfig
                0x08002e7c       0x14 ..\obj\misc.o
                0x08002e7c                NVIC_PriorityGroupConfig
 .text.NVIC_Init
                0x08002e90       0x78 ..\obj\misc.o
                0x08002e90                NVIC_Init
 .text.MIDI_Start
                0x08002f08      0x124 ..\obj\midi.o
                0x08002f08                MIDI_Start
 .text.MIDI_GetNbNewBytes
                0x0800302c       0x2c ..\obj\midi.o
                0x0800302c                MIDI_GetNbNewBytes
 .text.MIDI_parser
                0x08003058      0x2b0 ..\obj\midi.o
                0x08003058                MIDI_parser
 .text.malloc   0x08003308       0x10 c:/program files (x86)/gnu tools arm embedded/4.8 2014q2/bin/../lib/gcc/arm-none-eabi/4.8.4/../../../../arm-none-eabi/lib/armv7e-m/softfp\libg.a(lib_a-malloc.o)
                0x08003308                malloc
 .text.free     0x08003318       0x10 c:/program files (x86)/gnu tools arm embedded/4.8 2014q2/bin/../lib/gcc/arm-none-eabi/4.8.4/../../../../arm-none-eabi/lib/armv7e-m/softfp\libg.a(lib_a-malloc.o)
                0x08003318                free
 .text._malloc_r
                0x08003328      0x538 c:/program files (x86)/gnu tools arm embedded/4.8 2014q2/bin/../lib/gcc/arm-none-eabi/4.8.4/../../../../arm-none-eabi/lib/armv7e-m/softfp\libg.a(lib_a-mallocr.o)
                0x08003328                _malloc_r
 .text          0x08003860      0x134 c:/program files (x86)/gnu tools arm embedded/4.8 2014q2/bin/../lib/gcc/arm-none-eabi/4.8.4/../../../../arm-none-eabi/lib/armv7e-m/softfp\libg.a(lib_a-memcpy.o)
                0x08003860                memcpy
 .text.memset   0x08003994       0x94 c:/program files (x86)/gnu tools arm embedded/4.8 2014q2/bin/../lib/gcc/arm-none-eabi/4.8.4/../../../../arm-none-eabi/lib/armv7e-m/softfp\libg.a(lib_a-memset.o)
                0x08003994                memset
 .text.__malloc_lock
                0x08003a28        0x4 c:/program files (x86)/gnu tools arm embedded/4.8 2014q2/bin/../lib/gcc/arm-none-eabi/4.8.4/../../../../arm-none-eabi/lib/armv7e-m/softfp\libg.a(lib_a-mlock.o)
                0x08003a28                __malloc_lock
 .text.__malloc_unlock
                0x08003a2c        0x4 c:/program files (x86)/gnu tools arm embedded/4.8 2014q2/bin/../lib/gcc/arm-none-eabi/4.8.4/../../../../arm-none-eabi/lib/armv7e-m/softfp\libg.a(lib_a-mlock.o)
                0x08003a2c                __malloc_unlock
 .text._sbrk_r  0x08003a30       0x24 c:/program files (x86)/gnu tools arm embedded/4.8 2014q2/bin/../lib/gcc/arm-none-eabi/4.8.4/../../../../arm-none-eabi/lib/armv7e-m/softfp\libg.a(lib_a-sbrkr.o)
                0x08003a30                _sbrk_r
 .text._malloc_trim_r
                0x08003a54       0x9c c:/program files (x86)/gnu tools arm embedded/4.8 2014q2/bin/../lib/gcc/arm-none-eabi/4.8.4/../../../../arm-none-eabi/lib/armv7e-m/softfp\libg.a(lib_a-freer.o)
                0x08003a54                _malloc_trim_r
 .text._free_r  0x08003af0      0x19c c:/program files (x86)/gnu tools arm embedded/4.8 2014q2/bin/../lib/gcc/arm-none-eabi/4.8.4/../../../../arm-none-eabi/lib/armv7e-m/softfp\libg.a(lib_a-freer.o)
                0x08003af0                _free_r
 *(.init)
 *(.fini)
 *crtbegin.o(.ctors)
 *crtbegin?.o(.ctors)
 *(EXCLUDE_FILE(*crtend.o *crtend?.o) .ctors)
 *(SORT(.ctors.*))
 *(.ctors)
 *crtbegin.o(.dtors)
 *crtbegin?.o(.dtors)
 *(EXCLUDE_FILE(*crtend.o *crtend?.o) .dtors)
 *(SORT(.dtors.*))
 *(.dtors)
 *(.rodata*)
 .rodata.str1.4
                0x08003c8c       0x1f ..\obj\main.o
                                 0x20 (size before relaxing)
 *fill*         0x08003cab        0x1 
 .rodata        0x08003cac      0x600 ..\obj\parameters.o
                0x080040ac                cutoff_CC
 .rodata.str1.4
                0x080042ac       0x24 ..\obj\printf.o
 .rodata        0x080042d0     0x6190 ..\obj\synth.o
                0x080042d0                sinewave
                0x080052d0                square
                0x080062d0                triangle
                0x080072d0                sawtooth
                0x080082d0                distosine
                0x080092d0                pitch_table
                0x08009460                cosinewave
 *(.eh_fram e*)

.glue_7         0x0800a460        0x0
 .glue_7        0x00000000        0x0 linker stubs

.glue_7t        0x0800a460        0x0
 .glue_7t       0x00000000        0x0 linker stubs

.vfp11_veneer   0x0800a460        0x0
 .vfp11_veneer  0x00000000        0x0 linker stubs

.v4_bx          0x0800a460        0x0
 .v4_bx         0x00000000        0x0 linker stubs

.iplt           0x0800a460        0x0
 .iplt          0x00000000        0x0 ..\obj\stm32f4_discovery_audio_codec.o

.rel.dyn        0x0800a460        0x0
 .rel.iplt      0x00000000        0x0 ..\obj\stm32f4_discovery_audio_codec.o

.ARM.extab
 *(.ARM.extab* .gnu.linkonce.armextab.*)
                0x0800a460                __exidx_start = .

.ARM.exidx
 *(.ARM.exidx* .gnu.linkonce.armexidx.*)
                0x0800a460                __exidx_end = .
                0x0800a460                __etext = .
                0x0800a460                _sidata = __etext

.data           0x20000000      0x88c load address 0x0800a460
                0x20000000                __data_start__ = .
                0x20000000                _sdata = __data_start__
 *(vtable)
 *(.data*)
 .data          0x20000000       0x34 ..\obj\stm32f4_discovery_audio_codec.o
                0x20000000                CODECTimeout
                0x20000004                CurrAudioInterface
                0x20000008                AUDIO_MAL_DMA_CLOCK
                0x2000000c                AUDIO_MAL_DMA_STREAM
                0x20000010                AUDIO_MAL_DMA_DREG
                0x20000014                AUDIO_MAL_DMA_IRQ
                0x20000018                AUDIO_MAL_DMA_FLAG_TC
                0x2000001c                AUDIO_MAL_DMA_FLAG_HT
                0x20000020                AUDIO_MAL_DMA_FLAG_FE
                0x20000024                AUDIO_MAL_DMA_FLAG_TE
                0x20000028                AUDIO_MAL_DMA_FLAG_DME
                0x2000002c                AudioTotalSize
                0x20000030                AudioRemSize
 .data          0x20000034       0x10 ..\obj\stm32f4xx_rcc.o
 .data          0x20000044        0x2 ..\obj\parameters.o
 *fill*         0x20000046        0x2 
 .data          0x20000048      0x430 ..\obj\printf.o
                0x20000048                _impure_ptr
                0x20000050                r
 .data          0x20000478        0x2 ..\obj\midi.o
 *fill*         0x2000047a        0x2 
 .data.__malloc_av_
                0x2000047c      0x408 c:/program files (x86)/gnu tools arm embedded/4.8 2014q2/bin/../lib/gcc/arm-none-eabi/4.8.4/../../../../arm-none-eabi/lib/armv7e-m/softfp\libg.a(lib_a-mallocr.o)
                0x2000047c                __malloc_av_
 .data.__malloc_trim_threshold
                0x20000884        0x4 c:/program files (x86)/gnu tools arm embedded/4.8 2014q2/bin/../lib/gcc/arm-none-eabi/4.8.4/../../../../arm-none-eabi/lib/armv7e-m/softfp\libg.a(lib_a-mallocr.o)
                0x20000884                __malloc_trim_threshold
 .data.__malloc_sbrk_base
                0x20000888        0x4 c:/program files (x86)/gnu tools arm embedded/4.8 2014q2/bin/../lib/gcc/arm-none-eabi/4.8.4/../../../../arm-none-eabi/lib/armv7e-m/softfp\libg.a(lib_a-mallocr.o)
                0x20000888                __malloc_sbrk_base
                0x2000088c                . = ALIGN (0x4)
                0x2000088c                PROVIDE (__preinit_array_start, .)
 *(.preinit_array)
                0x2000088c                PROVIDE (__preinit_array_end, .)
                0x2000088c                . = ALIGN (0x4)
                0x2000088c                PROVIDE (__init_array_start, .)
 *(SORT(.init_array.*))
 *(.init_array)
                0x2000088c                PROVIDE (__init_array_end, .)
                0x2000088c                . = ALIGN (0x4)
                0x2000088c                PROVIDE (__fini_array_start, .)
 *(SORT(.fini_array.*))
 *(.fini_array)
                0x2000088c                PROVIDE (__fini_array_end, .)
 *(.jcr*)
                0x2000088c                . = ALIGN (0x4)
                0x2000088c                __data_end__ = .
                0x2000088c                _edata = __data_end__

.igot.plt       0x2000088c        0x0 load address 0x0800acec
 .igot.plt      0x00000000        0x0 ..\obj\stm32f4_discovery_audio_codec.o

.bss            0x2000088c      0x718 load address 0x0800acec
                0x2000088c                . = ALIGN (0x4)
                0x2000088c                __bss_start__ = .
                0x2000088c                _sbss = __bss_start__
 *(.bss*)
 .bss           0x2000088c        0x8 ..\obj\stm32f4_discovery_audio_codec.o
                0x2000088c                AUDIO_MAL_DMA_CHANNEL
                0x20000890                OutputDev
 .bss           0x20000894        0x4 ..\obj\main.o
                0x20000894                note_list
 .bss           0x20000898       0x48 ..\obj\parameters.o
 .bss           0x200008e0       0x1c ..\obj\synth.o
                0x200008ec                out4
                0x200008f0                out3
                0x200008f4                out2
                0x200008f8                out1
 .bss           0x200008fc        0x4 ..\obj\syscalls.o
 .bss           0x20000900       0x48 ..\obj\midi.o
 .bss.__malloc_max_total_mem
                0x20000948        0x4 c:/program files (x86)/gnu tools arm embedded/4.8 2014q2/bin/../lib/gcc/arm-none-eabi/4.8.4/../../../../arm-none-eabi/lib/armv7e-m/softfp\libg.a(lib_a-mallocr.o)
                0x20000948                __malloc_max_total_mem
 .bss.__malloc_max_sbrked_mem
                0x2000094c        0x4 c:/program files (x86)/gnu tools arm embedded/4.8 2014q2/bin/../lib/gcc/arm-none-eabi/4.8.4/../../../../arm-none-eabi/lib/armv7e-m/softfp\libg.a(lib_a-mallocr.o)
                0x2000094c                __malloc_max_sbrked_mem
 .bss.__malloc_top_pad
                0x20000950        0x4 c:/program files (x86)/gnu tools arm embedded/4.8 2014q2/bin/../lib/gcc/arm-none-eabi/4.8.4/../../../../arm-none-eabi/lib/armv7e-m/softfp\libg.a(lib_a-mallocr.o)
                0x20000950                __malloc_top_pad
 .bss.__malloc_current_mallinfo
                0x20000954       0x28 c:/program files (x86)/gnu tools arm embedded/4.8 2014q2/bin/../lib/gcc/arm-none-eabi/4.8.4/../../../../arm-none-eabi/lib/armv7e-m/softfp\libg.a(lib_a-mallocr.o)
                0x20000954                __malloc_current_mallinfo
 *(COMMON)
 COMMON         0x2000097c       0x7c ..\obj\stm32f4_discovery_audio_codec.o
                0x2000097c                CurrentPos
                0x20000980                AUDIO_MAL_DMA_InitStructure
                0x200009bc                DMA_InitStructure
 COMMON         0x200009f8      0x57c ..\obj\main.o
                0x200009f8                params
                0x20000a64                new_note_event
                0x20000a68                global_pitch
                0x20000a6c                trig
                0x20000a70                audiobuff
                0x20000f70                global_fc
 COMMON         0x20000f74       0x1e ..\obj\parameters.o
                0x20000f74                TempStr
 *fill*         0x20000f92        0x2 
 COMMON         0x20000f94        0xc ..\obj\synth.o
                0x20000f94                f
                0x20000f98                fb
                0x20000f9c                f_square
 COMMON         0x20000fa0        0x4 c:/program files (x86)/gnu tools arm embedded/4.8 2014q2/bin/../lib/gcc/arm-none-eabi/4.8.4/../../../../arm-none-eabi/lib/armv7e-m/softfp\libg.a(lib_a-reent.o)
                0x20000fa0                errno
                0x20000fa4                . = ALIGN (0x4)
                0x20000fa4                __bss_end__ = .
                0x20000fa4                _ebss = __bss_end__

.heap           0x20000fa4        0x0
                0x20000fa4                __end__ = .
                0x20000fa4                _end = __end__
                0x20000fa4                end = __end__
 *(.heap*)
                0x20000fa4                __HeapLimit = .

.co_stack       0x20000fa4     0x8004 load address 0x0800b404
                0x20000fa8                . = ALIGN (0x8)
 *fill*         0x20000fa4        0x4 
 *(.co_stack .co_stack.*)
 .co_stack      0x20000fa8     0x8000 ..\obj\startup_stm32f4xx.o
                0x20000fa8                pulStack
                0x20020000                __StackTop = (ORIGIN (ram) + 0x20000)
                0x20017ffc                __StackLimit = (__StackTop - SIZEOF (.co_stack))
                0x20020000                PROVIDE (__stack, __StackTop)
                0x00000001                ASSERT ((__StackLimit >= __HeapLimit), region ram  overflowed with stack)
LOAD ..\obj\stm32f4_discovery_audio_codec.o
LOAD ..\obj\stm32f4xx_usart.o
LOAD ..\obj\stm32f4xx_dac.o
LOAD ..\obj\llist.o
LOAD ..\obj\startup_stm32f4xx.o
LOAD ..\obj\main.o
LOAD ..\obj\stm32f4xx_rcc.o
LOAD ..\obj\parameters.o
LOAD ..\obj\printf.o
LOAD ..\obj\synth.o
LOAD ..\obj\stm32f4xx_gpio.o
LOAD ..\obj\system_stm32f4xx.o
LOAD ..\obj\syscalls.o
LOAD ..\obj\stm32f4xx_dma.o
LOAD ..\obj\stm32f4xx_spi.o
LOAD ..\obj\stm32f4xx_i2c.o
LOAD ..\obj\misc.o
LOAD ..\obj\wavetable.o
LOAD ..\obj\midi.o
START GROUP
LOAD c:/program files (x86)/gnu tools arm embedded/4.8 2014q2/bin/../lib/gcc/arm-none-eabi/4.8.4/armv7e-m/softfp\libgcc.a
LOAD c:/program files (x86)/gnu tools arm embedded/4.8 2014q2/bin/../lib/gcc/arm-none-eabi/4.8.4/../../../../arm-none-eabi/lib/armv7e-m/softfp\libg.a
LOAD c:/program files (x86)/gnu tools arm embedded/4.8 2014q2/bin/../lib/gcc/arm-none-eabi/4.8.4/../../../../arm-none-eabi/lib/armv7e-m/softfp\libc.a
END GROUP
OUTPUT(Murphy_v1.7.elf elf32-littlearm)

.debug_info     0x00000000     0xdd69
 .debug_info    0x00000000     0x274b ..\obj\stm32f4_discovery_audio_codec.o
 .debug_info    0x0000274b      0xb41 ..\obj\stm32f4xx_usart.o
 .debug_info    0x0000328c      0x695 ..\obj\stm32f4xx_dac.o
 .debug_info    0x00003921      0x7c7 ..\obj\llist.o
 .debug_info    0x000040e8      0x141 ..\obj\startup_stm32f4xx.o
 .debug_info    0x00004229      0xea2 ..\obj\main.o
 .debug_info    0x000050cb      0xcfe ..\obj\stm32f4xx_rcc.o
 .debug_info    0x00005dc9      0xebc ..\obj\parameters.o
 .debug_info    0x00006c85     0x2312 ..\obj\printf.o
 .debug_info    0x00008f97      0x88d ..\obj\synth.o
 .debug_info    0x00009824      0x7d6 ..\obj\stm32f4xx_gpio.o
 .debug_info    0x00009ffa      0x5b3 ..\obj\system_stm32f4xx.o
 .debug_info    0x0000a5ad      0x3ed ..\obj\syscalls.o
 .debug_info    0x0000a99a      0x73b ..\obj\stm32f4xx_dma.o
 .debug_info    0x0000b0d5      0xbc6 ..\obj\stm32f4xx_spi.o
 .debug_info    0x0000bc9b      0xbc1 ..\obj\stm32f4xx_i2c.o
 .debug_info    0x0000c85c      0x543 ..\obj\misc.o
 .debug_info    0x0000cd9f      0xfca ..\obj\midi.o

.debug_abbrev   0x00000000     0x25b4
 .debug_abbrev  0x00000000      0x366 ..\obj\stm32f4_discovery_audio_codec.o
 .debug_abbrev  0x00000366      0x1eb ..\obj\stm32f4xx_usart.o
 .debug_abbrev  0x00000551      0x1d0 ..\obj\stm32f4xx_dac.o
 .debug_abbrev  0x00000721      0x22e ..\obj\llist.o
 .debug_abbrev  0x0000094f      0x11c ..\obj\startup_stm32f4xx.o
 .debug_abbrev  0x00000a6b      0x2bb ..\obj\main.o
 .debug_abbrev  0x00000d26      0x27e ..\obj\stm32f4xx_rcc.o
 .debug_abbrev  0x00000fa4      0x2bb ..\obj\parameters.o
 .debug_abbrev  0x0000125f      0x41a ..\obj\printf.o
 .debug_abbrev  0x00001679      0x214 ..\obj\synth.o
 .debug_abbrev  0x0000188d      0x1f6 ..\obj\stm32f4xx_gpio.o
 .debug_abbrev  0x00001a83      0x15d ..\obj\system_stm32f4xx.o
 .debug_abbrev  0x00001be0       0xf1 ..\obj\syscalls.o
 .debug_abbrev  0x00001cd1      0x173 ..\obj\stm32f4xx_dma.o
 .debug_abbrev  0x00001e44      0x1e5 ..\obj\stm32f4xx_spi.o
 .debug_abbrev  0x00002029      0x1ed ..\obj\stm32f4xx_i2c.o
 .debug_abbrev  0x00002216      0x154 ..\obj\misc.o
 .debug_abbrev  0x0000236a      0x24a ..\obj\midi.o

.debug_loc      0x00000000     0x7b54
 .debug_loc     0x00000000      0x910 ..\obj\stm32f4_discovery_audio_codec.o
 .debug_loc     0x00000910      0x75a ..\obj\stm32f4xx_usart.o
 .debug_loc     0x0000106a      0x4eb ..\obj\stm32f4xx_dac.o
 .debug_loc     0x00001555      0x3d6 ..\obj\llist.o
 .debug_loc     0x0000192b      0x151 ..\obj\main.o
 .debug_loc     0x00001a7c      0xb63 ..\obj\stm32f4xx_rcc.o
 .debug_loc     0x000025df      0x2ea ..\obj\parameters.o
 .debug_loc     0x000028c9     0x2e5f ..\obj\printf.o
 .debug_loc     0x00005728      0x790 ..\obj\synth.o
 .debug_loc     0x00005eb8      0x386 ..\obj\stm32f4xx_gpio.o
 .debug_loc     0x0000623e      0x144 ..\obj\system_stm32f4xx.o
 .debug_loc     0x00006382      0x108 ..\obj\syscalls.o
 .debug_loc     0x0000648a      0x4b6 ..\obj\stm32f4xx_dma.o
 .debug_loc     0x00006940      0x5b0 ..\obj\stm32f4xx_spi.o
 .debug_loc     0x00006ef0      0x77f ..\obj\stm32f4xx_i2c.o
 .debug_loc     0x0000766f      0x15d ..\obj\misc.o
 .debug_loc     0x000077cc      0x388 ..\obj\midi.o

.debug_aranges  0x00000000      0x9c0
 .debug_aranges
                0x00000000       0x88 ..\obj\stm32f4_discovery_audio_codec.o
 .debug_aranges
                0x00000088      0x100 ..\obj\stm32f4xx_usart.o
 .debug_aranges
                0x00000188       0xa0 ..\obj\stm32f4xx_dac.o
 .debug_aranges
                0x00000228       0x58 ..\obj\llist.o
 .debug_aranges
                0x00000280       0x28 ..\obj\startup_stm32f4xx.o
 .debug_aranges
                0x000002a8       0x70 ..\obj\main.o
 .debug_aranges
                0x00000318      0x178 ..\obj\stm32f4xx_rcc.o
 .debug_aranges
                0x00000490       0x40 ..\obj\parameters.o
 .debug_aranges
                0x000004d0       0xa0 ..\obj\printf.o
 .debug_aranges
                0x00000570       0x20 ..\obj\synth.o
 .debug_aranges
                0x00000590       0x88 ..\obj\stm32f4xx_gpio.o
 .debug_aranges
                0x00000618       0x28 ..\obj\system_stm32f4xx.o
 .debug_aranges
                0x00000640       0x60 ..\obj\syscalls.o
 .debug_aranges
                0x000006a0       0xb0 ..\obj\stm32f4xx_dma.o
 .debug_aranges
                0x00000750       0xe0 ..\obj\stm32f4xx_spi.o
 .debug_aranges
                0x00000830      0x120 ..\obj\stm32f4xx_i2c.o
 .debug_aranges
                0x00000950       0x40 ..\obj\misc.o
 .debug_aranges
                0x00000990       0x30 ..\obj\midi.o

.debug_ranges   0x00000000     0x1098
 .debug_ranges  0x00000000      0x288 ..\obj\stm32f4_discovery_audio_codec.o
 .debug_ranges  0x00000288       0xf0 ..\obj\stm32f4xx_usart.o
 .debug_ranges  0x00000378       0x90 ..\obj\stm32f4xx_dac.o
 .debug_ranges  0x00000408       0x98 ..\obj\llist.o
 .debug_ranges  0x000004a0       0x18 ..\obj\startup_stm32f4xx.o
 .debug_ranges  0x000004b8       0x60 ..\obj\main.o
 .debug_ranges  0x00000518      0x180 ..\obj\stm32f4xx_rcc.o
 .debug_ranges  0x00000698       0x60 ..\obj\parameters.o
 .debug_ranges  0x000006f8      0x590 ..\obj\printf.o
 .debug_ranges  0x00000c88       0x10 ..\obj\synth.o
 .debug_ranges  0x00000c98       0x78 ..\obj\stm32f4xx_gpio.o
 .debug_ranges  0x00000d10       0x30 ..\obj\system_stm32f4xx.o
 .debug_ranges  0x00000d40       0x50 ..\obj\syscalls.o
 .debug_ranges  0x00000d90       0xa0 ..\obj\stm32f4xx_dma.o
 .debug_ranges  0x00000e30       0xd0 ..\obj\stm32f4xx_spi.o
 .debug_ranges  0x00000f00      0x110 ..\obj\stm32f4xx_i2c.o
 .debug_ranges  0x00001010       0x30 ..\obj\misc.o
 .debug_ranges  0x00001040       0x58 ..\obj\midi.o

.debug_line     0x00000000     0x4c5a
 .debug_line    0x00000000      0x77e ..\obj\stm32f4_discovery_audio_codec.o
 .debug_line    0x0000077e      0x54d ..\obj\stm32f4xx_usart.o
 .debug_line    0x00000ccb      0x3cb ..\obj\stm32f4xx_dac.o
 .debug_line    0x00001096      0x385 ..\obj\llist.o
 .debug_line    0x0000141b       0xa5 ..\obj\startup_stm32f4xx.o
 .debug_line    0x000014c0      0x432 ..\obj\main.o
 .debug_line    0x000018f2      0x5e5 ..\obj\stm32f4xx_rcc.o
 .debug_line    0x00001ed7      0x43b ..\obj\parameters.o
 .debug_line    0x00002312      0x83d ..\obj\printf.o
 .debug_line    0x00002b4f      0x40a ..\obj\synth.o
 .debug_line    0x00002f59      0x3d6 ..\obj\stm32f4xx_gpio.o
 .debug_line    0x0000332f      0x212 ..\obj\system_stm32f4xx.o
 .debug_line    0x00003541      0x170 ..\obj\syscalls.o
 .debug_line    0x000036b1      0x493 ..\obj\stm32f4xx_dma.o
 .debug_line    0x00003b44      0x502 ..\obj\stm32f4xx_spi.o
 .debug_line    0x00004046      0x56d ..\obj\stm32f4xx_i2c.o
 .debug_line    0x000045b3      0x298 ..\obj\misc.o
 .debug_line    0x0000484b      0x40f ..\obj\midi.o

.debug_str      0x00000000     0x38f5
 .debug_str     0x00000000     0x1268 ..\obj\stm32f4_discovery_audio_codec.o
                               0x1325 (size before relaxing)
 .debug_str     0x00001268      0x4ef ..\obj\stm32f4xx_usart.o
                                0x700 (size before relaxing)
 .debug_str     0x00001757      0x221 ..\obj\stm32f4xx_dac.o
                                0x49b (size before relaxing)
 .debug_str     0x00001978      0x347 ..\obj\llist.o
                                0x4e6 (size before relaxing)
 .debug_str     0x00001cbf       0xd3 ..\obj\startup_stm32f4xx.o
                                0x18f (size before relaxing)
 .debug_str     0x00001d92      0x227 ..\obj\main.o
                                0xa28 (size before relaxing)
 .debug_str     0x00001fb9      0x567 ..\obj\stm32f4xx_rcc.o
                                0x881 (size before relaxing)
 .debug_str     0x00002520      0x111 ..\obj\parameters.o
                                0xecf (size before relaxing)
 .debug_str     0x00002631      0x4c3 ..\obj\printf.o
                                0x78e (size before relaxing)
 .debug_str     0x00002af4      0x15a ..\obj\synth.o
                                0x637 (size before relaxing)
 .debug_str     0x00002c4e      0x127 ..\obj\stm32f4xx_gpio.o
                                0x4fb (size before relaxing)
 .debug_str     0x00002d75      0x119 ..\obj\system_stm32f4xx.o
                                0x3db (size before relaxing)
 .debug_str     0x00002e8e      0x14a ..\obj\syscalls.o
                                0x313 (size before relaxing)
 .debug_str     0x00002fd8      0x1e7 ..\obj\stm32f4xx_dma.o
                                0x573 (size before relaxing)
 .debug_str     0x000031bf      0x2bd ..\obj\stm32f4xx_spi.o
                                0x6e9 (size before relaxing)
 .debug_str     0x0000347c      0x297 ..\obj\stm32f4xx_i2c.o
                                0x6bf (size before relaxing)
 .debug_str     0x00003713      0x14a ..\obj\misc.o
                                0x3ff (size before relaxing)
 .debug_str     0x0000385d       0x98 ..\obj\midi.o
                                0xf8f (size before relaxing)

.comment        0x00000000       0x70
 .comment       0x00000000       0x70 ..\obj\stm32f4_discovery_audio_codec.o
                                 0x71 (size before relaxing)
 .comment       0x00000000       0x71 ..\obj\stm32f4xx_usart.o
 .comment       0x00000000       0x71 ..\obj\stm32f4xx_dac.o
 .comment       0x00000000       0x71 ..\obj\llist.o
 .comment       0x00000000       0x71 ..\obj\startup_stm32f4xx.o
 .comment       0x00000000       0x71 ..\obj\main.o
 .comment       0x00000000       0x71 ..\obj\stm32f4xx_rcc.o
 .comment       0x00000000       0x71 ..\obj\parameters.o
 .comment       0x00000000       0x71 ..\obj\printf.o
 .comment       0x00000000       0x71 ..\obj\synth.o
 .comment       0x00000000       0x71 ..\obj\stm32f4xx_gpio.o
 .comment       0x00000000       0x71 ..\obj\system_stm32f4xx.o
 .comment       0x00000000       0x71 ..\obj\syscalls.o
 .comment       0x00000000       0x71 ..\obj\stm32f4xx_dma.o
 .comment       0x00000000       0x71 ..\obj\stm32f4xx_spi.o
 .comment       0x00000000       0x71 ..\obj\stm32f4xx_i2c.o
 .comment       0x00000000       0x71 ..\obj\misc.o
 .comment       0x00000000       0x71 ..\obj\midi.o

.ARM.attributes
                0x00000000       0x35
 .ARM.attributes
                0x00000000       0x37 ..\obj\stm32f4_discovery_audio_codec.o
 .ARM.attributes
                0x00000037       0x37 ..\obj\stm32f4xx_usart.o
 .ARM.attributes
                0x0000006e       0x37 ..\obj\stm32f4xx_dac.o
 .ARM.attributes
                0x000000a5       0x37 ..\obj\llist.o
 .ARM.attributes
                0x000000dc       0x37 ..\obj\startup_stm32f4xx.o
 .ARM.attributes
                0x00000113       0x37 ..\obj\main.o
 .ARM.attributes
                0x0000014a       0x37 ..\obj\stm32f4xx_rcc.o
 .ARM.attributes
                0x00000181       0x37 ..\obj\parameters.o
 .ARM.attributes
                0x000001b8       0x37 ..\obj\printf.o
 .ARM.attributes
                0x000001ef       0x37 ..\obj\synth.o
 .ARM.attributes
                0x00000226       0x37 ..\obj\stm32f4xx_gpio.o
 .ARM.attributes
                0x0000025d       0x37 ..\obj\system_stm32f4xx.o
 .ARM.attributes
                0x00000294       0x37 ..\obj\syscalls.o
 .ARM.attributes
                0x000002cb       0x37 ..\obj\stm32f4xx_dma.o
 .ARM.attributes
                0x00000302       0x37 ..\obj\stm32f4xx_spi.o
 .ARM.attributes
                0x00000339       0x37 ..\obj\stm32f4xx_i2c.o
 .ARM.attributes
                0x00000370       0x37 ..\obj\misc.o
 .ARM.attributes
                0x000003a7       0x37 ..\obj\midi.o
 .ARM.attributes
                0x000003de       0x32 c:/program files (x86)/gnu tools arm embedded/4.8 2014q2/bin/../lib/gcc/arm-none-eabi/4.8.4/../../../../arm-none-eabi/lib/armv7e-m/softfp\libg.a(lib_a-malloc.o)
 .ARM.attributes
                0x00000410       0x32 c:/program files (x86)/gnu tools arm embedded/4.8 2014q2/bin/../lib/gcc/arm-none-eabi/4.8.4/../../../../arm-none-eabi/lib/armv7e-m/softfp\libg.a(lib_a-mallocr.o)
 .ARM.attributes
                0x00000442       0x20 c:/program files (x86)/gnu tools arm embedded/4.8 2014q2/bin/../lib/gcc/arm-none-eabi/4.8.4/../../../../arm-none-eabi/lib/armv7e-m/softfp\libg.a(lib_a-memcpy.o)
 .ARM.attributes
                0x00000462       0x32 c:/program files (x86)/gnu tools arm embedded/4.8 2014q2/bin/../lib/gcc/arm-none-eabi/4.8.4/../../../../arm-none-eabi/lib/armv7e-m/softfp\libg.a(lib_a-memset.o)
 .ARM.attributes
                0x00000494       0x32 c:/program files (x86)/gnu tools arm embedded/4.8 2014q2/bin/../lib/gcc/arm-none-eabi/4.8.4/../../../../arm-none-eabi/lib/armv7e-m/softfp\libg.a(lib_a-mlock.o)
 .ARM.attributes
                0x000004c6       0x32 c:/program files (x86)/gnu tools arm embedded/4.8 2014q2/bin/../lib/gcc/arm-none-eabi/4.8.4/../../../../arm-none-eabi/lib/armv7e-m/softfp\libg.a(lib_a-sbrkr.o)
 .ARM.attributes
                0x000004f8       0x32 c:/program files (x86)/gnu tools arm embedded/4.8 2014q2/bin/../lib/gcc/arm-none-eabi/4.8.4/../../../../arm-none-eabi/lib/armv7e-m/softfp\libg.a(lib_a-freer.o)
 .ARM.attributes
                0x0000052a       0x32 c:/program files (x86)/gnu tools arm embedded/4.8 2014q2/bin/../lib/gcc/arm-none-eabi/4.8.4/../../../../arm-none-eabi/lib/armv7e-m/softfp\libg.a(lib_a-reent.o)

.debug_frame    0x00000000     0x170c
 .debug_frame   0x00000000      0x194 ..\obj\stm32f4_discovery_audio_codec.o
 .debug_frame   0x00000194      0x210 ..\obj\stm32f4xx_usart.o
 .debug_frame   0x000003a4      0x140 ..\obj\stm32f4xx_dac.o
 .debug_frame   0x000004e4       0xd0 ..\obj\llist.o
 .debug_frame   0x000005b4       0x38 ..\obj\startup_stm32f4xx.o
 .debug_frame   0x000005ec      0x11c ..\obj\main.o
 .debug_frame   0x00000708      0x2e4 ..\obj\stm32f4xx_rcc.o
 .debug_frame   0x000009ec       0xa0 ..\obj\parameters.o
 .debug_frame   0x00000a8c      0x230 ..\obj\printf.o
 .debug_frame   0x00000cbc       0x50 ..\obj\synth.o
 .debug_frame   0x00000d0c      0x118 ..\obj\stm32f4xx_gpio.o
 .debug_frame   0x00000e24       0x34 ..\obj\system_stm32f4xx.o
 .debug_frame   0x00000e58       0xa0 ..\obj\syscalls.o
 .debug_frame   0x00000ef8      0x180 ..\obj\stm32f4xx_dma.o
 .debug_frame   0x00001078      0x1e0 ..\obj\stm32f4xx_spi.o
 .debug_frame   0x00001258      0x248 ..\obj\stm32f4xx_i2c.o
 .debug_frame   0x000014a0       0x6c ..\obj\misc.o
 .debug_frame   0x0000150c       0x78 ..\obj\midi.o
 .debug_frame   0x00001584       0x30 c:/program files (x86)/gnu tools arm embedded/4.8 2014q2/bin/../lib/gcc/arm-none-eabi/4.8.4/../../../../arm-none-eabi/lib/armv7e-m/softfp\libg.a(lib_a-malloc.o)
 .debug_frame   0x000015b4       0x38 c:/program files (x86)/gnu tools arm embedded/4.8 2014q2/bin/../lib/gcc/arm-none-eabi/4.8.4/../../../../arm-none-eabi/lib/armv7e-m/softfp\libg.a(lib_a-mallocr.o)
 .debug_frame   0x000015ec       0x2c c:/program files (x86)/gnu tools arm embedded/4.8 2014q2/bin/../lib/gcc/arm-none-eabi/4.8.4/../../../../arm-none-eabi/lib/armv7e-m/softfp\libg.a(lib_a-memset.o)
 .debug_frame   0x00001618       0x30 c:/program files (x86)/gnu tools arm embedded/4.8 2014q2/bin/../lib/gcc/arm-none-eabi/4.8.4/../../../../arm-none-eabi/lib/armv7e-m/softfp\libg.a(lib_a-mlock.o)
 .debug_frame   0x00001648       0x2c c:/program files (x86)/gnu tools arm embedded/4.8 2014q2/bin/../lib/gcc/arm-none-eabi/4.8.4/../../../../arm-none-eabi/lib/armv7e-m/softfp\libg.a(lib_a-sbrkr.o)
 .debug_frame   0x00001674       0x50 c:/program files (x86)/gnu tools arm embedded/4.8 2014q2/bin/../lib/gcc/arm-none-eabi/4.8.4/../../../../arm-none-eabi/lib/armv7e-m/softfp\libg.a(lib_a-freer.o)
 .debug_frame   0x000016c4       0x48 c:/program files (x86)/gnu tools arm embedded/4.8 2014q2/bin/../lib/gcc/arm-none-eabi/4.8.4/../../../../arm-none-eabi/lib/armv7e-m/softfp\libg.a(lib_a-reent.o)
