Archive member included because of file (symbol)

c:/program files (x86)/gnu tools arm embedded/4.8 2014q2/bin/../lib/gcc/arm-none-eabi/4.8.4/../../../../arm-none-eabi/lib/armv7e-m/fpu\libc.a(lib_a-malloc.o)
                              ..\obj\llist.o (malloc)
c:/program files (x86)/gnu tools arm embedded/4.8 2014q2/bin/../lib/gcc/arm-none-eabi/4.8.4/../../../../arm-none-eabi/lib/armv7e-m/fpu\libc.a(lib_a-mallocr.o)
                              c:/program files (x86)/gnu tools arm embedded/4.8 2014q2/bin/../lib/gcc/arm-none-eabi/4.8.4/../../../../arm-none-eabi/lib/armv7e-m/fpu\libc.a(lib_a-malloc.o) (_malloc_r)
c:/program files (x86)/gnu tools arm embedded/4.8 2014q2/bin/../lib/gcc/arm-none-eabi/4.8.4/../../../../arm-none-eabi/lib/armv7e-m/fpu\libc.a(lib_a-mlock.o)
                              c:/program files (x86)/gnu tools arm embedded/4.8 2014q2/bin/../lib/gcc/arm-none-eabi/4.8.4/../../../../arm-none-eabi/lib/armv7e-m/fpu\libc.a(lib_a-mallocr.o) (__malloc_lock)
c:/program files (x86)/gnu tools arm embedded/4.8 2014q2/bin/../lib/gcc/arm-none-eabi/4.8.4/../../../../arm-none-eabi/lib/armv7e-m/fpu\libc.a(lib_a-sbrkr.o)
                              c:/program files (x86)/gnu tools arm embedded/4.8 2014q2/bin/../lib/gcc/arm-none-eabi/4.8.4/../../../../arm-none-eabi/lib/armv7e-m/fpu\libc.a(lib_a-mallocr.o) (_sbrk_r)
c:/program files (x86)/gnu tools arm embedded/4.8 2014q2/bin/../lib/gcc/arm-none-eabi/4.8.4/../../../../arm-none-eabi/lib/armv7e-m/fpu\libc.a(lib_a-freer.o)
                              c:/program files (x86)/gnu tools arm embedded/4.8 2014q2/bin/../lib/gcc/arm-none-eabi/4.8.4/../../../../arm-none-eabi/lib/armv7e-m/fpu\libc.a(lib_a-malloc.o) (_free_r)
c:/program files (x86)/gnu tools arm embedded/4.8 2014q2/bin/../lib/gcc/arm-none-eabi/4.8.4/../../../../arm-none-eabi/lib/armv7e-m/fpu\libc.a(lib_a-reent.o)
                              c:/program files (x86)/gnu tools arm embedded/4.8 2014q2/bin/../lib/gcc/arm-none-eabi/4.8.4/../../../../arm-none-eabi/lib/armv7e-m/fpu\libc.a(lib_a-sbrkr.o) (errno)

Allocating common symbols
Common symbol       size              file

CurrentPos          0x4               ..\obj\stm32f4_discovery_audio_codec.o
params              0x58              ..\obj\main.o
new_note_event      0x1               ..\obj\main.o
errno               0x4               c:/program files (x86)/gnu tools arm embedded/4.8 2014q2/bin/../lib/gcc/arm-none-eabi/4.8.4/../../../../arm-none-eabi/lib/armv7e-m/fpu\libc.a(lib_a-reent.o)
global_pitch        0x4               ..\obj\main.o
trig                0x1               ..\obj\main.o
audiobuff           0x500             ..\obj\main.o
AUDIO_MAL_DMA_InitStructure
                    0x3c              ..\obj\stm32f4_discovery_audio_codec.o
global_fc           0x4               ..\obj\main.o
DMA_InitStructure   0x3c              ..\obj\stm32f4_discovery_audio_codec.o

Discarded input sections

 .text          0x00000000        0x0 ..\obj\stm32f4_discovery_audio_codec.o
 .text.EVAL_AUDIO_SetAudioInterface
                0x00000000      0x100 ..\obj\stm32f4_discovery_audio_codec.o
 .text.EVAL_AUDIO_DeInit
                0x00000000       0x14 ..\obj\stm32f4_discovery_audio_codec.o
 .text.EVAL_AUDIO_PauseResume
                0x00000000       0x2c ..\obj\stm32f4_discovery_audio_codec.o
 .text.EVAL_AUDIO_Stop
                0x00000000       0x38 ..\obj\stm32f4_discovery_audio_codec.o
 .text.EVAL_AUDIO_VolumeCtl
                0x00000000       0x40 ..\obj\stm32f4_discovery_audio_codec.o
 .text.EVAL_AUDIO_Mute
                0x00000000       0x18 ..\obj\stm32f4_discovery_audio_codec.o
 .text.Codec_DeInit
                0x00000000       0x34 ..\obj\stm32f4_discovery_audio_codec.o
 .text.Codec_PauseResume
                0x00000000       0x74 ..\obj\stm32f4_discovery_audio_codec.o
 .text.Codec_Stop
                0x00000000       0x5c ..\obj\stm32f4_discovery_audio_codec.o
 .text.Codec_Mute
                0x00000000       0x48 ..\obj\stm32f4_discovery_audio_codec.o
 .text.Codec_CtrlInterface_DeInit
                0x00000000        0xc ..\obj\stm32f4_discovery_audio_codec.o
 .text.Codec_AudioInterface_DeInit
                0x00000000       0x24 ..\obj\stm32f4_discovery_audio_codec.o
 .text.Codec_GPIO_DeInit
                0x00000000       0x78 ..\obj\stm32f4_discovery_audio_codec.o
 .text.Audio_MAL_DeInit
                0x00000000       0x48 ..\obj\stm32f4_discovery_audio_codec.o
 .text.Audio_MAL_PauseResume
                0x00000000       0x64 ..\obj\stm32f4_discovery_audio_codec.o
 .text.Audio_MAL_Stop
                0x00000000       0x54 ..\obj\stm32f4_discovery_audio_codec.o
 .text          0x00000000        0x0 ..\obj\stm32f4xx_usart.o
 .data          0x00000000        0x0 ..\obj\stm32f4xx_usart.o
 .bss           0x00000000        0x0 ..\obj\stm32f4xx_usart.o
 .text.USART_DeInit
                0x00000000       0xd0 ..\obj\stm32f4xx_usart.o
 .text.USART_StructInit
                0x00000000       0x38 ..\obj\stm32f4xx_usart.o
 .text.USART_ClockInit
                0x00000000       0x54 ..\obj\stm32f4xx_usart.o
 .text.USART_ClockStructInit
                0x00000000       0x2c ..\obj\stm32f4xx_usart.o
 .text.USART_SetPrescaler
                0x00000000       0x38 ..\obj\stm32f4xx_usart.o
 .text.USART_OverSampling8Cmd
                0x00000000       0x44 ..\obj\stm32f4xx_usart.o
 .text.USART_OneBitMethodCmd
                0x00000000       0x40 ..\obj\stm32f4xx_usart.o
 .text.USART_ReceiveData
                0x00000000       0x20 ..\obj\stm32f4xx_usart.o
 .text.USART_SetAddress
                0x00000000       0x38 ..\obj\stm32f4xx_usart.o
 .text.USART_ReceiverWakeUpCmd
                0x00000000       0x40 ..\obj\stm32f4xx_usart.o
 .text.USART_WakeUpConfig
                0x00000000       0x38 ..\obj\stm32f4xx_usart.o
 .text.USART_LINBreakDetectLengthConfig
                0x00000000       0x38 ..\obj\stm32f4xx_usart.o
 .text.USART_LINCmd
                0x00000000       0x40 ..\obj\stm32f4xx_usart.o
 .text.USART_SendBreak
                0x00000000       0x24 ..\obj\stm32f4xx_usart.o
 .text.USART_HalfDuplexCmd
                0x00000000       0x40 ..\obj\stm32f4xx_usart.o
 .text.USART_SetGuardTime
                0x00000000       0x3c ..\obj\stm32f4xx_usart.o
 .text.USART_SmartCardCmd
                0x00000000       0x40 ..\obj\stm32f4xx_usart.o
 .text.USART_SmartCardNACKCmd
                0x00000000       0x40 ..\obj\stm32f4xx_usart.o
 .text.USART_IrDAConfig
                0x00000000       0x38 ..\obj\stm32f4xx_usart.o
 .text.USART_IrDACmd
                0x00000000       0x40 ..\obj\stm32f4xx_usart.o
 .text.USART_ITConfig
                0x00000000       0x90 ..\obj\stm32f4xx_usart.o
 .text.USART_ClearFlag
                0x00000000       0x20 ..\obj\stm32f4xx_usart.o
 .text.USART_GetITStatus
                0x00000000       0xb0 ..\obj\stm32f4xx_usart.o
 .text.USART_ClearITPendingBit
                0x00000000       0x38 ..\obj\stm32f4xx_usart.o
 .text          0x00000000        0x0 ..\obj\stm32f4xx_dac.o
 .data          0x00000000        0x0 ..\obj\stm32f4xx_dac.o
 .bss           0x00000000        0x0 ..\obj\stm32f4xx_dac.o
 .text.DAC_DeInit
                0x00000000       0x1c ..\obj\stm32f4xx_dac.o
 .text.DAC_StructInit
                0x00000000       0x2c ..\obj\stm32f4xx_dac.o
 .text.DAC_SoftwareTriggerCmd
                0x00000000       0x4c ..\obj\stm32f4xx_dac.o
 .text.DAC_DualSoftwareTriggerCmd
                0x00000000       0x38 ..\obj\stm32f4xx_dac.o
 .text.DAC_WaveGenerationCmd
                0x00000000       0x4c ..\obj\stm32f4xx_dac.o
 .text.DAC_SetChannel2Data
                0x00000000       0x34 ..\obj\stm32f4xx_dac.o
 .text.DAC_SetDualChannelData
                0x00000000       0x58 ..\obj\stm32f4xx_dac.o
 .text.DAC_GetDataOutputValue
                0x00000000       0x34 ..\obj\stm32f4xx_dac.o
 .text.DAC_DMACmd
                0x00000000       0x4c ..\obj\stm32f4xx_dac.o
 .text.DAC_ITConfig
                0x00000000       0x4c ..\obj\stm32f4xx_dac.o
 .text.DAC_GetFlagStatus
                0x00000000       0x3c ..\obj\stm32f4xx_dac.o
 .text.DAC_ClearFlag
                0x00000000       0x24 ..\obj\stm32f4xx_dac.o
 .text.DAC_GetITStatus
                0x00000000       0x58 ..\obj\stm32f4xx_dac.o
 .text.DAC_ClearITPendingBit
                0x00000000       0x24 ..\obj\stm32f4xx_dac.o
 .text          0x00000000        0x0 ..\obj\llist.o
 .data          0x00000000        0x0 ..\obj\llist.o
 .bss           0x00000000        0x0 ..\obj\llist.o
 .text.add_note_first
                0x00000000       0x38 ..\obj\llist.o
 .rodata        0x00000000       0x1c ..\obj\llist.o
 .text.print_all_note
                0x00000000       0x3c ..\obj\llist.o
 .text          0x00000000        0x0 ..\obj\startup_stm32f4xx.o
 .data          0x00000000        0x0 ..\obj\startup_stm32f4xx.o
 .bss           0x00000000        0x0 ..\obj\startup_stm32f4xx.o
 .text          0x00000000        0x0 ..\obj\main.o
 .data          0x00000000        0x0 ..\obj\main.o
 .text          0x00000000        0x0 ..\obj\stm32f4xx_rcc.o
 .bss           0x00000000        0x0 ..\obj\stm32f4xx_rcc.o
 .text.RCC_DeInit
                0x00000000       0x50 ..\obj\stm32f4xx_rcc.o
 .text.RCC_HSEConfig
                0x00000000       0x24 ..\obj\stm32f4xx_rcc.o
 .text.RCC_WaitForHSEStartUp
                0x00000000       0x50 ..\obj\stm32f4xx_rcc.o
 .text.RCC_AdjustHSICalibrationValue
                0x00000000       0x3c ..\obj\stm32f4xx_rcc.o
 .text.RCC_HSICmd
                0x00000000       0x20 ..\obj\stm32f4xx_rcc.o
 .text.RCC_LSEConfig
                0x00000000       0x40 ..\obj\stm32f4xx_rcc.o
 .text.RCC_LSICmd
                0x00000000       0x20 ..\obj\stm32f4xx_rcc.o
 .text.RCC_PLLConfig
                0x00000000       0x3c ..\obj\stm32f4xx_rcc.o
 .text.RCC_PLLCmd
                0x00000000       0x20 ..\obj\stm32f4xx_rcc.o
 .text.RCC_PLLI2SConfig
                0x00000000       0x28 ..\obj\stm32f4xx_rcc.o
 .text.RCC_PLLI2SCmd
                0x00000000       0x20 ..\obj\stm32f4xx_rcc.o
 .text.RCC_ClockSecuritySystemCmd
                0x00000000       0x20 ..\obj\stm32f4xx_rcc.o
 .text.RCC_MCO1Config
                0x00000000       0x3c ..\obj\stm32f4xx_rcc.o
 .text.RCC_MCO2Config
                0x00000000       0x3c ..\obj\stm32f4xx_rcc.o
 .text.RCC_SYSCLKConfig
                0x00000000       0x38 ..\obj\stm32f4xx_rcc.o
 .text.RCC_GetSYSCLKSource
                0x00000000       0x20 ..\obj\stm32f4xx_rcc.o
 .text.RCC_HCLKConfig
                0x00000000       0x38 ..\obj\stm32f4xx_rcc.o
 .text.RCC_PCLK1Config
                0x00000000       0x38 ..\obj\stm32f4xx_rcc.o
 .text.RCC_PCLK2Config
                0x00000000       0x38 ..\obj\stm32f4xx_rcc.o
 .text.RCC_RTCCLKConfig
                0x00000000       0x5c ..\obj\stm32f4xx_rcc.o
 .text.RCC_RTCCLKCmd
                0x00000000       0x20 ..\obj\stm32f4xx_rcc.o
 .text.RCC_BackupResetCmd
                0x00000000       0x20 ..\obj\stm32f4xx_rcc.o
 .text.RCC_I2SCLKConfig
                0x00000000       0x1c ..\obj\stm32f4xx_rcc.o
 .text.RCC_AHB2PeriphClockCmd
                0x00000000       0x3c ..\obj\stm32f4xx_rcc.o
 .text.RCC_AHB3PeriphClockCmd
                0x00000000       0x3c ..\obj\stm32f4xx_rcc.o
 .text.RCC_APB2PeriphClockCmd
                0x00000000       0x3c ..\obj\stm32f4xx_rcc.o
 .text.RCC_AHB1PeriphResetCmd
                0x00000000       0x3c ..\obj\stm32f4xx_rcc.o
 .text.RCC_AHB2PeriphResetCmd
                0x00000000       0x3c ..\obj\stm32f4xx_rcc.o
 .text.RCC_AHB3PeriphResetCmd
                0x00000000       0x3c ..\obj\stm32f4xx_rcc.o
 .text.RCC_AHB1PeriphClockLPModeCmd
                0x00000000       0x3c ..\obj\stm32f4xx_rcc.o
 .text.RCC_AHB2PeriphClockLPModeCmd
                0x00000000       0x3c ..\obj\stm32f4xx_rcc.o
 .text.RCC_AHB3PeriphClockLPModeCmd
                0x00000000       0x3c ..\obj\stm32f4xx_rcc.o
 .text.RCC_APB1PeriphClockLPModeCmd
                0x00000000       0x3c ..\obj\stm32f4xx_rcc.o
 .text.RCC_APB2PeriphClockLPModeCmd
                0x00000000       0x3c ..\obj\stm32f4xx_rcc.o
 .text.RCC_ITConfig
                0x00000000       0x48 ..\obj\stm32f4xx_rcc.o
 .text.RCC_GetFlagStatus
                0x00000000       0x74 ..\obj\stm32f4xx_rcc.o
 .text.RCC_ClearFlag
                0x00000000       0x1c ..\obj\stm32f4xx_rcc.o
 .text.RCC_GetITStatus
                0x00000000       0x38 ..\obj\stm32f4xx_rcc.o
 .text.RCC_ClearITPendingBit
                0x00000000       0x20 ..\obj\stm32f4xx_rcc.o
 .text          0x00000000        0x0 ..\obj\printf.o
 .bss           0x00000000        0x0 ..\obj\printf.o
 .text.snprintf
                0x00000000       0x30 ..\obj\printf.o
 .text.fprintf  0x00000000       0x2c ..\obj\printf.o
 .text.sprintf  0x00000000       0x2c ..\obj\printf.o
 .text          0x00000000        0x0 ..\obj\synth.o
 .data          0x00000000        0x0 ..\obj\synth.o
 .text          0x00000000        0x0 ..\obj\stm32f4xx_gpio.o
 .data          0x00000000        0x0 ..\obj\stm32f4xx_gpio.o
 .bss           0x00000000        0x0 ..\obj\stm32f4xx_gpio.o
 .text.GPIO_DeInit
                0x00000000      0x120 ..\obj\stm32f4xx_gpio.o
 .text.GPIO_StructInit
                0x00000000       0x34 ..\obj\stm32f4xx_gpio.o
 .text.GPIO_PinLockConfig
                0x00000000       0x44 ..\obj\stm32f4xx_gpio.o
 .text.GPIO_ReadInputDataBit
                0x00000000       0x34 ..\obj\stm32f4xx_gpio.o
 .text.GPIO_ReadInputData
                0x00000000       0x1c ..\obj\stm32f4xx_gpio.o
 .text.GPIO_ReadOutputDataBit
                0x00000000       0x34 ..\obj\stm32f4xx_gpio.o
 .text.GPIO_ReadOutputData
                0x00000000       0x1c ..\obj\stm32f4xx_gpio.o
 .text.GPIO_Write
                0x00000000       0x1c ..\obj\stm32f4xx_gpio.o
 .text.GPIO_ToggleBits
                0x00000000       0x24 ..\obj\stm32f4xx_gpio.o
 .text          0x00000000        0x0 ..\obj\system_stm32f4xx.o
 .data          0x00000000       0x14 ..\obj\system_stm32f4xx.o
 .bss           0x00000000        0x0 ..\obj\system_stm32f4xx.o
 .text.SystemCoreClockUpdate
                0x00000000       0xf8 ..\obj\system_stm32f4xx.o
 .text          0x00000000        0x0 ..\obj\syscalls.o
 .data          0x00000000        0x0 ..\obj\syscalls.o
 .text.link     0x00000000       0x1c ..\obj\syscalls.o
 .text._close   0x00000000       0x18 ..\obj\syscalls.o
 .text._fstat   0x00000000       0x20 ..\obj\syscalls.o
 .text._isatty  0x00000000       0x18 ..\obj\syscalls.o
 .text._lseek   0x00000000       0x1c ..\obj\syscalls.o
 .text._read    0x00000000       0x1c ..\obj\syscalls.o
 .text._write   0x00000000       0x1c ..\obj\syscalls.o
 .text.abort    0x00000000        0x8 ..\obj\syscalls.o
 .text          0x00000000        0x0 ..\obj\stm32f4xx_dma.o
 .data          0x00000000        0x0 ..\obj\stm32f4xx_dma.o
 .bss           0x00000000        0x0 ..\obj\stm32f4xx_dma.o
 .text.DMA_StructInit
                0x00000000       0x6c ..\obj\stm32f4xx_dma.o
 .text.DMA_PeriphIncOffsetSizeConfig
                0x00000000       0x34 ..\obj\stm32f4xx_dma.o
 .text.DMA_FlowControllerConfig
                0x00000000       0x34 ..\obj\stm32f4xx_dma.o
 .text.DMA_SetCurrDataCounter
                0x00000000       0x1c ..\obj\stm32f4xx_dma.o
 .text.DMA_DoubleBufferModeConfig
                0x00000000       0x3c ..\obj\stm32f4xx_dma.o
 .text.DMA_DoubleBufferModeCmd
                0x00000000       0x38 ..\obj\stm32f4xx_dma.o
 .text.DMA_MemoryTargetConfig
                0x00000000       0x2c ..\obj\stm32f4xx_dma.o
 .text.DMA_GetCurrentMemoryTarget
                0x00000000       0x30 ..\obj\stm32f4xx_dma.o
 .text.DMA_GetCmdStatus
                0x00000000       0x30 ..\obj\stm32f4xx_dma.o
 .text.DMA_GetFIFOStatus
                0x00000000       0x24 ..\obj\stm32f4xx_dma.o
 .text          0x00000000        0x0 ..\obj\stm32f4xx_spi.o
 .data          0x00000000        0x0 ..\obj\stm32f4xx_spi.o
 .bss           0x00000000        0x0 ..\obj\stm32f4xx_spi.o
 .text.SPI_Init
                0x00000000       0x88 ..\obj\stm32f4xx_spi.o
 .text.SPI_StructInit
                0x00000000       0x48 ..\obj\stm32f4xx_spi.o
 .text.I2S_StructInit
                0x00000000       0x38 ..\obj\stm32f4xx_spi.o
 .text.SPI_Cmd  0x00000000       0x40 ..\obj\stm32f4xx_spi.o
 .text.SPI_DataSizeConfig
                0x00000000       0x38 ..\obj\stm32f4xx_spi.o
 .text.SPI_BiDirectionalLineConfig
                0x00000000       0x40 ..\obj\stm32f4xx_spi.o
 .text.SPI_NSSInternalSoftwareConfig
                0x00000000       0x44 ..\obj\stm32f4xx_spi.o
 .text.SPI_SSOutputCmd
                0x00000000       0x40 ..\obj\stm32f4xx_spi.o
 .text.SPI_TIModeCmd
                0x00000000       0x40 ..\obj\stm32f4xx_spi.o
 .text.I2S_FullDuplexConfig
                0x00000000       0x9c ..\obj\stm32f4xx_spi.o
 .text.SPI_I2S_ReceiveData
                0x00000000       0x1c ..\obj\stm32f4xx_spi.o
 .text.SPI_CalculateCRC
                0x00000000       0x40 ..\obj\stm32f4xx_spi.o
 .text.SPI_TransmitCRC
                0x00000000       0x24 ..\obj\stm32f4xx_spi.o
 .text.SPI_GetCRC
                0x00000000       0x34 ..\obj\stm32f4xx_spi.o
 .text.SPI_GetCRCPolynomial
                0x00000000       0x1c ..\obj\stm32f4xx_spi.o
 .text.SPI_I2S_ClearFlag
                0x00000000       0x20 ..\obj\stm32f4xx_spi.o
 .text.SPI_I2S_GetITStatus
                0x00000000       0x78 ..\obj\stm32f4xx_spi.o
 .text.SPI_I2S_ClearITPendingBit
                0x00000000       0x34 ..\obj\stm32f4xx_spi.o
 .text          0x00000000        0x0 ..\obj\stm32f4xx_i2c.o
 .data          0x00000000        0x0 ..\obj\stm32f4xx_i2c.o
 .bss           0x00000000        0x0 ..\obj\stm32f4xx_i2c.o
 .text.I2C_StructInit
                0x00000000       0x3c ..\obj\stm32f4xx_i2c.o
 .text.I2C_OwnAddress2Config
                0x00000000       0x40 ..\obj\stm32f4xx_i2c.o
 .text.I2C_DualAddressCmd
                0x00000000       0x40 ..\obj\stm32f4xx_i2c.o
 .text.I2C_GeneralCallCmd
                0x00000000       0x40 ..\obj\stm32f4xx_i2c.o
 .text.I2C_SoftwareResetCmd
                0x00000000       0x44 ..\obj\stm32f4xx_i2c.o
 .text.I2C_StretchClockCmd
                0x00000000       0x40 ..\obj\stm32f4xx_i2c.o
 .text.I2C_FastModeDutyCycleConfig
                0x00000000       0x40 ..\obj\stm32f4xx_i2c.o
 .text.I2C_NACKPositionConfig
                0x00000000       0x40 ..\obj\stm32f4xx_i2c.o
 .text.I2C_SMBusAlertConfig
                0x00000000       0x40 ..\obj\stm32f4xx_i2c.o
 .text.I2C_ARPCmd
                0x00000000       0x40 ..\obj\stm32f4xx_i2c.o
 .text.I2C_TransmitPEC
                0x00000000       0x40 ..\obj\stm32f4xx_i2c.o
 .text.I2C_PECPositionConfig
                0x00000000       0x40 ..\obj\stm32f4xx_i2c.o
 .text.I2C_CalculatePEC
                0x00000000       0x40 ..\obj\stm32f4xx_i2c.o
 .text.I2C_GetPEC
                0x00000000       0x20 ..\obj\stm32f4xx_i2c.o
 .text.I2C_DMACmd
                0x00000000       0x40 ..\obj\stm32f4xx_i2c.o
 .text.I2C_DMALastTransferCmd
                0x00000000       0x40 ..\obj\stm32f4xx_i2c.o
 .text.I2C_ReadRegister
                0x00000000       0x30 ..\obj\stm32f4xx_i2c.o
 .text.I2C_ITConfig
                0x00000000       0x48 ..\obj\stm32f4xx_i2c.o
 .text.I2C_GetLastEvent
                0x00000000       0x44 ..\obj\stm32f4xx_i2c.o
 .text.I2C_GetITStatus
                0x00000000       0x5c ..\obj\stm32f4xx_i2c.o
 .text.I2C_ClearITPendingBit
                0x00000000       0x2c ..\obj\stm32f4xx_i2c.o
 .text          0x00000000        0x0 ..\obj\misc.o
 .data          0x00000000        0x0 ..\obj\misc.o
 .bss           0x00000000        0x0 ..\obj\misc.o
 .text.NVIC_SetVectorTable
                0x00000000       0x2c ..\obj\misc.o
 .text.NVIC_SystemLPConfig
                0x00000000       0x40 ..\obj\misc.o
 .text.SysTick_CLKSourceConfig
                0x00000000       0x38 ..\obj\misc.o
 .text          0x00000000        0x0 ..\obj\wavetable.o
 .data          0x00000000        0x0 ..\obj\wavetable.o
 .bss           0x00000000        0x0 ..\obj\wavetable.o
 .debug_info    0x00000000       0x8e ..\obj\wavetable.o
 .debug_abbrev  0x00000000       0x49 ..\obj\wavetable.o
 .debug_aranges
                0x00000000       0x18 ..\obj\wavetable.o
 .debug_line    0x00000000      0x11d ..\obj\wavetable.o
 .debug_str     0x00000000      0x181 ..\obj\wavetable.o
 .comment       0x00000000       0x71 ..\obj\wavetable.o
 .ARM.attributes
                0x00000000       0x39 ..\obj\wavetable.o
 .text          0x00000000        0x0 ..\obj\midi.o
 .text          0x00000000        0x0 c:/program files (x86)/gnu tools arm embedded/4.8 2014q2/bin/../lib/gcc/arm-none-eabi/4.8.4/../../../../arm-none-eabi/lib/armv7e-m/fpu\libc.a(lib_a-malloc.o)
 .data          0x00000000        0x0 c:/program files (x86)/gnu tools arm embedded/4.8 2014q2/bin/../lib/gcc/arm-none-eabi/4.8.4/../../../../arm-none-eabi/lib/armv7e-m/fpu\libc.a(lib_a-malloc.o)
 .bss           0x00000000        0x0 c:/program files (x86)/gnu tools arm embedded/4.8 2014q2/bin/../lib/gcc/arm-none-eabi/4.8.4/../../../../arm-none-eabi/lib/armv7e-m/fpu\libc.a(lib_a-malloc.o)
 .text          0x00000000        0x0 c:/program files (x86)/gnu tools arm embedded/4.8 2014q2/bin/../lib/gcc/arm-none-eabi/4.8.4/../../../../arm-none-eabi/lib/armv7e-m/fpu\libc.a(lib_a-mallocr.o)
 .data          0x00000000        0x0 c:/program files (x86)/gnu tools arm embedded/4.8 2014q2/bin/../lib/gcc/arm-none-eabi/4.8.4/../../../../arm-none-eabi/lib/armv7e-m/fpu\libc.a(lib_a-mallocr.o)
 .bss           0x00000000        0x0 c:/program files (x86)/gnu tools arm embedded/4.8 2014q2/bin/../lib/gcc/arm-none-eabi/4.8.4/../../../../arm-none-eabi/lib/armv7e-m/fpu\libc.a(lib_a-mallocr.o)
 .text          0x00000000        0x0 c:/program files (x86)/gnu tools arm embedded/4.8 2014q2/bin/../lib/gcc/arm-none-eabi/4.8.4/../../../../arm-none-eabi/lib/armv7e-m/fpu\libc.a(lib_a-mlock.o)
 .data          0x00000000        0x0 c:/program files (x86)/gnu tools arm embedded/4.8 2014q2/bin/../lib/gcc/arm-none-eabi/4.8.4/../../../../arm-none-eabi/lib/armv7e-m/fpu\libc.a(lib_a-mlock.o)
 .bss           0x00000000        0x0 c:/program files (x86)/gnu tools arm embedded/4.8 2014q2/bin/../lib/gcc/arm-none-eabi/4.8.4/../../../../arm-none-eabi/lib/armv7e-m/fpu\libc.a(lib_a-mlock.o)
 .text          0x00000000        0x0 c:/program files (x86)/gnu tools arm embedded/4.8 2014q2/bin/../lib/gcc/arm-none-eabi/4.8.4/../../../../arm-none-eabi/lib/armv7e-m/fpu\libc.a(lib_a-sbrkr.o)
 .data          0x00000000        0x0 c:/program files (x86)/gnu tools arm embedded/4.8 2014q2/bin/../lib/gcc/arm-none-eabi/4.8.4/../../../../arm-none-eabi/lib/armv7e-m/fpu\libc.a(lib_a-sbrkr.o)
 .bss           0x00000000        0x0 c:/program files (x86)/gnu tools arm embedded/4.8 2014q2/bin/../lib/gcc/arm-none-eabi/4.8.4/../../../../arm-none-eabi/lib/armv7e-m/fpu\libc.a(lib_a-sbrkr.o)
 .text          0x00000000        0x0 c:/program files (x86)/gnu tools arm embedded/4.8 2014q2/bin/../lib/gcc/arm-none-eabi/4.8.4/../../../../arm-none-eabi/lib/armv7e-m/fpu\libc.a(lib_a-freer.o)
 .data          0x00000000        0x0 c:/program files (x86)/gnu tools arm embedded/4.8 2014q2/bin/../lib/gcc/arm-none-eabi/4.8.4/../../../../arm-none-eabi/lib/armv7e-m/fpu\libc.a(lib_a-freer.o)
 .bss           0x00000000        0x0 c:/program files (x86)/gnu tools arm embedded/4.8 2014q2/bin/../lib/gcc/arm-none-eabi/4.8.4/../../../../arm-none-eabi/lib/armv7e-m/fpu\libc.a(lib_a-freer.o)
 .text          0x00000000        0x0 c:/program files (x86)/gnu tools arm embedded/4.8 2014q2/bin/../lib/gcc/arm-none-eabi/4.8.4/../../../../arm-none-eabi/lib/armv7e-m/fpu\libc.a(lib_a-reent.o)
 .data          0x00000000        0x0 c:/program files (x86)/gnu tools arm embedded/4.8 2014q2/bin/../lib/gcc/arm-none-eabi/4.8.4/../../../../arm-none-eabi/lib/armv7e-m/fpu\libc.a(lib_a-reent.o)
 .bss           0x00000000        0x0 c:/program files (x86)/gnu tools arm embedded/4.8 2014q2/bin/../lib/gcc/arm-none-eabi/4.8.4/../../../../arm-none-eabi/lib/armv7e-m/fpu\libc.a(lib_a-reent.o)
 .text.cleanup_glue
                0x00000000       0x1c c:/program files (x86)/gnu tools arm embedded/4.8 2014q2/bin/../lib/gcc/arm-none-eabi/4.8.4/../../../../arm-none-eabi/lib/armv7e-m/fpu\libc.a(lib_a-reent.o)
 .text._reclaim_reent
                0x00000000       0x90 c:/program files (x86)/gnu tools arm embedded/4.8 2014q2/bin/../lib/gcc/arm-none-eabi/4.8.4/../../../../arm-none-eabi/lib/armv7e-m/fpu\libc.a(lib_a-reent.o)

Memory Configuration

Name             Origin             Length             Attributes
rom              0x08000000         0x00100000         xr
ram              0x20000000         0x00020000         xrw
ram1             0x10000000         0x00010000         xrw
*default*        0x00000000         0xffffffff

Linker script and memory map

                0x20020000                _eram = 0x20020000

.text           0x08000000     0xb17c
 *(.isr_vector)
 .isr_vector    0x08000000      0x188 ..\obj\startup_stm32f4xx.o
                0x08000000                g_pfnVectors
 *(.text*)
 .text.EVAL_AUDIO_Init
                0x08000188       0x58 ..\obj\stm32f4_discovery_audio_codec.o
                0x08000188                EVAL_AUDIO_Init
 .text.EVAL_AUDIO_Play
                0x080001e0       0x70 ..\obj\stm32f4_discovery_audio_codec.o
                0x080001e0                EVAL_AUDIO_Play
 .text.Audio_MAL_IRQHandler
                0x08000250       0x8c ..\obj\stm32f4_discovery_audio_codec.o
 .text.DMA1_Stream7_IRQHandler
                0x080002dc        0xc ..\obj\stm32f4_discovery_audio_codec.o
                0x080002dc                DMA1_Stream7_IRQHandler
 .text.DMA1_Stream0_IRQHandler
                0x080002e8        0xc ..\obj\stm32f4_discovery_audio_codec.o
                0x080002e8                DMA1_Stream0_IRQHandler
 .text.SPI3_IRQHandler
                0x080002f4       0x40 ..\obj\stm32f4_discovery_audio_codec.o
                0x080002f4                SPI3_IRQHandler
 .text.Codec_Init
                0x08000334      0x158 ..\obj\stm32f4_discovery_audio_codec.o
 .text.Codec_Play
                0x0800048c       0x10 ..\obj\stm32f4_discovery_audio_codec.o
 .text.Codec_VolumeCtrl
                0x0800049c       0x78 ..\obj\stm32f4_discovery_audio_codec.o
 .text.Codec_Reset
                0x08000514       0x28 ..\obj\stm32f4_discovery_audio_codec.o
 .text.Codec_WriteRegister
                0x0800053c      0x160 ..\obj\stm32f4_discovery_audio_codec.o
 .text.Codec_ReadRegister
                0x0800069c      0x208 ..\obj\stm32f4_discovery_audio_codec.o
 .text.Codec_CtrlInterface_Init
                0x080008a4       0x54 ..\obj\stm32f4_discovery_audio_codec.o
 .text.Codec_AudioInterface_Init
                0x080008f8       0x80 ..\obj\stm32f4_discovery_audio_codec.o
 .text.Codec_GPIO_Init
                0x08000978      0x120 ..\obj\stm32f4_discovery_audio_codec.o
 .text.Delay    0x08000a98       0x20 ..\obj\stm32f4_discovery_audio_codec.o
 .text.Audio_MAL_Init
                0x08000ab8      0x140 ..\obj\stm32f4_discovery_audio_codec.o
 .text.Audio_MAL_Play
                0x08000bf8       0x88 ..\obj\stm32f4_discovery_audio_codec.o
                0x08000bf8                Audio_MAL_Play
 .text.DAC_Config
                0x08000c80       0x5c ..\obj\stm32f4_discovery_audio_codec.o
                0x08000c80                DAC_Config
 .text.USART_Init
                0x08000cdc      0x174 ..\obj\stm32f4xx_usart.o
                0x08000cdc                USART_Init
 .text.USART_Cmd
                0x08000e50       0x40 ..\obj\stm32f4xx_usart.o
                0x08000e50                USART_Cmd
 .text.USART_SendData
                0x08000e90       0x24 ..\obj\stm32f4xx_usart.o
                0x08000e90                USART_SendData
 .text.USART_DMACmd
                0x08000eb4       0x48 ..\obj\stm32f4xx_usart.o
                0x08000eb4                USART_DMACmd
 .text.USART_GetFlagStatus
                0x08000efc       0x38 ..\obj\stm32f4xx_usart.o
                0x08000efc                USART_GetFlagStatus
 .text.DAC_Init
                0x08000f34       0x64 ..\obj\stm32f4xx_dac.o
                0x08000f34                DAC_Init
 .text.DAC_Cmd  0x08000f98       0x48 ..\obj\stm32f4xx_dac.o
                0x08000f98                DAC_Cmd
 .text.DAC_SetChannel1Data
                0x08000fe0       0x34 ..\obj\stm32f4xx_dac.o
                0x08000fe0                DAC_SetChannel1Data
 .text.add_note_last
                0x08001014       0x5c ..\obj\llist.o
                0x08001014                add_note_last
 .text.delete_note
                0x08001070       0x5c ..\obj\llist.o
                0x08001070                delete_note
 .text.get_last_note
                0x080010cc       0x34 ..\obj\llist.o
                0x080010cc                get_last_note
 .text.Default_Reset_Handler
                0x08001100       0x70 ..\obj\startup_stm32f4xx.o
                0x08001100                Default_Reset_Handler
                0x08001100                Reset_Handler
 .text.Default_Handler
                0x08001170        0x8 ..\obj\startup_stm32f4xx.o
                0x08001170                RTC_Alarm_IRQHandler
                0x08001170                HASH_RNG_IRQHandler
                0x08001170                EXTI2_IRQHandler
                0x08001170                TIM8_CC_IRQHandler
                0x08001170                DebugMon_Handler
                0x08001170                TIM1_CC_IRQHandler
                0x08001170                DMA2_Stream5_IRQHandler
                0x08001170                HardFault_Handler
                0x08001170                DMA1_Stream5_IRQHandler
                0x08001170                SysTick_Handler
                0x08001170                PVD_IRQHandler
                0x08001170                SDIO_IRQHandler
                0x08001170                TAMP_STAMP_IRQHandler
                0x08001170                PendSV_Handler
                0x08001170                NMI_Handler
                0x08001170                CAN2_RX1_IRQHandler
                0x08001170                EXTI3_IRQHandler
                0x08001170                TIM8_TRG_COM_TIM14_IRQHandler
                0x08001170                TIM1_UP_TIM10_IRQHandler
                0x08001170                TIM8_UP_TIM13_IRQHandler
                0x08001170                I2C3_ER_IRQHandler
                0x08001170                EXTI0_IRQHandler
                0x08001170                I2C2_EV_IRQHandler
                0x08001170                DMA1_Stream2_IRQHandler
                0x08001170                CAN1_RX0_IRQHandler
                0x08001170                FPU_IRQHandler
                0x08001170                OTG_HS_WKUP_IRQHandler
                0x08001170                UsageFault_Handler
                0x08001170                CAN2_SCE_IRQHandler
                0x08001170                DMA2_Stream2_IRQHandler
                0x08001170                SPI1_IRQHandler
                0x08001170                TIM6_DAC_IRQHandler
                0x08001170                TIM1_BRK_TIM9_IRQHandler
                0x08001170                DCMI_IRQHandler
                0x08001170                CAN2_RX0_IRQHandler
                0x08001170                DMA2_Stream3_IRQHandler
                0x08001170                USART6_IRQHandler
                0x08001170                CRYP_IRQHandler
                0x08001170                CAN1_RX1_IRQHandler
                0x08001170                UART5_IRQHandler
                0x08001170                DMA2_Stream0_IRQHandler
                0x08001170                TIM4_IRQHandler
                0x08001170                I2C1_EV_IRQHandler
                0x08001170                DMA1_Stream6_IRQHandler
                0x08001170                UART4_IRQHandler
                0x08001170                TIM3_IRQHandler
                0x08001170                RCC_IRQHandler
                0x08001170                TIM8_BRK_TIM12_IRQHandler
                0x08001170                EXTI15_10_IRQHandler
                0x08001170                ADC_IRQHandler
                0x08001170                TIM7_IRQHandler
                0x08001170                CAN2_TX_IRQHandler
                0x08001170                TIM5_IRQHandler
                0x08001170                DMA2_Stream7_IRQHandler
                0x08001170                I2C3_EV_IRQHandler
                0x08001170                EXTI9_5_IRQHandler
                0x08001170                RTC_WKUP_IRQHandler
                0x08001170                ETH_WKUP_IRQHandler
                0x08001170                SPI2_IRQHandler
                0x08001170                OTG_HS_EP1_IN_IRQHandler
                0x08001170                MemManage_Handler
                0x08001170                CAN1_TX_IRQHandler
                0x08001170                SVC_Handler
                0x08001170                EXTI4_IRQHandler
                0x08001170                FSMC_IRQHandler
                0x08001170                ETH_IRQHandler
                0x08001170                OTG_HS_EP1_OUT_IRQHandler
                0x08001170                WWDG_IRQHandler
                0x08001170                TIM2_IRQHandler
                0x08001170                OTG_FS_WKUP_IRQHandler
                0x08001170                TIM1_TRG_COM_TIM11_IRQHandler
                0x08001170                OTG_HS_IRQHandler
                0x08001170                EXTI1_IRQHandler
                0x08001170                USART2_IRQHandler
                0x08001170                I2C2_ER_IRQHandler
                0x08001170                DMA2_Stream1_IRQHandler
                0x08001170                CAN1_SCE_IRQHandler
                0x08001170                FLASH_IRQHandler
                0x08001170                DMA2_Stream4_IRQHandler
                0x08001170                BusFault_Handler
                0x08001170                USART1_IRQHandler
                0x08001170                OTG_FS_IRQHandler
                0x08001170                DMA1_Stream4_IRQHandler
                0x08001170                I2C1_ER_IRQHandler
                0x08001170                DMA2_Stream6_IRQHandler
                0x08001170                DMA1_Stream3_IRQHandler
 .text.main     0x08001178      0x17c ..\obj\main.o
                0x08001178                main
 .text.LED_PUSH_Start
                0x080012f4       0x64 ..\obj\main.o
                0x080012f4                LED_PUSH_Start
 .text.FDTI_Start
                0x08001358       0x74 ..\obj\main.o
                0x08001358                FDTI_Start
 .text.EVAL_AUDIO_TransferComplete_CallBack
                0x080013cc       0x28 ..\obj\main.o
                0x080013cc                EVAL_AUDIO_TransferComplete_CallBack
 .text.EVAL_AUDIO_HalfTransfer_CallBack
                0x080013f4       0x24 ..\obj\main.o
                0x080013f4                EVAL_AUDIO_HalfTransfer_CallBack
 .text.EVAL_AUDIO_GetSampleCallBack
                0x08001418       0x10 ..\obj\main.o
                0x08001418                EVAL_AUDIO_GetSampleCallBack
 .text.Codec_TIMEOUT_UserCallback
                0x08001428       0x10 ..\obj\main.o
                0x08001428                Codec_TIMEOUT_UserCallback
 .text.USART3_IRQHandler
                0x08001438        0xc ..\obj\main.o
                0x08001438                USART3_IRQHandler
 .text.DMA1_Stream1_IRQHandler
                0x08001444       0x24 ..\obj\main.o
                0x08001444                DMA1_Stream1_IRQHandler
 .text.RCC_GetClocksFreq
                0x08001468      0x154 ..\obj\stm32f4xx_rcc.o
                0x08001468                RCC_GetClocksFreq
 .text.RCC_AHB1PeriphClockCmd
                0x080015bc       0x3c ..\obj\stm32f4xx_rcc.o
                0x080015bc                RCC_AHB1PeriphClockCmd
 .text.RCC_APB1PeriphClockCmd
                0x080015f8       0x3c ..\obj\stm32f4xx_rcc.o
                0x080015f8                RCC_APB1PeriphClockCmd
 .text.RCC_APB1PeriphResetCmd
                0x08001634       0x3c ..\obj\stm32f4xx_rcc.o
                0x08001634                RCC_APB1PeriphResetCmd
 .text.RCC_APB2PeriphResetCmd
                0x08001670       0x3c ..\obj\stm32f4xx_rcc.o
                0x08001670                RCC_APB2PeriphResetCmd
 .text.PrintChar
                0x080016ac       0x30 ..\obj\printf.o
                0x080016ac                PrintChar
 .text.PutChar  0x080016dc       0x20 ..\obj\printf.o
                0x080016dc                PutChar
 .text.PutString
                0x080016fc       0x3c ..\obj\printf.o
                0x080016fc                PutString
 .text.PutUnsignedInt
                0x08001738       0xa0 ..\obj\printf.o
                0x08001738                PutUnsignedInt
 .text.PutSignedInt
                0x080017d8       0xfc ..\obj\printf.o
                0x080017d8                PutSignedInt
 .text.PutHexa  0x080018d4       0xd4 ..\obj\printf.o
                0x080018d4                PutHexa
 .text.vsnprintf
                0x080019a8      0x254 ..\obj\printf.o
                0x080019a8                vsnprintf
 .text.vsprintf
                0x08001bfc       0x24 ..\obj\printf.o
                0x08001bfc                vsprintf
 .text.vfprintf
                0x08001c20       0x68 ..\obj\printf.o
                0x08001c20                vfprintf
 .text.vprintf  0x08001c88       0x28 ..\obj\printf.o
                0x08001c88                vprintf
 .text.printf   0x08001cb0       0x28 ..\obj\printf.o
                0x08001cb0                printf
 .text.puts     0x08001cd8       0x24 ..\obj\printf.o
                0x08001cd8                puts
 .text.fputc    0x08001cfc       0x40 ..\obj\printf.o
                0x08001cfc                fputc
 .text.fputs    0x08001d3c       0x48 ..\obj\printf.o
                0x08001d3c                fputs
 .text.Make_Sound
                0x08001d84      0xc50 ..\obj\synth.o
                0x08001d84                Make_Sound
 .text.GPIO_Init
                0x080029d4      0x11c ..\obj\stm32f4xx_gpio.o
                0x080029d4                GPIO_Init
 .text.GPIO_SetBits
                0x08002af0       0x1c ..\obj\stm32f4xx_gpio.o
                0x08002af0                GPIO_SetBits
 .text.GPIO_ResetBits
                0x08002b0c       0x1c ..\obj\stm32f4xx_gpio.o
                0x08002b0c                GPIO_ResetBits
 .text.GPIO_WriteBit
                0x08002b28       0x30 ..\obj\stm32f4xx_gpio.o
                0x08002b28                GPIO_WriteBit
 .text.GPIO_PinAFConfig
                0x08002b58       0x8c ..\obj\stm32f4xx_gpio.o
                0x08002b58                GPIO_PinAFConfig
 .text.SystemInit
                0x08002be4       0x68 ..\obj\system_stm32f4xx.o
                0x08002be4                SystemInit
 .text.SetSysClock
                0x08002c4c      0x128 ..\obj\system_stm32f4xx.o
 .text._sbrk    0x08002d74       0x40 ..\obj\syscalls.o
                0x08002d74                _sbrk
 .text.DMA_DeInit
                0x08002db4      0x1a4 ..\obj\stm32f4xx_dma.o
                0x08002db4                DMA_DeInit
 .text.DMA_Init
                0x08002f58       0xac ..\obj\stm32f4xx_dma.o
                0x08002f58                DMA_Init
 .text.DMA_Cmd  0x08003004       0x38 ..\obj\stm32f4xx_dma.o
                0x08003004                DMA_Cmd
 .text.DMA_GetCurrDataCounter
                0x0800303c       0x1c ..\obj\stm32f4xx_dma.o
                0x0800303c                DMA_GetCurrDataCounter
 .text.DMA_GetFlagStatus
                0x08003058       0x78 ..\obj\stm32f4xx_dma.o
                0x08003058                DMA_GetFlagStatus
 .text.DMA_ClearFlag
                0x080030d0       0x5c ..\obj\stm32f4xx_dma.o
                0x080030d0                DMA_ClearFlag
 .text.DMA_ITConfig
                0x0800312c       0x74 ..\obj\stm32f4xx_dma.o
                0x0800312c                DMA_ITConfig
 .text.DMA_GetITStatus
                0x080031a0       0xb0 ..\obj\stm32f4xx_dma.o
                0x080031a0                DMA_GetITStatus
 .text.DMA_ClearITPendingBit
                0x08003250       0x5c ..\obj\stm32f4xx_dma.o
                0x08003250                DMA_ClearITPendingBit
 .text.SPI_I2S_DeInit
                0x080032ac       0x74 ..\obj\stm32f4xx_spi.o
                0x080032ac                SPI_I2S_DeInit
 .text.I2S_Init
                0x08003320      0x1b0 ..\obj\stm32f4xx_spi.o
                0x08003320                I2S_Init
 .text.I2S_Cmd  0x080034d0       0x40 ..\obj\stm32f4xx_spi.o
                0x080034d0                I2S_Cmd
 .text.SPI_I2S_SendData
                0x08003510       0x1c ..\obj\stm32f4xx_spi.o
                0x08003510                SPI_I2S_SendData
 .text.SPI_I2S_DMACmd
                0x0800352c       0x48 ..\obj\stm32f4xx_spi.o
                0x0800352c                SPI_I2S_DMACmd
 .text.SPI_I2S_ITConfig
                0x08003574       0x60 ..\obj\stm32f4xx_spi.o
                0x08003574                SPI_I2S_ITConfig
 .text.SPI_I2S_GetFlagStatus
                0x080035d4       0x38 ..\obj\stm32f4xx_spi.o
                0x080035d4                SPI_I2S_GetFlagStatus
 .text.I2C_DeInit
                0x0800360c       0x74 ..\obj\stm32f4xx_i2c.o
                0x0800360c                I2C_DeInit
 .text.I2C_Init
                0x08003680      0x184 ..\obj\stm32f4xx_i2c.o
                0x08003680                I2C_Init
 .text.I2C_Cmd  0x08003804       0x40 ..\obj\stm32f4xx_i2c.o
                0x08003804                I2C_Cmd
 .text.I2C_GenerateSTART
                0x08003844       0x40 ..\obj\stm32f4xx_i2c.o
                0x08003844                I2C_GenerateSTART
 .text.I2C_GenerateSTOP
                0x08003884       0x40 ..\obj\stm32f4xx_i2c.o
                0x08003884                I2C_GenerateSTOP
 .text.I2C_Send7bitAddress
                0x080038c4       0x3c ..\obj\stm32f4xx_i2c.o
                0x080038c4                I2C_Send7bitAddress
 .text.I2C_AcknowledgeConfig
                0x08003900       0x40 ..\obj\stm32f4xx_i2c.o
                0x08003900                I2C_AcknowledgeConfig
 .text.I2C_SendData
                0x08003940       0x20 ..\obj\stm32f4xx_i2c.o
                0x08003940                I2C_SendData
 .text.I2C_ReceiveData
                0x08003960       0x1c ..\obj\stm32f4xx_i2c.o
                0x08003960                I2C_ReceiveData
 .text.I2C_CheckEvent
                0x0800397c       0x60 ..\obj\stm32f4xx_i2c.o
                0x0800397c                I2C_CheckEvent
 .text.I2C_GetFlagStatus
                0x080039dc       0x68 ..\obj\stm32f4xx_i2c.o
                0x080039dc                I2C_GetFlagStatus
 .text.I2C_ClearFlag
                0x08003a44       0x2c ..\obj\stm32f4xx_i2c.o
                0x08003a44                I2C_ClearFlag
 .text.NVIC_PriorityGroupConfig
                0x08003a70       0x24 ..\obj\misc.o
                0x08003a70                NVIC_PriorityGroupConfig
 .text.NVIC_Init
                0x08003a94       0xbc ..\obj\misc.o
                0x08003a94                NVIC_Init
 .text.MIDI_Start
                0x08003b50      0x140 ..\obj\midi.o
                0x08003b50                MIDI_Start
 .text.MIDI_GetNbNewBytes
                0x08003c90       0x60 ..\obj\midi.o
                0x08003c90                MIDI_GetNbNewBytes
 .text.MIDI_parser
                0x08003cf0      0x4e4 ..\obj\midi.o
                0x08003cf0                MIDI_parser
 .text.ChangeParam
                0x080041d4      0x3ec ..\obj\midi.o
                0x080041d4                ChangeParam
 .text.malloc   0x080045c0       0x10 c:/program files (x86)/gnu tools arm embedded/4.8 2014q2/bin/../lib/gcc/arm-none-eabi/4.8.4/../../../../arm-none-eabi/lib/armv7e-m/fpu\libc.a(lib_a-malloc.o)
                0x080045c0                malloc
 .text.free     0x080045d0       0x10 c:/program files (x86)/gnu tools arm embedded/4.8 2014q2/bin/../lib/gcc/arm-none-eabi/4.8.4/../../../../arm-none-eabi/lib/armv7e-m/fpu\libc.a(lib_a-malloc.o)
                0x080045d0                free
 .text._malloc_r
                0x080045e0      0x538 c:/program files (x86)/gnu tools arm embedded/4.8 2014q2/bin/../lib/gcc/arm-none-eabi/4.8.4/../../../../arm-none-eabi/lib/armv7e-m/fpu\libc.a(lib_a-mallocr.o)
                0x080045e0                _malloc_r
 .text.__malloc_lock
                0x08004b18        0x4 c:/program files (x86)/gnu tools arm embedded/4.8 2014q2/bin/../lib/gcc/arm-none-eabi/4.8.4/../../../../arm-none-eabi/lib/armv7e-m/fpu\libc.a(lib_a-mlock.o)
                0x08004b18                __malloc_lock
 .text.__malloc_unlock
                0x08004b1c        0x4 c:/program files (x86)/gnu tools arm embedded/4.8 2014q2/bin/../lib/gcc/arm-none-eabi/4.8.4/../../../../arm-none-eabi/lib/armv7e-m/fpu\libc.a(lib_a-mlock.o)
                0x08004b1c                __malloc_unlock
 .text._sbrk_r  0x08004b20       0x24 c:/program files (x86)/gnu tools arm embedded/4.8 2014q2/bin/../lib/gcc/arm-none-eabi/4.8.4/../../../../arm-none-eabi/lib/armv7e-m/fpu\libc.a(lib_a-sbrkr.o)
                0x08004b20                _sbrk_r
 .text._malloc_trim_r
                0x08004b44       0x9c c:/program files (x86)/gnu tools arm embedded/4.8 2014q2/bin/../lib/gcc/arm-none-eabi/4.8.4/../../../../arm-none-eabi/lib/armv7e-m/fpu\libc.a(lib_a-freer.o)
                0x08004b44                _malloc_trim_r
 .text._free_r  0x08004be0      0x19c c:/program files (x86)/gnu tools arm embedded/4.8 2014q2/bin/../lib/gcc/arm-none-eabi/4.8.4/../../../../arm-none-eabi/lib/armv7e-m/fpu\libc.a(lib_a-freer.o)
                0x08004be0                _free_r
 *(.init)
 *(.fini)
 *crtbegin.o(.ctors)
 *crtbegin?.o(.ctors)
 *(EXCLUDE_FILE(*crtend.o *crtend?.o) .ctors)
 *(SORT(.ctors.*))
 *(.ctors)
 *crtbegin.o(.dtors)
 *crtbegin?.o(.dtors)
 *(EXCLUDE_FILE(*crtend.o *crtend?.o) .dtors)
 *(SORT(.dtors.*))
 *(.dtors)
 *(.rodata*)
 .rodata        0x08004d7c      0x1a8 ..\obj\main.o
                0x08004d7c                pitch_table
 .rodata        0x08004f24       0x24 ..\obj\printf.o
 .rodata        0x08004f48     0x6000 ..\obj\synth.o
                0x08004f48                square
                0x08005f48                triangle
                0x08006f48                sawtooth
                0x08007f48                distosine
                0x08008f48                sinewave
                0x08009f48                cosinewave
 .rodata        0x0800af48      0x234 ..\obj\midi.o
                0x0800af48                cutoff_CC
 *(.eh_fram e*)

.glue_7         0x0800b17c        0x0
 .glue_7        0x00000000        0x0 linker stubs

.glue_7t        0x0800b17c        0x0
 .glue_7t       0x00000000        0x0 linker stubs

.vfp11_veneer   0x0800b17c        0x0
 .vfp11_veneer  0x00000000        0x0 linker stubs

.v4_bx          0x0800b17c        0x0
 .v4_bx         0x00000000        0x0 linker stubs

.iplt           0x0800b17c        0x0
 .iplt          0x00000000        0x0 ..\obj\stm32f4_discovery_audio_codec.o

.rel.dyn        0x0800b17c        0x0
 .rel.iplt      0x00000000        0x0 ..\obj\stm32f4_discovery_audio_codec.o

.ARM.extab
 *(.ARM.extab* .gnu.linkonce.armextab.*)
                0x0800b17c                __exidx_start = .

.ARM.exidx
 *(.ARM.exidx* .gnu.linkonce.armexidx.*)
                0x0800b17c                __exidx_end = .
                0x0800b17c                __etext = .
                0x0800b17c                _sidata = __etext

.data           0x20000000      0x88c load address 0x0800b17c
                0x20000000                __data_start__ = .
                0x20000000                _sdata = __data_start__
 *(vtable)
 *(.data*)
 .data          0x20000000       0x34 ..\obj\stm32f4_discovery_audio_codec.o
                0x20000000                AudioTotalSize
                0x20000004                AudioRemSize
                0x20000008                CODECTimeout
                0x2000000c                CurrAudioInterface
                0x20000010                AUDIO_MAL_DMA_CLOCK
                0x20000014                AUDIO_MAL_DMA_STREAM
                0x20000018                AUDIO_MAL_DMA_DREG
                0x2000001c                AUDIO_MAL_DMA_IRQ
                0x20000020                AUDIO_MAL_DMA_FLAG_TC
                0x20000024                AUDIO_MAL_DMA_FLAG_HT
                0x20000028                AUDIO_MAL_DMA_FLAG_FE
                0x2000002c                AUDIO_MAL_DMA_FLAG_TE
                0x20000030                AUDIO_MAL_DMA_FLAG_DME
 .data          0x20000034       0x10 ..\obj\stm32f4xx_rcc.o
 *fill*         0x20000044        0x4 
 .data          0x20000048      0x430 ..\obj\printf.o
                0x20000048                r
                0x20000470                _impure_ptr
 .data          0x20000478        0x2 ..\obj\midi.o
 *fill*         0x2000047a        0x2 
 .data.__malloc_av_
                0x2000047c      0x408 c:/program files (x86)/gnu tools arm embedded/4.8 2014q2/bin/../lib/gcc/arm-none-eabi/4.8.4/../../../../arm-none-eabi/lib/armv7e-m/fpu\libc.a(lib_a-mallocr.o)
                0x2000047c                __malloc_av_
 .data.__malloc_trim_threshold
                0x20000884        0x4 c:/program files (x86)/gnu tools arm embedded/4.8 2014q2/bin/../lib/gcc/arm-none-eabi/4.8.4/../../../../arm-none-eabi/lib/armv7e-m/fpu\libc.a(lib_a-mallocr.o)
                0x20000884                __malloc_trim_threshold
 .data.__malloc_sbrk_base
                0x20000888        0x4 c:/program files (x86)/gnu tools arm embedded/4.8 2014q2/bin/../lib/gcc/arm-none-eabi/4.8.4/../../../../arm-none-eabi/lib/armv7e-m/fpu\libc.a(lib_a-mallocr.o)
                0x20000888                __malloc_sbrk_base
                0x2000088c                . = ALIGN (0x4)
                0x2000088c                PROVIDE (__preinit_array_start, .)
 *(.preinit_array)
                0x2000088c                PROVIDE (__preinit_array_end, .)
                0x2000088c                . = ALIGN (0x4)
                0x2000088c                PROVIDE (__init_array_start, .)
 *(SORT(.init_array.*))
 *(.init_array)
                0x2000088c                PROVIDE (__init_array_end, .)
                0x2000088c                . = ALIGN (0x4)
                0x2000088c                PROVIDE (__fini_array_start, .)
 *(SORT(.fini_array.*))
 *(.fini_array)
                0x2000088c                PROVIDE (__fini_array_end, .)
 *(.jcr*)
                0x2000088c                . = ALIGN (0x4)
                0x2000088c                __data_end__ = .
                0x2000088c                _edata = __data_end__

.igot.plt       0x2000088c        0x0 load address 0x0800ba08
 .igot.plt      0x00000000        0x0 ..\obj\stm32f4_discovery_audio_codec.o

.bss            0x2000088c      0x6e0 load address 0x0800ba08
                0x2000088c                . = ALIGN (0x4)
                0x2000088c                __bss_start__ = .
                0x2000088c                _sbss = __bss_start__
 *(.bss*)
 .bss           0x2000088c        0x8 ..\obj\stm32f4_discovery_audio_codec.o
                0x2000088c                OutputDev
                0x20000890                AUDIO_MAL_DMA_CHANNEL
 .bss           0x20000894        0x4 ..\obj\main.o
                0x20000894                note_list
 .bss           0x20000898       0x6c ..\obj\synth.o
 .bss           0x20000904        0x4 ..\obj\syscalls.o
 .bss           0x20000908       0x48 ..\obj\midi.o
 .bss.__malloc_max_total_mem
                0x20000950        0x4 c:/program files (x86)/gnu tools arm embedded/4.8 2014q2/bin/../lib/gcc/arm-none-eabi/4.8.4/../../../../arm-none-eabi/lib/armv7e-m/fpu\libc.a(lib_a-mallocr.o)
                0x20000950                __malloc_max_total_mem
 .bss.__malloc_max_sbrked_mem
                0x20000954        0x4 c:/program files (x86)/gnu tools arm embedded/4.8 2014q2/bin/../lib/gcc/arm-none-eabi/4.8.4/../../../../arm-none-eabi/lib/armv7e-m/fpu\libc.a(lib_a-mallocr.o)
                0x20000954                __malloc_max_sbrked_mem
 .bss.__malloc_top_pad
                0x20000958        0x4 c:/program files (x86)/gnu tools arm embedded/4.8 2014q2/bin/../lib/gcc/arm-none-eabi/4.8.4/../../../../arm-none-eabi/lib/armv7e-m/fpu\libc.a(lib_a-mallocr.o)
                0x20000958                __malloc_top_pad
 .bss.__malloc_current_mallinfo
                0x2000095c       0x28 c:/program files (x86)/gnu tools arm embedded/4.8 2014q2/bin/../lib/gcc/arm-none-eabi/4.8.4/../../../../arm-none-eabi/lib/armv7e-m/fpu\libc.a(lib_a-mallocr.o)
                0x2000095c                __malloc_current_mallinfo
 *(COMMON)
 COMMON         0x20000984       0x7c ..\obj\stm32f4_discovery_audio_codec.o
                0x20000984                CurrentPos
                0x20000988                AUDIO_MAL_DMA_InitStructure
                0x200009c4                DMA_InitStructure
 COMMON         0x20000a00      0x568 ..\obj\main.o
                0x20000a00                params
                0x20000a58                new_note_event
                0x20000a5c                global_pitch
                0x20000a60                trig
                0x20000a64                audiobuff
                0x20000f64                global_fc
 COMMON         0x20000f68        0x4 c:/program files (x86)/gnu tools arm embedded/4.8 2014q2/bin/../lib/gcc/arm-none-eabi/4.8.4/../../../../arm-none-eabi/lib/armv7e-m/fpu\libc.a(lib_a-reent.o)
                0x20000f68                errno
                0x20000f6c                . = ALIGN (0x4)
                0x20000f6c                __bss_end__ = .
                0x20000f6c                _ebss = __bss_end__

.heap           0x20000f6c        0x0
                0x20000f6c                __end__ = .
                0x20000f6c                _end = __end__
                0x20000f6c                end = __end__
 *(.heap*)
                0x20000f6c                __HeapLimit = .

.co_stack       0x20000f6c     0x8004 load address 0x0800c0e8
                0x20000f70                . = ALIGN (0x8)
 *fill*         0x20000f6c        0x4 
 *(.co_stack .co_stack.*)
 .co_stack      0x20000f70     0x8000 ..\obj\startup_stm32f4xx.o
                0x20000f70                pulStack
                0x20020000                __StackTop = (ORIGIN (ram) + 0x20000)
                0x20017ffc                __StackLimit = (__StackTop - SIZEOF (.co_stack))
                0x20020000                PROVIDE (__stack, __StackTop)
                0x00000001                ASSERT ((__StackLimit >= __HeapLimit), region ram  overflowed with stack)
LOAD ..\obj\stm32f4_discovery_audio_codec.o
LOAD ..\obj\stm32f4xx_usart.o
LOAD ..\obj\stm32f4xx_dac.o
LOAD ..\obj\llist.o
LOAD ..\obj\startup_stm32f4xx.o
LOAD ..\obj\main.o
LOAD ..\obj\stm32f4xx_rcc.o
LOAD ..\obj\printf.o
LOAD ..\obj\synth.o
LOAD ..\obj\stm32f4xx_gpio.o
LOAD ..\obj\system_stm32f4xx.o
LOAD ..\obj\syscalls.o
LOAD ..\obj\stm32f4xx_dma.o
LOAD ..\obj\stm32f4xx_spi.o
LOAD ..\obj\stm32f4xx_i2c.o
LOAD ..\obj\misc.o
LOAD ..\obj\wavetable.o
LOAD ..\obj\midi.o
LOAD c:/program files (x86)/gnu tools arm embedded/4.8 2014q2/bin/../lib/gcc/arm-none-eabi/4.8.4/../../../../arm-none-eabi/lib/armv7e-m/fpu\libm.a
LOAD c:/program files (x86)/gnu tools arm embedded/4.8 2014q2/bin/../lib/gcc/arm-none-eabi/4.8.4/armv7e-m/fpu\libgcc.a
LOAD c:/program files (x86)/gnu tools arm embedded/4.8 2014q2/bin/../lib/gcc/arm-none-eabi/4.8.4/../../../../arm-none-eabi/lib/armv7e-m/fpu\libc.a
START GROUP
LOAD c:/program files (x86)/gnu tools arm embedded/4.8 2014q2/bin/../lib/gcc/arm-none-eabi/4.8.4/armv7e-m/fpu\libgcc.a
LOAD c:/program files (x86)/gnu tools arm embedded/4.8 2014q2/bin/../lib/gcc/arm-none-eabi/4.8.4/../../../../arm-none-eabi/lib/armv7e-m/fpu\libg.a
LOAD c:/program files (x86)/gnu tools arm embedded/4.8 2014q2/bin/../lib/gcc/arm-none-eabi/4.8.4/../../../../arm-none-eabi/lib/armv7e-m/fpu\libc.a
END GROUP
OUTPUT(Murphy_v1.2.elf elf32-littlearm)

.debug_info     0x00000000     0x8b57
 .debug_info    0x00000000     0x1093 ..\obj\stm32f4_discovery_audio_codec.o
 .debug_info    0x00001093      0x9c2 ..\obj\stm32f4xx_usart.o
 .debug_info    0x00001a55      0x63a ..\obj\stm32f4xx_dac.o
 .debug_info    0x0000208f      0x286 ..\obj\llist.o
 .debug_info    0x00002315       0xed ..\obj\startup_stm32f4xx.o
 .debug_info    0x00002402      0x7f4 ..\obj\main.o
 .debug_info    0x00002bf6      0xc4d ..\obj\stm32f4xx_rcc.o
 .debug_info    0x00003843      0xf70 ..\obj\printf.o
 .debug_info    0x000047b3      0x672 ..\obj\synth.o
 .debug_info    0x00004e25      0x602 ..\obj\stm32f4xx_gpio.o
 .debug_info    0x00005427      0x592 ..\obj\system_stm32f4xx.o
 .debug_info    0x000059b9      0x3ee ..\obj\syscalls.o
 .debug_info    0x00005da7      0x739 ..\obj\stm32f4xx_dma.o
 .debug_info    0x000064e0      0xb07 ..\obj\stm32f4xx_spi.o
 .debug_info    0x00006fe7      0xaf4 ..\obj\stm32f4xx_i2c.o
 .debug_info    0x00007adb      0x53d ..\obj\misc.o
 .debug_info    0x00008018      0xb3f ..\obj\midi.o

.debug_abbrev   0x00000000     0x19a3
 .debug_abbrev  0x00000000      0x256 ..\obj\stm32f4_discovery_audio_codec.o
 .debug_abbrev  0x00000256      0x155 ..\obj\stm32f4xx_usart.o
 .debug_abbrev  0x000003ab      0x17c ..\obj\stm32f4xx_dac.o
 .debug_abbrev  0x00000527      0x10d ..\obj\llist.o
 .debug_abbrev  0x00000634       0xb0 ..\obj\startup_stm32f4xx.o
 .debug_abbrev  0x000006e4      0x1f6 ..\obj\main.o
 .debug_abbrev  0x000008da      0x1e3 ..\obj\stm32f4xx_rcc.o
 .debug_abbrev  0x00000abd      0x2c4 ..\obj\printf.o
 .debug_abbrev  0x00000d81      0x13f ..\obj\synth.o
 .debug_abbrev  0x00000ec0      0x1a3 ..\obj\stm32f4xx_gpio.o
 .debug_abbrev  0x00001063      0x136 ..\obj\system_stm32f4xx.o
 .debug_abbrev  0x00001199       0xe2 ..\obj\syscalls.o
 .debug_abbrev  0x0000127b      0x155 ..\obj\stm32f4xx_dma.o
 .debug_abbrev  0x000013d0      0x167 ..\obj\stm32f4xx_spi.o
 .debug_abbrev  0x00001537      0x164 ..\obj\stm32f4xx_i2c.o
 .debug_abbrev  0x0000169b      0x145 ..\obj\misc.o
 .debug_abbrev  0x000017e0      0x1c3 ..\obj\midi.o

.debug_aranges  0x00000000      0xa10
 .debug_aranges
                0x00000000      0x130 ..\obj\stm32f4_discovery_audio_codec.o
 .debug_aranges
                0x00000130      0x100 ..\obj\stm32f4xx_usart.o
 .debug_aranges
                0x00000230       0xa0 ..\obj\stm32f4xx_dac.o
 .debug_aranges
                0x000002d0       0x40 ..\obj\llist.o
 .debug_aranges
                0x00000310       0x28 ..\obj\startup_stm32f4xx.o
 .debug_aranges
                0x00000338       0x60 ..\obj\main.o
 .debug_aranges
                0x00000398      0x178 ..\obj\stm32f4xx_rcc.o
 .debug_aranges
                0x00000510       0xa0 ..\obj\printf.o
 .debug_aranges
                0x000005b0       0x20 ..\obj\synth.o
 .debug_aranges
                0x000005d0       0x88 ..\obj\stm32f4xx_gpio.o
 .debug_aranges
                0x00000658       0x30 ..\obj\system_stm32f4xx.o
 .debug_aranges
                0x00000688       0x60 ..\obj\syscalls.o
 .debug_aranges
                0x000006e8       0xb0 ..\obj\stm32f4xx_dma.o
 .debug_aranges
                0x00000798       0xe0 ..\obj\stm32f4xx_spi.o
 .debug_aranges
                0x00000878      0x120 ..\obj\stm32f4xx_i2c.o
 .debug_aranges
                0x00000998       0x40 ..\obj\misc.o
 .debug_aranges
                0x000009d8       0x38 ..\obj\midi.o

.debug_ranges   0x00000000      0x900
 .debug_ranges  0x00000000      0x120 ..\obj\stm32f4_discovery_audio_codec.o
 .debug_ranges  0x00000120       0xf0 ..\obj\stm32f4xx_usart.o
 .debug_ranges  0x00000210       0x90 ..\obj\stm32f4xx_dac.o
 .debug_ranges  0x000002a0       0x30 ..\obj\llist.o
 .debug_ranges  0x000002d0       0x18 ..\obj\startup_stm32f4xx.o
 .debug_ranges  0x000002e8       0x50 ..\obj\main.o
 .debug_ranges  0x00000338      0x168 ..\obj\stm32f4xx_rcc.o
 .debug_ranges  0x000004a0       0x90 ..\obj\printf.o
 .debug_ranges  0x00000530       0x10 ..\obj\synth.o
 .debug_ranges  0x00000540       0x78 ..\obj\stm32f4xx_gpio.o
 .debug_ranges  0x000005b8       0x20 ..\obj\system_stm32f4xx.o
 .debug_ranges  0x000005d8       0x50 ..\obj\syscalls.o
 .debug_ranges  0x00000628       0xa0 ..\obj\stm32f4xx_dma.o
 .debug_ranges  0x000006c8       0xd0 ..\obj\stm32f4xx_spi.o
 .debug_ranges  0x00000798      0x110 ..\obj\stm32f4xx_i2c.o
 .debug_ranges  0x000008a8       0x30 ..\obj\misc.o
 .debug_ranges  0x000008d8       0x28 ..\obj\midi.o

.debug_line     0x00000000     0x3b92
 .debug_line    0x00000000      0x6d2 ..\obj\stm32f4_discovery_audio_codec.o
 .debug_line    0x000006d2      0x4a9 ..\obj\stm32f4xx_usart.o
 .debug_line    0x00000b7b      0x35f ..\obj\stm32f4xx_dac.o
 .debug_line    0x00000eda      0x1e3 ..\obj\llist.o
 .debug_line    0x000010bd       0xa1 ..\obj\startup_stm32f4xx.o
 .debug_line    0x0000115e      0x31f ..\obj\main.o
 .debug_line    0x0000147d      0x5a1 ..\obj\stm32f4xx_rcc.o
 .debug_line    0x00001a1e      0x490 ..\obj\printf.o
 .debug_line    0x00001eae      0x2be ..\obj\synth.o
 .debug_line    0x0000216c      0x346 ..\obj\stm32f4xx_gpio.o
 .debug_line    0x000024b2      0x1fe ..\obj\system_stm32f4xx.o
 .debug_line    0x000026b0      0x171 ..\obj\syscalls.o
 .debug_line    0x00002821      0x3e3 ..\obj\stm32f4xx_dma.o
 .debug_line    0x00002c04      0x459 ..\obj\stm32f4xx_spi.o
 .debug_line    0x0000305d      0x4e2 ..\obj\stm32f4xx_i2c.o
 .debug_line    0x0000353f      0x24c ..\obj\misc.o
 .debug_line    0x0000378b      0x407 ..\obj\midi.o

.debug_str      0x00000000     0x3623
 .debug_str     0x00000000      0xfe3 ..\obj\stm32f4_discovery_audio_codec.o
                               0x108b (size before relaxing)
 .debug_str     0x00000fe3      0x4a1 ..\obj\stm32f4xx_usart.o
                                0x6b0 (size before relaxing)
 .debug_str     0x00001484      0x238 ..\obj\stm32f4xx_dac.o
                                0x474 (size before relaxing)
 .debug_str     0x000016bc       0xd2 ..\obj\llist.o
                                0x247 (size before relaxing)
 .debug_str     0x0000178e       0xae ..\obj\startup_stm32f4xx.o
                                0x168 (size before relaxing)
 .debug_str     0x0000183c      0x2af ..\obj\main.o
                                0x751 (size before relaxing)
 .debug_str     0x00001aeb      0x5e1 ..\obj\stm32f4xx_rcc.o
                                0x871 (size before relaxing)
 .debug_str     0x000020cc      0x4b0 ..\obj\printf.o
                                0x72a (size before relaxing)
 .debug_str     0x0000257c      0x1c0 ..\obj\synth.o
                                0x4f9 (size before relaxing)
 .debug_str     0x0000273c      0x174 ..\obj\stm32f4xx_gpio.o
                                0x4c4 (size before relaxing)
 .debug_str     0x000028b0      0x116 ..\obj\system_stm32f4xx.o
                                0x3cb (size before relaxing)
 .debug_str     0x000029c6      0x13c ..\obj\syscalls.o
                                0x2f5 (size before relaxing)
 .debug_str     0x00002b02      0x25f ..\obj\stm32f4xx_dma.o
                                0x563 (size before relaxing)
 .debug_str     0x00002d61      0x316 ..\obj\stm32f4xx_spi.o
                                0x6ab (size before relaxing)
 .debug_str     0x00003077      0x33e ..\obj\stm32f4xx_i2c.o
                                0x686 (size before relaxing)
 .debug_str     0x000033b5      0x15f ..\obj\misc.o
                                0x3ef (size before relaxing)
 .debug_str     0x00003514      0x10f ..\obj\midi.o
                                0xdc1 (size before relaxing)

.comment        0x00000000       0x70
 .comment       0x00000000       0x70 ..\obj\stm32f4_discovery_audio_codec.o
                                 0x71 (size before relaxing)
 .comment       0x00000000       0x71 ..\obj\stm32f4xx_usart.o
 .comment       0x00000000       0x71 ..\obj\stm32f4xx_dac.o
 .comment       0x00000000       0x71 ..\obj\llist.o
 .comment       0x00000000       0x71 ..\obj\startup_stm32f4xx.o
 .comment       0x00000000       0x71 ..\obj\main.o
 .comment       0x00000000       0x71 ..\obj\stm32f4xx_rcc.o
 .comment       0x00000000       0x71 ..\obj\printf.o
 .comment       0x00000000       0x71 ..\obj\synth.o
 .comment       0x00000000       0x71 ..\obj\stm32f4xx_gpio.o
 .comment       0x00000000       0x71 ..\obj\system_stm32f4xx.o
 .comment       0x00000000       0x71 ..\obj\syscalls.o
 .comment       0x00000000       0x71 ..\obj\stm32f4xx_dma.o
 .comment       0x00000000       0x71 ..\obj\stm32f4xx_spi.o
 .comment       0x00000000       0x71 ..\obj\stm32f4xx_i2c.o
 .comment       0x00000000       0x71 ..\obj\misc.o
 .comment       0x00000000       0x71 ..\obj\midi.o

.ARM.attributes
                0x00000000       0x39
 .ARM.attributes
                0x00000000       0x39 ..\obj\stm32f4_discovery_audio_codec.o
 .ARM.attributes
                0x00000039       0x39 ..\obj\stm32f4xx_usart.o
 .ARM.attributes
                0x00000072       0x39 ..\obj\stm32f4xx_dac.o
 .ARM.attributes
                0x000000ab       0x39 ..\obj\llist.o
 .ARM.attributes
                0x000000e4       0x39 ..\obj\startup_stm32f4xx.o
 .ARM.attributes
                0x0000011d       0x39 ..\obj\main.o
 .ARM.attributes
                0x00000156       0x39 ..\obj\stm32f4xx_rcc.o
 .ARM.attributes
                0x0000018f       0x39 ..\obj\printf.o
 .ARM.attributes
                0x000001c8       0x39 ..\obj\synth.o
 .ARM.attributes
                0x00000201       0x39 ..\obj\stm32f4xx_gpio.o
 .ARM.attributes
                0x0000023a       0x39 ..\obj\system_stm32f4xx.o
 .ARM.attributes
                0x00000273       0x39 ..\obj\syscalls.o
 .ARM.attributes
                0x000002ac       0x39 ..\obj\stm32f4xx_dma.o
 .ARM.attributes
                0x000002e5       0x39 ..\obj\stm32f4xx_spi.o
 .ARM.attributes
                0x0000031e       0x39 ..\obj\stm32f4xx_i2c.o
 .ARM.attributes
                0x00000357       0x39 ..\obj\misc.o
 .ARM.attributes
                0x00000390       0x39 ..\obj\midi.o
 .ARM.attributes
                0x000003c9       0x34 c:/program files (x86)/gnu tools arm embedded/4.8 2014q2/bin/../lib/gcc/arm-none-eabi/4.8.4/../../../../arm-none-eabi/lib/armv7e-m/fpu\libc.a(lib_a-malloc.o)
 .ARM.attributes
                0x000003fd       0x34 c:/program files (x86)/gnu tools arm embedded/4.8 2014q2/bin/../lib/gcc/arm-none-eabi/4.8.4/../../../../arm-none-eabi/lib/armv7e-m/fpu\libc.a(lib_a-mallocr.o)
 .ARM.attributes
                0x00000431       0x34 c:/program files (x86)/gnu tools arm embedded/4.8 2014q2/bin/../lib/gcc/arm-none-eabi/4.8.4/../../../../arm-none-eabi/lib/armv7e-m/fpu\libc.a(lib_a-mlock.o)
 .ARM.attributes
                0x00000465       0x34 c:/program files (x86)/gnu tools arm embedded/4.8 2014q2/bin/../lib/gcc/arm-none-eabi/4.8.4/../../../../arm-none-eabi/lib/armv7e-m/fpu\libc.a(lib_a-sbrkr.o)
 .ARM.attributes
                0x00000499       0x34 c:/program files (x86)/gnu tools arm embedded/4.8 2014q2/bin/../lib/gcc/arm-none-eabi/4.8.4/../../../../arm-none-eabi/lib/armv7e-m/fpu\libc.a(lib_a-freer.o)
 .ARM.attributes
                0x000004cd       0x34 c:/program files (x86)/gnu tools arm embedded/4.8 2014q2/bin/../lib/gcc/arm-none-eabi/4.8.4/../../../../arm-none-eabi/lib/armv7e-m/fpu\libc.a(lib_a-reent.o)

.debug_frame    0x00000000     0x20f8
 .debug_frame   0x00000000      0x43c ..\obj\stm32f4_discovery_audio_codec.o
 .debug_frame   0x0000043c      0x344 ..\obj\stm32f4xx_usart.o
 .debug_frame   0x00000780      0x1ec ..\obj\stm32f4xx_dac.o
 .debug_frame   0x0000096c       0xac ..\obj\llist.o
 .debug_frame   0x00000a18       0x48 ..\obj\startup_stm32f4xx.o
 .debug_frame   0x00000a60      0x114 ..\obj\main.o
 .debug_frame   0x00000b74      0x4d8 ..\obj\stm32f4xx_rcc.o
 .debug_frame   0x0000104c      0x248 ..\obj\printf.o
 .debug_frame   0x00001294       0x30 ..\obj\synth.o
 .debug_frame   0x000012c4      0x19c ..\obj\stm32f4xx_gpio.o
 .debug_frame   0x00001460       0x64 ..\obj\system_stm32f4xx.o
 .debug_frame   0x000014c4      0x108 ..\obj\syscalls.o
 .debug_frame   0x000015cc      0x224 ..\obj\stm32f4xx_dma.o
 .debug_frame   0x000017f0      0x2d0 ..\obj\stm32f4xx_spi.o
 .debug_frame   0x00001ac0      0x3b4 ..\obj\stm32f4xx_i2c.o
 .debug_frame   0x00001e74       0x9c ..\obj\misc.o
 .debug_frame   0x00001f10       0x8c ..\obj\midi.o
 .debug_frame   0x00001f9c       0x30 c:/program files (x86)/gnu tools arm embedded/4.8 2014q2/bin/../lib/gcc/arm-none-eabi/4.8.4/../../../../arm-none-eabi/lib/armv7e-m/fpu\libc.a(lib_a-malloc.o)
 .debug_frame   0x00001fcc       0x38 c:/program files (x86)/gnu tools arm embedded/4.8 2014q2/bin/../lib/gcc/arm-none-eabi/4.8.4/../../../../arm-none-eabi/lib/armv7e-m/fpu\libc.a(lib_a-mallocr.o)
 .debug_frame   0x00002004       0x30 c:/program files (x86)/gnu tools arm embedded/4.8 2014q2/bin/../lib/gcc/arm-none-eabi/4.8.4/../../../../arm-none-eabi/lib/armv7e-m/fpu\libc.a(lib_a-mlock.o)
 .debug_frame   0x00002034       0x2c c:/program files (x86)/gnu tools arm embedded/4.8 2014q2/bin/../lib/gcc/arm-none-eabi/4.8.4/../../../../arm-none-eabi/lib/armv7e-m/fpu\libc.a(lib_a-sbrkr.o)
 .debug_frame   0x00002060       0x50 c:/program files (x86)/gnu tools arm embedded/4.8 2014q2/bin/../lib/gcc/arm-none-eabi/4.8.4/../../../../arm-none-eabi/lib/armv7e-m/fpu\libc.a(lib_a-freer.o)
 .debug_frame   0x000020b0       0x48 c:/program files (x86)/gnu tools arm embedded/4.8 2014q2/bin/../lib/gcc/arm-none-eabi/4.8.4/../../../../arm-none-eabi/lib/armv7e-m/fpu\libc.a(lib_a-reent.o)
