Archive member included because of file (symbol)

c:/program files (x86)/gnu tools arm embedded/4.8 2014q2/bin/../lib/gcc/arm-none-eabi/4.8.4/../../../../arm-none-eabi/lib/armv7e-m/fpu\libc.a(lib_a-malloc.o)
                              ..\obj\llist.o (malloc)
c:/program files (x86)/gnu tools arm embedded/4.8 2014q2/bin/../lib/gcc/arm-none-eabi/4.8.4/../../../../arm-none-eabi/lib/armv7e-m/fpu\libc.a(lib_a-mallocr.o)
                              c:/program files (x86)/gnu tools arm embedded/4.8 2014q2/bin/../lib/gcc/arm-none-eabi/4.8.4/../../../../arm-none-eabi/lib/armv7e-m/fpu\libc.a(lib_a-malloc.o) (_malloc_r)
c:/program files (x86)/gnu tools arm embedded/4.8 2014q2/bin/../lib/gcc/arm-none-eabi/4.8.4/../../../../arm-none-eabi/lib/armv7e-m/fpu\libc.a(lib_a-memcpy.o)
                              ..\obj\startup_stm32f4xx.o (memcpy)
c:/program files (x86)/gnu tools arm embedded/4.8 2014q2/bin/../lib/gcc/arm-none-eabi/4.8.4/../../../../arm-none-eabi/lib/armv7e-m/fpu\libc.a(lib_a-memset.o)
                              ..\obj\printf.o (memset)
c:/program files (x86)/gnu tools arm embedded/4.8 2014q2/bin/../lib/gcc/arm-none-eabi/4.8.4/../../../../arm-none-eabi/lib/armv7e-m/fpu\libc.a(lib_a-mlock.o)
                              c:/program files (x86)/gnu tools arm embedded/4.8 2014q2/bin/../lib/gcc/arm-none-eabi/4.8.4/../../../../arm-none-eabi/lib/armv7e-m/fpu\libc.a(lib_a-mallocr.o) (__malloc_lock)
c:/program files (x86)/gnu tools arm embedded/4.8 2014q2/bin/../lib/gcc/arm-none-eabi/4.8.4/../../../../arm-none-eabi/lib/armv7e-m/fpu\libc.a(lib_a-sbrkr.o)
                              c:/program files (x86)/gnu tools arm embedded/4.8 2014q2/bin/../lib/gcc/arm-none-eabi/4.8.4/../../../../arm-none-eabi/lib/armv7e-m/fpu\libc.a(lib_a-mallocr.o) (_sbrk_r)
c:/program files (x86)/gnu tools arm embedded/4.8 2014q2/bin/../lib/gcc/arm-none-eabi/4.8.4/../../../../arm-none-eabi/lib/armv7e-m/fpu\libc.a(lib_a-freer.o)
                              c:/program files (x86)/gnu tools arm embedded/4.8 2014q2/bin/../lib/gcc/arm-none-eabi/4.8.4/../../../../arm-none-eabi/lib/armv7e-m/fpu\libc.a(lib_a-malloc.o) (_free_r)
c:/program files (x86)/gnu tools arm embedded/4.8 2014q2/bin/../lib/gcc/arm-none-eabi/4.8.4/../../../../arm-none-eabi/lib/armv7e-m/fpu\libc.a(lib_a-reent.o)
                              c:/program files (x86)/gnu tools arm embedded/4.8 2014q2/bin/../lib/gcc/arm-none-eabi/4.8.4/../../../../arm-none-eabi/lib/armv7e-m/fpu\libc.a(lib_a-sbrkr.o) (errno)

Allocating common symbols
Common symbol       size              file

CurrentPos          0x4               ..\obj\stm32f4_discovery_audio_codec.o
params              0x58              ..\obj\main.o
TempStr             0x1e              ..\obj\parameters.o
new_note_event      0x1               ..\obj\main.o
errno               0x4               c:/program files (x86)/gnu tools arm embedded/4.8 2014q2/bin/../lib/gcc/arm-none-eabi/4.8.4/../../../../arm-none-eabi/lib/armv7e-m/fpu\libc.a(lib_a-reent.o)
global_pitch        0x4               ..\obj\main.o
trig                0x1               ..\obj\main.o
audiobuff           0x500             ..\obj\main.o
AUDIO_MAL_DMA_InitStructure
                    0x3c              ..\obj\stm32f4_discovery_audio_codec.o
global_fc           0x4               ..\obj\main.o
DMA_InitStructure   0x3c              ..\obj\stm32f4_discovery_audio_codec.o

Discarded input sections

 .text          0x00000000        0x0 ..\obj\stm32f4xx_syscfg.o
 .data          0x00000000        0x0 ..\obj\stm32f4xx_syscfg.o
 .bss           0x00000000        0x0 ..\obj\stm32f4xx_syscfg.o
 .text.SYSCFG_DeInit
                0x00000000       0x1c ..\obj\stm32f4xx_syscfg.o
 .text.SYSCFG_MemoryRemapConfig
                0x00000000        0xc ..\obj\stm32f4xx_syscfg.o
 .text.SYSCFG_EXTILineConfig
                0x00000000       0x30 ..\obj\stm32f4xx_syscfg.o
 .text.SYSCFG_ETH_MediaInterfaceConfig
                0x00000000        0xc ..\obj\stm32f4xx_syscfg.o
 .text.SYSCFG_CompensationCellCmd
                0x00000000        0xc ..\obj\stm32f4xx_syscfg.o
 .text.SYSCFG_GetCompensationCellStatus
                0x00000000       0x10 ..\obj\stm32f4xx_syscfg.o
 .debug_info    0x00000000      0x2b5 ..\obj\stm32f4xx_syscfg.o
 .debug_abbrev  0x00000000      0x167 ..\obj\stm32f4xx_syscfg.o
 .debug_loc     0x00000000       0xa6 ..\obj\stm32f4xx_syscfg.o
 .debug_aranges
                0x00000000       0x48 ..\obj\stm32f4xx_syscfg.o
 .debug_ranges  0x00000000       0x38 ..\obj\stm32f4xx_syscfg.o
 .debug_line    0x00000000      0x26c ..\obj\stm32f4xx_syscfg.o
 .debug_str     0x00000000      0x32c ..\obj\stm32f4xx_syscfg.o
 .comment       0x00000000       0x71 ..\obj\stm32f4xx_syscfg.o
 .ARM.attributes
                0x00000000       0x39 ..\obj\stm32f4xx_syscfg.o
 .debug_frame   0x00000000       0x80 ..\obj\stm32f4xx_syscfg.o
 .text          0x00000000        0x0 ..\obj\stm32f4_discovery_audio_codec.o
 .text.EVAL_AUDIO_SetAudioInterface
                0x00000000       0xa8 ..\obj\stm32f4_discovery_audio_codec.o
 .text.EVAL_AUDIO_DeInit
                0x00000000       0xe4 ..\obj\stm32f4_discovery_audio_codec.o
 .text.EVAL_AUDIO_PauseResume
                0x00000000       0x98 ..\obj\stm32f4_discovery_audio_codec.o
 .text.EVAL_AUDIO_Stop
                0x00000000       0x78 ..\obj\stm32f4_discovery_audio_codec.o
 .text.EVAL_AUDIO_VolumeCtl
                0x00000000       0x44 ..\obj\stm32f4_discovery_audio_codec.o
 .text.EVAL_AUDIO_Mute
                0x00000000       0x1c ..\obj\stm32f4_discovery_audio_codec.o
 .text.Audio_MAL_Play
                0x00000000       0x3c ..\obj\stm32f4_discovery_audio_codec.o
 .text.DAC_Config
                0x00000000       0x50 ..\obj\stm32f4_discovery_audio_codec.o
 .text          0x00000000        0x0 ..\obj\stm32f4xx_usart.o
 .data          0x00000000        0x0 ..\obj\stm32f4xx_usart.o
 .bss           0x00000000        0x0 ..\obj\stm32f4xx_usart.o
 .text.USART_DeInit
                0x00000000       0xc8 ..\obj\stm32f4xx_usart.o
 .text.USART_StructInit
                0x00000000       0x18 ..\obj\stm32f4xx_usart.o
 .text.USART_ClockInit
                0x00000000       0x24 ..\obj\stm32f4xx_usart.o
 .text.USART_ClockStructInit
                0x00000000        0xc ..\obj\stm32f4xx_usart.o
 .text.USART_SetPrescaler
                0x00000000       0x14 ..\obj\stm32f4xx_usart.o
 .text.USART_OverSampling8Cmd
                0x00000000       0x1c ..\obj\stm32f4xx_usart.o
 .text.USART_OneBitMethodCmd
                0x00000000       0x1c ..\obj\stm32f4xx_usart.o
 .text.USART_ReceiveData
                0x00000000        0x8 ..\obj\stm32f4xx_usart.o
 .text.USART_SetAddress
                0x00000000       0x18 ..\obj\stm32f4xx_usart.o
 .text.USART_ReceiverWakeUpCmd
                0x00000000       0x1c ..\obj\stm32f4xx_usart.o
 .text.USART_WakeUpConfig
                0x00000000       0x18 ..\obj\stm32f4xx_usart.o
 .text.USART_LINBreakDetectLengthConfig
                0x00000000       0x18 ..\obj\stm32f4xx_usart.o
 .text.USART_LINCmd
                0x00000000       0x1c ..\obj\stm32f4xx_usart.o
 .text.USART_SendBreak
                0x00000000        0xc ..\obj\stm32f4xx_usart.o
 .text.USART_HalfDuplexCmd
                0x00000000       0x1c ..\obj\stm32f4xx_usart.o
 .text.USART_SetGuardTime
                0x00000000       0x14 ..\obj\stm32f4xx_usart.o
 .text.USART_SmartCardCmd
                0x00000000       0x1c ..\obj\stm32f4xx_usart.o
 .text.USART_SmartCardNACKCmd
                0x00000000       0x1c ..\obj\stm32f4xx_usart.o
 .text.USART_IrDAConfig
                0x00000000       0x18 ..\obj\stm32f4xx_usart.o
 .text.USART_IrDACmd
                0x00000000       0x1c ..\obj\stm32f4xx_usart.o
 .text.USART_ITConfig
                0x00000000       0x3c ..\obj\stm32f4xx_usart.o
 .text.USART_ClearFlag
                0x00000000        0x8 ..\obj\stm32f4xx_usart.o
 .text.USART_GetITStatus
                0x00000000       0x4c ..\obj\stm32f4xx_usart.o
 .text.USART_ClearITPendingBit
                0x00000000       0x10 ..\obj\stm32f4xx_usart.o
 .text          0x00000000        0x0 ..\obj\stm32f4xx_dac.o
 .data          0x00000000        0x0 ..\obj\stm32f4xx_dac.o
 .bss           0x00000000        0x0 ..\obj\stm32f4xx_dac.o
 .text.DAC_DeInit
                0x00000000       0x1c ..\obj\stm32f4xx_dac.o
 .text.DAC_StructInit
                0x00000000        0xc ..\obj\stm32f4xx_dac.o
 .text.DAC_SoftwareTriggerCmd
                0x00000000       0x28 ..\obj\stm32f4xx_dac.o
 .text.DAC_DualSoftwareTriggerCmd
                0x00000000       0x1c ..\obj\stm32f4xx_dac.o
 .text.DAC_WaveGenerationCmd
                0x00000000       0x20 ..\obj\stm32f4xx_dac.o
 .text.DAC_SetChannel2Data
                0x00000000       0x20 ..\obj\stm32f4xx_dac.o
 .text.DAC_SetDualChannelData
                0x00000000       0x18 ..\obj\stm32f4xx_dac.o
 .text.DAC_GetDataOutputValue
                0x00000000       0x24 ..\obj\stm32f4xx_dac.o
 .text.DAC_DMACmd
                0x00000000       0x2c ..\obj\stm32f4xx_dac.o
 .text.DAC_ITConfig
                0x00000000       0x20 ..\obj\stm32f4xx_dac.o
 .text.DAC_GetFlagStatus
                0x00000000       0x14 ..\obj\stm32f4xx_dac.o
 .text.DAC_ClearFlag
                0x00000000        0xc ..\obj\stm32f4xx_dac.o
 .text.DAC_GetITStatus
                0x00000000       0x1c ..\obj\stm32f4xx_dac.o
 .text.DAC_ClearITPendingBit
                0x00000000        0xc ..\obj\stm32f4xx_dac.o
 .text          0x00000000        0x0 ..\obj\llist.o
 .data          0x00000000        0x0 ..\obj\llist.o
 .bss           0x00000000        0x0 ..\obj\llist.o
 .text.add_note_first
                0x00000000       0x18 ..\obj\llist.o
 .text.get_last_note
                0x00000000       0x10 ..\obj\llist.o
 .text.print_all_note
                0x00000000       0x24 ..\obj\llist.o
 .rodata.str1.4
                0x00000000       0x1c ..\obj\llist.o
 .text          0x00000000        0x0 ..\obj\startup_stm32f4xx.o
 .data          0x00000000        0x0 ..\obj\startup_stm32f4xx.o
 .bss           0x00000000        0x0 ..\obj\startup_stm32f4xx.o
 .text          0x00000000        0x0 ..\obj\main.o
 .data          0x00000000        0x0 ..\obj\main.o
 .text          0x00000000        0x0 ..\obj\stm32f4xx_rcc.o
 .bss           0x00000000        0x0 ..\obj\stm32f4xx_rcc.o
 .text.RCC_DeInit
                0x00000000       0x34 ..\obj\stm32f4xx_rcc.o
 .text.RCC_HSEConfig
                0x00000000       0x10 ..\obj\stm32f4xx_rcc.o
 .text.RCC_WaitForHSEStartUp
                0x00000000       0x38 ..\obj\stm32f4xx_rcc.o
 .text.RCC_AdjustHSICalibrationValue
                0x00000000       0x14 ..\obj\stm32f4xx_rcc.o
 .text.RCC_HSICmd
                0x00000000        0xc ..\obj\stm32f4xx_rcc.o
 .text.RCC_LSEConfig
                0x00000000       0x20 ..\obj\stm32f4xx_rcc.o
 .text.RCC_LSICmd
                0x00000000        0xc ..\obj\stm32f4xx_rcc.o
 .text.RCC_PLLConfig
                0x00000000       0x24 ..\obj\stm32f4xx_rcc.o
 .text.RCC_PLLCmd
                0x00000000        0xc ..\obj\stm32f4xx_rcc.o
 .text.RCC_PLLI2SConfig
                0x00000000       0x14 ..\obj\stm32f4xx_rcc.o
 .text.RCC_PLLI2SCmd
                0x00000000        0xc ..\obj\stm32f4xx_rcc.o
 .text.RCC_ClockSecuritySystemCmd
                0x00000000        0xc ..\obj\stm32f4xx_rcc.o
 .text.RCC_MCO1Config
                0x00000000       0x14 ..\obj\stm32f4xx_rcc.o
 .text.RCC_MCO2Config
                0x00000000       0x14 ..\obj\stm32f4xx_rcc.o
 .text.RCC_SYSCLKConfig
                0x00000000       0x14 ..\obj\stm32f4xx_rcc.o
 .text.RCC_GetSYSCLKSource
                0x00000000       0x10 ..\obj\stm32f4xx_rcc.o
 .text.RCC_HCLKConfig
                0x00000000       0x14 ..\obj\stm32f4xx_rcc.o
 .text.RCC_PCLK1Config
                0x00000000       0x14 ..\obj\stm32f4xx_rcc.o
 .text.RCC_PCLK2Config
                0x00000000       0x14 ..\obj\stm32f4xx_rcc.o
 .text.RCC_RTCCLKConfig
                0x00000000       0x30 ..\obj\stm32f4xx_rcc.o
 .text.RCC_RTCCLKCmd
                0x00000000        0xc ..\obj\stm32f4xx_rcc.o
 .text.RCC_BackupResetCmd
                0x00000000        0xc ..\obj\stm32f4xx_rcc.o
 .text.RCC_I2SCLKConfig
                0x00000000        0xc ..\obj\stm32f4xx_rcc.o
 .text.RCC_AHB2PeriphClockCmd
                0x00000000       0x18 ..\obj\stm32f4xx_rcc.o
 .text.RCC_AHB3PeriphClockCmd
                0x00000000       0x18 ..\obj\stm32f4xx_rcc.o
 .text.RCC_AHB1PeriphResetCmd
                0x00000000       0x18 ..\obj\stm32f4xx_rcc.o
 .text.RCC_AHB2PeriphResetCmd
                0x00000000       0x18 ..\obj\stm32f4xx_rcc.o
 .text.RCC_AHB3PeriphResetCmd
                0x00000000       0x18 ..\obj\stm32f4xx_rcc.o
 .text.RCC_AHB1PeriphClockLPModeCmd
                0x00000000       0x18 ..\obj\stm32f4xx_rcc.o
 .text.RCC_AHB2PeriphClockLPModeCmd
                0x00000000       0x18 ..\obj\stm32f4xx_rcc.o
 .text.RCC_AHB3PeriphClockLPModeCmd
                0x00000000       0x18 ..\obj\stm32f4xx_rcc.o
 .text.RCC_APB1PeriphClockLPModeCmd
                0x00000000       0x18 ..\obj\stm32f4xx_rcc.o
 .text.RCC_APB2PeriphClockLPModeCmd
                0x00000000       0x18 ..\obj\stm32f4xx_rcc.o
 .text.RCC_ITConfig
                0x00000000       0x18 ..\obj\stm32f4xx_rcc.o
 .text.RCC_GetFlagStatus
                0x00000000       0x34 ..\obj\stm32f4xx_rcc.o
 .text.RCC_ClearFlag
                0x00000000       0x10 ..\obj\stm32f4xx_rcc.o
 .text.RCC_GetITStatus
                0x00000000       0x14 ..\obj\stm32f4xx_rcc.o
 .text.RCC_ClearITPendingBit
                0x00000000        0xc ..\obj\stm32f4xx_rcc.o
 .text          0x00000000        0x0 ..\obj\parameters.o
 .text.decdec   0x00000000       0x34 ..\obj\parameters.o
 .text          0x00000000        0x0 ..\obj\printf.o
 .bss           0x00000000        0x0 ..\obj\printf.o
 .text.PrintChar
                0x00000000       0x20 ..\obj\printf.o
 .text.PutChar  0x00000000        0x8 ..\obj\printf.o
 .text.PutString
                0x00000000       0x1c ..\obj\printf.o
 .text.PutUnsignedInt
                0x00000000       0xa0 ..\obj\printf.o
 .text.PutSignedInt
                0x00000000      0x170 ..\obj\printf.o
 .text.PutHexa  0x00000000       0xb4 ..\obj\printf.o
 .text.vsnprintf
                0x00000000      0x314 ..\obj\printf.o
 .text.snprintf
                0x00000000       0x1c ..\obj\printf.o
 .text.vsprintf
                0x00000000        0xc ..\obj\printf.o
 .text.vfprintf
                0x00000000       0xc4 ..\obj\printf.o
 .text.vprintf  0x00000000       0xc4 ..\obj\printf.o
 .text.fprintf  0x00000000       0xd0 ..\obj\printf.o
 .text.printf   0x00000000       0xd0 ..\obj\printf.o
 .text.sprintf  0x00000000       0x20 ..\obj\printf.o
 .text.fputc    0x00000000       0x3c ..\obj\printf.o
 .text.fputs    0x00000000       0x58 ..\obj\printf.o
 .rodata.str1.4
                0x00000000       0x24 ..\obj\printf.o
 .text          0x00000000        0x0 ..\obj\synth.o
 .data          0x00000000        0x0 ..\obj\synth.o
 .text          0x00000000        0x0 ..\obj\stm32f4xx_gpio.o
 .data          0x00000000        0x0 ..\obj\stm32f4xx_gpio.o
 .bss           0x00000000        0x0 ..\obj\stm32f4xx_gpio.o
 .text.GPIO_DeInit
                0x00000000      0x118 ..\obj\stm32f4xx_gpio.o
 .text.GPIO_StructInit
                0x00000000       0x14 ..\obj\stm32f4xx_gpio.o
 .text.GPIO_PinLockConfig
                0x00000000       0x24 ..\obj\stm32f4xx_gpio.o
 .text.GPIO_ReadInputDataBit
                0x00000000        0xc ..\obj\stm32f4xx_gpio.o
 .text.GPIO_ReadInputData
                0x00000000        0x8 ..\obj\stm32f4xx_gpio.o
 .text.GPIO_ReadOutputDataBit
                0x00000000        0xc ..\obj\stm32f4xx_gpio.o
 .text.GPIO_ReadOutputData
                0x00000000        0x8 ..\obj\stm32f4xx_gpio.o
 .text.GPIO_Write
                0x00000000        0x4 ..\obj\stm32f4xx_gpio.o
 .text.GPIO_ToggleBits
                0x00000000        0x8 ..\obj\stm32f4xx_gpio.o
 .text          0x00000000        0x0 ..\obj\system_stm32f4xx.o
 .data          0x00000000       0x14 ..\obj\system_stm32f4xx.o
 .bss           0x00000000        0x0 ..\obj\system_stm32f4xx.o
 .text.SystemCoreClockUpdate
                0x00000000       0x68 ..\obj\system_stm32f4xx.o
 .text          0x00000000        0x0 ..\obj\syscalls.o
 .data          0x00000000        0x0 ..\obj\syscalls.o
 .text.link     0x00000000        0x8 ..\obj\syscalls.o
 .text._close   0x00000000        0x8 ..\obj\syscalls.o
 .text._fstat   0x00000000        0xc ..\obj\syscalls.o
 .text._isatty  0x00000000        0x4 ..\obj\syscalls.o
 .text._lseek   0x00000000        0x4 ..\obj\syscalls.o
 .text._read    0x00000000        0x4 ..\obj\syscalls.o
 .text._write   0x00000000        0x4 ..\obj\syscalls.o
 .text.abort    0x00000000        0x4 ..\obj\syscalls.o
 .text          0x00000000        0x0 ..\obj\stm32f4xx_dma.o
 .data          0x00000000        0x0 ..\obj\stm32f4xx_dma.o
 .bss           0x00000000        0x0 ..\obj\stm32f4xx_dma.o
 .text.DMA_StructInit
                0x00000000       0x24 ..\obj\stm32f4xx_dma.o
 .text.DMA_PeriphIncOffsetSizeConfig
                0x00000000       0x14 ..\obj\stm32f4xx_dma.o
 .text.DMA_FlowControllerConfig
                0x00000000       0x14 ..\obj\stm32f4xx_dma.o
 .text.DMA_SetCurrDataCounter
                0x00000000        0x4 ..\obj\stm32f4xx_dma.o
 .text.DMA_DoubleBufferModeConfig
                0x00000000       0x18 ..\obj\stm32f4xx_dma.o
 .text.DMA_DoubleBufferModeCmd
                0x00000000       0x14 ..\obj\stm32f4xx_dma.o
 .text.DMA_MemoryTargetConfig
                0x00000000        0xc ..\obj\stm32f4xx_dma.o
 .text.DMA_GetCurrentMemoryTarget
                0x00000000        0x8 ..\obj\stm32f4xx_dma.o
 .text.DMA_GetCmdStatus
                0x00000000        0x8 ..\obj\stm32f4xx_dma.o
 .text.DMA_GetFIFOStatus
                0x00000000        0x8 ..\obj\stm32f4xx_dma.o
 .text          0x00000000        0x0 ..\obj\stm32f4xx_spi.o
 .data          0x00000000        0x0 ..\obj\stm32f4xx_spi.o
 .bss           0x00000000        0x0 ..\obj\stm32f4xx_spi.o
 .text.SPI_Init
                0x00000000       0x54 ..\obj\stm32f4xx_spi.o
 .text.SPI_StructInit
                0x00000000       0x18 ..\obj\stm32f4xx_spi.o
 .text.I2S_StructInit
                0x00000000       0x10 ..\obj\stm32f4xx_spi.o
 .text.SPI_Cmd  0x00000000       0x1c ..\obj\stm32f4xx_spi.o
 .text.SPI_DataSizeConfig
                0x00000000       0x18 ..\obj\stm32f4xx_spi.o
 .text.SPI_BiDirectionalLineConfig
                0x00000000       0x20 ..\obj\stm32f4xx_spi.o
 .text.SPI_NSSInternalSoftwareConfig
                0x00000000       0x20 ..\obj\stm32f4xx_spi.o
 .text.SPI_SSOutputCmd
                0x00000000       0x1c ..\obj\stm32f4xx_spi.o
 .text.SPI_TIModeCmd
                0x00000000       0x1c ..\obj\stm32f4xx_spi.o
 .text.I2S_FullDuplexConfig
                0x00000000       0x48 ..\obj\stm32f4xx_spi.o
 .text.SPI_I2S_ReceiveData
                0x00000000        0x8 ..\obj\stm32f4xx_spi.o
 .text.SPI_CalculateCRC
                0x00000000       0x1c ..\obj\stm32f4xx_spi.o
 .text.SPI_TransmitCRC
                0x00000000        0xc ..\obj\stm32f4xx_spi.o
 .text.SPI_GetCRC
                0x00000000        0xc ..\obj\stm32f4xx_spi.o
 .text.SPI_GetCRCPolynomial
                0x00000000        0x8 ..\obj\stm32f4xx_spi.o
 .text.SPI_I2S_ClearFlag
                0x00000000        0x8 ..\obj\stm32f4xx_spi.o
 .text.SPI_I2S_GetITStatus
                0x00000000       0x2c ..\obj\stm32f4xx_spi.o
 .text.SPI_I2S_ClearITPendingBit
                0x00000000       0x14 ..\obj\stm32f4xx_spi.o
 .text          0x00000000        0x0 ..\obj\stm32f4xx_i2c.o
 .data          0x00000000        0x0 ..\obj\stm32f4xx_i2c.o
 .bss           0x00000000        0x0 ..\obj\stm32f4xx_i2c.o
 .text.I2C_StructInit
                0x00000000       0x24 ..\obj\stm32f4xx_i2c.o
 .text.I2C_OwnAddress2Config
                0x00000000       0x14 ..\obj\stm32f4xx_i2c.o
 .text.I2C_DualAddressCmd
                0x00000000       0x1c ..\obj\stm32f4xx_i2c.o
 .text.I2C_GeneralCallCmd
                0x00000000       0x1c ..\obj\stm32f4xx_i2c.o
 .text.I2C_SoftwareResetCmd
                0x00000000       0x1c ..\obj\stm32f4xx_i2c.o
 .text.I2C_StretchClockCmd
                0x00000000       0x1c ..\obj\stm32f4xx_i2c.o
 .text.I2C_FastModeDutyCycleConfig
                0x00000000       0x20 ..\obj\stm32f4xx_i2c.o
 .text.I2C_NACKPositionConfig
                0x00000000       0x20 ..\obj\stm32f4xx_i2c.o
 .text.I2C_SMBusAlertConfig
                0x00000000       0x20 ..\obj\stm32f4xx_i2c.o
 .text.I2C_ARPCmd
                0x00000000       0x1c ..\obj\stm32f4xx_i2c.o
 .text.I2C_TransmitPEC
                0x00000000       0x1c ..\obj\stm32f4xx_i2c.o
 .text.I2C_PECPositionConfig
                0x00000000       0x20 ..\obj\stm32f4xx_i2c.o
 .text.I2C_CalculatePEC
                0x00000000       0x1c ..\obj\stm32f4xx_i2c.o
 .text.I2C_GetPEC
                0x00000000        0x8 ..\obj\stm32f4xx_i2c.o
 .text.I2C_DMACmd
                0x00000000       0x1c ..\obj\stm32f4xx_i2c.o
 .text.I2C_DMALastTransferCmd
                0x00000000       0x1c ..\obj\stm32f4xx_i2c.o
 .text.I2C_ReadRegister
                0x00000000       0x18 ..\obj\stm32f4xx_i2c.o
 .text.I2C_ITConfig
                0x00000000       0x14 ..\obj\stm32f4xx_i2c.o
 .text.I2C_GetLastEvent
                0x00000000       0x10 ..\obj\stm32f4xx_i2c.o
 .text.I2C_GetITStatus
                0x00000000       0x1c ..\obj\stm32f4xx_i2c.o
 .text.I2C_ClearITPendingBit
                0x00000000        0x8 ..\obj\stm32f4xx_i2c.o
 .text          0x00000000        0x0 ..\obj\misc.o
 .data          0x00000000        0x0 ..\obj\misc.o
 .bss           0x00000000        0x0 ..\obj\misc.o
 .text.NVIC_SetVectorTable
                0x00000000       0x14 ..\obj\misc.o
 .text.NVIC_SystemLPConfig
                0x00000000       0x18 ..\obj\misc.o
 .text.SysTick_CLKSourceConfig
                0x00000000       0x18 ..\obj\misc.o
 .text          0x00000000        0x0 ..\obj\wavetable.o
 .data          0x00000000        0x0 ..\obj\wavetable.o
 .bss           0x00000000        0x0 ..\obj\wavetable.o
 .debug_info    0x00000000       0x8e ..\obj\wavetable.o
 .debug_abbrev  0x00000000       0x49 ..\obj\wavetable.o
 .debug_aranges
                0x00000000       0x18 ..\obj\wavetable.o
 .debug_line    0x00000000      0x11d ..\obj\wavetable.o
 .debug_str     0x00000000      0x181 ..\obj\wavetable.o
 .comment       0x00000000       0x71 ..\obj\wavetable.o
 .ARM.attributes
                0x00000000       0x39 ..\obj\wavetable.o
 .text          0x00000000        0x0 ..\obj\midi.o
 .text          0x00000000        0x0 c:/program files (x86)/gnu tools arm embedded/4.8 2014q2/bin/../lib/gcc/arm-none-eabi/4.8.4/../../../../arm-none-eabi/lib/armv7e-m/fpu\libc.a(lib_a-malloc.o)
 .data          0x00000000        0x0 c:/program files (x86)/gnu tools arm embedded/4.8 2014q2/bin/../lib/gcc/arm-none-eabi/4.8.4/../../../../arm-none-eabi/lib/armv7e-m/fpu\libc.a(lib_a-malloc.o)
 .bss           0x00000000        0x0 c:/program files (x86)/gnu tools arm embedded/4.8 2014q2/bin/../lib/gcc/arm-none-eabi/4.8.4/../../../../arm-none-eabi/lib/armv7e-m/fpu\libc.a(lib_a-malloc.o)
 .text          0x00000000        0x0 c:/program files (x86)/gnu tools arm embedded/4.8 2014q2/bin/../lib/gcc/arm-none-eabi/4.8.4/../../../../arm-none-eabi/lib/armv7e-m/fpu\libc.a(lib_a-mallocr.o)
 .data          0x00000000        0x0 c:/program files (x86)/gnu tools arm embedded/4.8 2014q2/bin/../lib/gcc/arm-none-eabi/4.8.4/../../../../arm-none-eabi/lib/armv7e-m/fpu\libc.a(lib_a-mallocr.o)
 .bss           0x00000000        0x0 c:/program files (x86)/gnu tools arm embedded/4.8 2014q2/bin/../lib/gcc/arm-none-eabi/4.8.4/../../../../arm-none-eabi/lib/armv7e-m/fpu\libc.a(lib_a-mallocr.o)
 .data          0x00000000        0x0 c:/program files (x86)/gnu tools arm embedded/4.8 2014q2/bin/../lib/gcc/arm-none-eabi/4.8.4/../../../../arm-none-eabi/lib/armv7e-m/fpu\libc.a(lib_a-memcpy.o)
 .bss           0x00000000        0x0 c:/program files (x86)/gnu tools arm embedded/4.8 2014q2/bin/../lib/gcc/arm-none-eabi/4.8.4/../../../../arm-none-eabi/lib/armv7e-m/fpu\libc.a(lib_a-memcpy.o)
 .text          0x00000000        0x0 c:/program files (x86)/gnu tools arm embedded/4.8 2014q2/bin/../lib/gcc/arm-none-eabi/4.8.4/../../../../arm-none-eabi/lib/armv7e-m/fpu\libc.a(lib_a-memset.o)
 .data          0x00000000        0x0 c:/program files (x86)/gnu tools arm embedded/4.8 2014q2/bin/../lib/gcc/arm-none-eabi/4.8.4/../../../../arm-none-eabi/lib/armv7e-m/fpu\libc.a(lib_a-memset.o)
 .bss           0x00000000        0x0 c:/program files (x86)/gnu tools arm embedded/4.8 2014q2/bin/../lib/gcc/arm-none-eabi/4.8.4/../../../../arm-none-eabi/lib/armv7e-m/fpu\libc.a(lib_a-memset.o)
 .text.memset   0x00000000       0x94 c:/program files (x86)/gnu tools arm embedded/4.8 2014q2/bin/../lib/gcc/arm-none-eabi/4.8.4/../../../../arm-none-eabi/lib/armv7e-m/fpu\libc.a(lib_a-memset.o)
 .ARM.attributes
                0x00000000       0x34 c:/program files (x86)/gnu tools arm embedded/4.8 2014q2/bin/../lib/gcc/arm-none-eabi/4.8.4/../../../../arm-none-eabi/lib/armv7e-m/fpu\libc.a(lib_a-memset.o)
 .debug_frame   0x00000000       0x2c c:/program files (x86)/gnu tools arm embedded/4.8 2014q2/bin/../lib/gcc/arm-none-eabi/4.8.4/../../../../arm-none-eabi/lib/armv7e-m/fpu\libc.a(lib_a-memset.o)
 .text          0x00000000        0x0 c:/program files (x86)/gnu tools arm embedded/4.8 2014q2/bin/../lib/gcc/arm-none-eabi/4.8.4/../../../../arm-none-eabi/lib/armv7e-m/fpu\libc.a(lib_a-mlock.o)
 .data          0x00000000        0x0 c:/program files (x86)/gnu tools arm embedded/4.8 2014q2/bin/../lib/gcc/arm-none-eabi/4.8.4/../../../../arm-none-eabi/lib/armv7e-m/fpu\libc.a(lib_a-mlock.o)
 .bss           0x00000000        0x0 c:/program files (x86)/gnu tools arm embedded/4.8 2014q2/bin/../lib/gcc/arm-none-eabi/4.8.4/../../../../arm-none-eabi/lib/armv7e-m/fpu\libc.a(lib_a-mlock.o)
 .text          0x00000000        0x0 c:/program files (x86)/gnu tools arm embedded/4.8 2014q2/bin/../lib/gcc/arm-none-eabi/4.8.4/../../../../arm-none-eabi/lib/armv7e-m/fpu\libc.a(lib_a-sbrkr.o)
 .data          0x00000000        0x0 c:/program files (x86)/gnu tools arm embedded/4.8 2014q2/bin/../lib/gcc/arm-none-eabi/4.8.4/../../../../arm-none-eabi/lib/armv7e-m/fpu\libc.a(lib_a-sbrkr.o)
 .bss           0x00000000        0x0 c:/program files (x86)/gnu tools arm embedded/4.8 2014q2/bin/../lib/gcc/arm-none-eabi/4.8.4/../../../../arm-none-eabi/lib/armv7e-m/fpu\libc.a(lib_a-sbrkr.o)
 .text          0x00000000        0x0 c:/program files (x86)/gnu tools arm embedded/4.8 2014q2/bin/../lib/gcc/arm-none-eabi/4.8.4/../../../../arm-none-eabi/lib/armv7e-m/fpu\libc.a(lib_a-freer.o)
 .data          0x00000000        0x0 c:/program files (x86)/gnu tools arm embedded/4.8 2014q2/bin/../lib/gcc/arm-none-eabi/4.8.4/../../../../arm-none-eabi/lib/armv7e-m/fpu\libc.a(lib_a-freer.o)
 .bss           0x00000000        0x0 c:/program files (x86)/gnu tools arm embedded/4.8 2014q2/bin/../lib/gcc/arm-none-eabi/4.8.4/../../../../arm-none-eabi/lib/armv7e-m/fpu\libc.a(lib_a-freer.o)
 .text          0x00000000        0x0 c:/program files (x86)/gnu tools arm embedded/4.8 2014q2/bin/../lib/gcc/arm-none-eabi/4.8.4/../../../../arm-none-eabi/lib/armv7e-m/fpu\libc.a(lib_a-reent.o)
 .data          0x00000000        0x0 c:/program files (x86)/gnu tools arm embedded/4.8 2014q2/bin/../lib/gcc/arm-none-eabi/4.8.4/../../../../arm-none-eabi/lib/armv7e-m/fpu\libc.a(lib_a-reent.o)
 .bss           0x00000000        0x0 c:/program files (x86)/gnu tools arm embedded/4.8 2014q2/bin/../lib/gcc/arm-none-eabi/4.8.4/../../../../arm-none-eabi/lib/armv7e-m/fpu\libc.a(lib_a-reent.o)
 .text.cleanup_glue
                0x00000000       0x1c c:/program files (x86)/gnu tools arm embedded/4.8 2014q2/bin/../lib/gcc/arm-none-eabi/4.8.4/../../../../arm-none-eabi/lib/armv7e-m/fpu\libc.a(lib_a-reent.o)
 .text._reclaim_reent
                0x00000000       0x90 c:/program files (x86)/gnu tools arm embedded/4.8 2014q2/bin/../lib/gcc/arm-none-eabi/4.8.4/../../../../arm-none-eabi/lib/armv7e-m/fpu\libc.a(lib_a-reent.o)

Memory Configuration

Name             Origin             Length             Attributes
rom              0x08000000         0x00100000         xr
ram              0x20000000         0x00020000         xrw
ram1             0x10000000         0x00010000         xrw
*default*        0x00000000         0xffffffff

Linker script and memory map

                0x20020000                _eram = 0x20020000

.text           0x08000000     0x9720
 *(.isr_vector)
 .isr_vector    0x08000000      0x188 ..\obj\startup_stm32f4xx.o
                0x08000000                g_pfnVectors
 *(.text*)
 .text.Codec_WriteRegister
                0x08000188      0x25c ..\obj\stm32f4_discovery_audio_codec.o
 .text.EVAL_AUDIO_Init
                0x080003e4      0x420 ..\obj\stm32f4_discovery_audio_codec.o
                0x080003e4                EVAL_AUDIO_Init
 .text.EVAL_AUDIO_Play
                0x08000804       0x68 ..\obj\stm32f4_discovery_audio_codec.o
                0x08000804                EVAL_AUDIO_Play
 .text.DMA1_Stream7_IRQHandler
                0x0800086c       0x50 ..\obj\stm32f4_discovery_audio_codec.o
                0x0800086c                DMA1_Stream7_IRQHandler
 .text.DMA1_Stream0_IRQHandler
                0x080008bc       0x50 ..\obj\stm32f4_discovery_audio_codec.o
                0x080008bc                DMA1_Stream0_IRQHandler
 .text.SPI3_IRQHandler
                0x0800090c       0x3c ..\obj\stm32f4_discovery_audio_codec.o
                0x0800090c                SPI3_IRQHandler
 .text.USART_Init
                0x08000948       0xc4 ..\obj\stm32f4xx_usart.o
                0x08000948                USART_Init
 .text.USART_Cmd
                0x08000a0c       0x1c ..\obj\stm32f4xx_usart.o
                0x08000a0c                USART_Cmd
 .text.USART_SendData
                0x08000a28        0x8 ..\obj\stm32f4xx_usart.o
                0x08000a28                USART_SendData
 .text.USART_DMACmd
                0x08000a30       0x14 ..\obj\stm32f4xx_usart.o
                0x08000a30                USART_DMACmd
 .text.USART_GetFlagStatus
                0x08000a44        0xc ..\obj\stm32f4xx_usart.o
                0x08000a44                USART_GetFlagStatus
 .text.DAC_Init
                0x08000a50       0x30 ..\obj\stm32f4xx_dac.o
                0x08000a50                DAC_Init
 .text.DAC_Cmd  0x08000a80       0x28 ..\obj\stm32f4xx_dac.o
                0x08000a80                DAC_Cmd
 .text.DAC_SetChannel1Data
                0x08000aa8       0x20 ..\obj\stm32f4xx_dac.o
                0x08000aa8                DAC_SetChannel1Data
 .text.add_note_last
                0x08000ac8       0x30 ..\obj\llist.o
                0x08000ac8                add_note_last
 .text.delete_note
                0x08000af8       0xc0 ..\obj\llist.o
                0x08000af8                delete_note
 .text.Default_Handler
                0x08000bb8        0x4 ..\obj\startup_stm32f4xx.o
                0x08000bb8                RTC_Alarm_IRQHandler
                0x08000bb8                HASH_RNG_IRQHandler
                0x08000bb8                EXTI2_IRQHandler
                0x08000bb8                TIM8_CC_IRQHandler
                0x08000bb8                DebugMon_Handler
                0x08000bb8                TIM1_CC_IRQHandler
                0x08000bb8                DMA2_Stream5_IRQHandler
                0x08000bb8                HardFault_Handler
                0x08000bb8                DMA1_Stream5_IRQHandler
                0x08000bb8                SysTick_Handler
                0x08000bb8                PVD_IRQHandler
                0x08000bb8                SDIO_IRQHandler
                0x08000bb8                TAMP_STAMP_IRQHandler
                0x08000bb8                PendSV_Handler
                0x08000bb8                NMI_Handler
                0x08000bb8                CAN2_RX1_IRQHandler
                0x08000bb8                EXTI3_IRQHandler
                0x08000bb8                TIM8_TRG_COM_TIM14_IRQHandler
                0x08000bb8                TIM1_UP_TIM10_IRQHandler
                0x08000bb8                TIM8_UP_TIM13_IRQHandler
                0x08000bb8                I2C3_ER_IRQHandler
                0x08000bb8                EXTI0_IRQHandler
                0x08000bb8                I2C2_EV_IRQHandler
                0x08000bb8                DMA1_Stream2_IRQHandler
                0x08000bb8                CAN1_RX0_IRQHandler
                0x08000bb8                FPU_IRQHandler
                0x08000bb8                OTG_HS_WKUP_IRQHandler
                0x08000bb8                UsageFault_Handler
                0x08000bb8                CAN2_SCE_IRQHandler
                0x08000bb8                SPI1_IRQHandler
                0x08000bb8                TIM6_DAC_IRQHandler
                0x08000bb8                TIM1_BRK_TIM9_IRQHandler
                0x08000bb8                DCMI_IRQHandler
                0x08000bb8                CAN2_RX0_IRQHandler
                0x08000bb8                DMA2_Stream3_IRQHandler
                0x08000bb8                USART6_IRQHandler
                0x08000bb8                CRYP_IRQHandler
                0x08000bb8                CAN1_RX1_IRQHandler
                0x08000bb8                UART5_IRQHandler
                0x08000bb8                DMA2_Stream0_IRQHandler
                0x08000bb8                TIM4_IRQHandler
                0x08000bb8                I2C1_EV_IRQHandler
                0x08000bb8                DMA1_Stream6_IRQHandler
                0x08000bb8                UART4_IRQHandler
                0x08000bb8                TIM3_IRQHandler
                0x08000bb8                RCC_IRQHandler
                0x08000bb8                TIM8_BRK_TIM12_IRQHandler
                0x08000bb8                EXTI15_10_IRQHandler
                0x08000bb8                ADC_IRQHandler
                0x08000bb8                TIM7_IRQHandler
                0x08000bb8                CAN2_TX_IRQHandler
                0x08000bb8                TIM5_IRQHandler
                0x08000bb8                DMA2_Stream7_IRQHandler
                0x08000bb8                I2C3_EV_IRQHandler
                0x08000bb8                EXTI9_5_IRQHandler
                0x08000bb8                RTC_WKUP_IRQHandler
                0x08000bb8                ETH_WKUP_IRQHandler
                0x08000bb8                SPI2_IRQHandler
                0x08000bb8                OTG_HS_EP1_IN_IRQHandler
                0x08000bb8                MemManage_Handler
                0x08000bb8                CAN1_TX_IRQHandler
                0x08000bb8                SVC_Handler
                0x08000bb8                EXTI4_IRQHandler
                0x08000bb8                FSMC_IRQHandler
                0x08000bb8                ETH_IRQHandler
                0x08000bb8                OTG_HS_EP1_OUT_IRQHandler
                0x08000bb8                WWDG_IRQHandler
                0x08000bb8                TIM2_IRQHandler
                0x08000bb8                OTG_FS_WKUP_IRQHandler
                0x08000bb8                TIM1_TRG_COM_TIM11_IRQHandler
                0x08000bb8                OTG_HS_IRQHandler
                0x08000bb8                EXTI1_IRQHandler
                0x08000bb8                USART2_IRQHandler
                0x08000bb8                I2C2_ER_IRQHandler
                0x08000bb8                DMA2_Stream1_IRQHandler
                0x08000bb8                CAN1_SCE_IRQHandler
                0x08000bb8                FLASH_IRQHandler
                0x08000bb8                DMA2_Stream4_IRQHandler
                0x08000bb8                BusFault_Handler
                0x08000bb8                OTG_FS_IRQHandler
                0x08000bb8                DMA1_Stream4_IRQHandler
                0x08000bb8                I2C1_ER_IRQHandler
                0x08000bb8                DMA2_Stream6_IRQHandler
                0x08000bb8                DMA1_Stream3_IRQHandler
 .text.Default_Reset_Handler
                0x08000bbc       0x60 ..\obj\startup_stm32f4xx.o
                0x08000bbc                Default_Reset_Handler
                0x08000bbc                Reset_Handler
 .text.LED_PUSH_Start
                0x08000c1c       0x60 ..\obj\main.o
                0x08000c1c                LED_PUSH_Start
 .text.FDTI_Start
                0x08000c7c       0x80 ..\obj\main.o
                0x08000c7c                FDTI_Start
 .text.startup.main
                0x08000cfc       0xf4 ..\obj\main.o
                0x08000cfc                main
 .text.EVAL_AUDIO_TransferComplete_CallBack
                0x08000df0       0x1c ..\obj\main.o
                0x08000df0                EVAL_AUDIO_TransferComplete_CallBack
 .text.EVAL_AUDIO_HalfTransfer_CallBack
                0x08000e0c       0x1c ..\obj\main.o
                0x08000e0c                EVAL_AUDIO_HalfTransfer_CallBack
 .text.EVAL_AUDIO_GetSampleCallBack
                0x08000e28        0x4 ..\obj\main.o
                0x08000e28                EVAL_AUDIO_GetSampleCallBack
 .text.Codec_TIMEOUT_UserCallback
                0x08000e2c        0x4 ..\obj\main.o
                0x08000e2c                Codec_TIMEOUT_UserCallback
 .text.USART3_IRQHandler
                0x08000e30        0x4 ..\obj\main.o
                0x08000e30                USART3_IRQHandler
 .text.USART1_IRQHandler
                0x08000e34        0x4 ..\obj\main.o
                0x08000e34                USART1_IRQHandler
 .text.DMA1_Stream1_IRQHandler
                0x08000e38       0x24 ..\obj\main.o
                0x08000e38                DMA1_Stream1_IRQHandler
 .text.DMA2_Stream2_IRQHandler
                0x08000e5c       0x24 ..\obj\main.o
                0x08000e5c                DMA2_Stream2_IRQHandler
 .text.RCC_GetClocksFreq
                0x08000e80       0x90 ..\obj\stm32f4xx_rcc.o
                0x08000e80                RCC_GetClocksFreq
 .text.RCC_AHB1PeriphClockCmd
                0x08000f10       0x18 ..\obj\stm32f4xx_rcc.o
                0x08000f10                RCC_AHB1PeriphClockCmd
 .text.RCC_APB1PeriphClockCmd
                0x08000f28       0x18 ..\obj\stm32f4xx_rcc.o
                0x08000f28                RCC_APB1PeriphClockCmd
 .text.RCC_APB2PeriphClockCmd
                0x08000f40       0x18 ..\obj\stm32f4xx_rcc.o
                0x08000f40                RCC_APB2PeriphClockCmd
 .text.RCC_APB1PeriphResetCmd
                0x08000f58       0x18 ..\obj\stm32f4xx_rcc.o
                0x08000f58                RCC_APB1PeriphResetCmd
 .text.RCC_APB2PeriphResetCmd
                0x08000f70       0x18 ..\obj\stm32f4xx_rcc.o
                0x08000f70                RCC_APB2PeriphResetCmd
 .text.PARAMETERS_Start
                0x08000f88      0x12c ..\obj\parameters.o
                0x08000f88                PARAMETERS_Start
 .text.PARAMETERS_GetNbNewBytes
                0x080010b4       0x2c ..\obj\parameters.o
                0x080010b4                PARAMETERS_GetNbNewBytes
 .text.ChangeParam
                0x080010e0      0x29c ..\obj\parameters.o
                0x080010e0                ChangeParam
 .text.PARAMETERS_parser
                0x0800137c      0x1b0 ..\obj\parameters.o
                0x0800137c                PARAMETERS_parser
 .text.puts     0x0800152c       0x58 ..\obj\printf.o
                0x0800152c                puts
 .text.Make_Sound
                0x08001584      0x3c0 ..\obj\synth.o
                0x08001584                Make_Sound
 .text.GPIO_Init
                0x08001944       0xbc ..\obj\stm32f4xx_gpio.o
                0x08001944                GPIO_Init
 .text.GPIO_SetBits
                0x08001a00        0x4 ..\obj\stm32f4xx_gpio.o
                0x08001a00                GPIO_SetBits
 .text.GPIO_ResetBits
                0x08001a04        0x4 ..\obj\stm32f4xx_gpio.o
                0x08001a04                GPIO_ResetBits
 .text.GPIO_WriteBit
                0x08001a08        0xc ..\obj\stm32f4xx_gpio.o
                0x08001a08                GPIO_WriteBit
 .text.GPIO_PinAFConfig
                0x08001a14       0x28 ..\obj\stm32f4xx_gpio.o
                0x08001a14                GPIO_PinAFConfig
 .text.SystemInit
                0x08001a3c      0x120 ..\obj\system_stm32f4xx.o
                0x08001a3c                SystemInit
 .text._sbrk    0x08001b5c       0x1c ..\obj\syscalls.o
                0x08001b5c                _sbrk
 .text.DMA_DeInit
                0x08001b78      0x130 ..\obj\stm32f4xx_dma.o
                0x08001b78                DMA_DeInit
 .text.DMA_Init
                0x08001ca8       0x70 ..\obj\stm32f4xx_dma.o
                0x08001ca8                DMA_Init
 .text.DMA_Cmd  0x08001d18       0x14 ..\obj\stm32f4xx_dma.o
                0x08001d18                DMA_Cmd
 .text.DMA_GetCurrDataCounter
                0x08001d2c        0x8 ..\obj\stm32f4xx_dma.o
                0x08001d2c                DMA_GetCurrDataCounter
 .text.DMA_GetFlagStatus
                0x08001d34       0x3c ..\obj\stm32f4xx_dma.o
                0x08001d34                DMA_GetFlagStatus
 .text.DMA_ClearFlag
                0x08001d70       0x34 ..\obj\stm32f4xx_dma.o
                0x08001d70                DMA_ClearFlag
 .text.DMA_ITConfig
                0x08001da4       0x40 ..\obj\stm32f4xx_dma.o
                0x08001da4                DMA_ITConfig
 .text.DMA_GetITStatus
                0x08001de4       0x54 ..\obj\stm32f4xx_dma.o
                0x08001de4                DMA_GetITStatus
 .text.DMA_ClearITPendingBit
                0x08001e38       0x34 ..\obj\stm32f4xx_dma.o
                0x08001e38                DMA_ClearITPendingBit
 .text.SPI_I2S_DeInit
                0x08001e6c       0x6c ..\obj\stm32f4xx_spi.o
                0x08001e6c                SPI_I2S_DeInit
 .text.I2S_Init
                0x08001ed8       0xec ..\obj\stm32f4xx_spi.o
                0x08001ed8                I2S_Init
 .text.I2S_Cmd  0x08001fc4       0x1c ..\obj\stm32f4xx_spi.o
                0x08001fc4                I2S_Cmd
 .text.SPI_I2S_SendData
                0x08001fe0        0x4 ..\obj\stm32f4xx_spi.o
                0x08001fe0                SPI_I2S_SendData
 .text.SPI_I2S_DMACmd
                0x08001fe4       0x14 ..\obj\stm32f4xx_spi.o
                0x08001fe4                SPI_I2S_DMACmd
 .text.SPI_I2S_ITConfig
                0x08001ff8       0x20 ..\obj\stm32f4xx_spi.o
                0x08001ff8                SPI_I2S_ITConfig
 .text.SPI_I2S_GetFlagStatus
                0x08002018        0xc ..\obj\stm32f4xx_spi.o
                0x08002018                SPI_I2S_GetFlagStatus
 .text.I2C_DeInit
                0x08002024       0x6c ..\obj\stm32f4xx_i2c.o
                0x08002024                I2C_DeInit
 .text.I2C_Init
                0x08002090       0xe0 ..\obj\stm32f4xx_i2c.o
                0x08002090                I2C_Init
 .text.I2C_Cmd  0x08002170       0x1c ..\obj\stm32f4xx_i2c.o
                0x08002170                I2C_Cmd
 .text.I2C_GenerateSTART
                0x0800218c       0x1c ..\obj\stm32f4xx_i2c.o
                0x0800218c                I2C_GenerateSTART
 .text.I2C_GenerateSTOP
                0x080021a8       0x1c ..\obj\stm32f4xx_i2c.o
                0x080021a8                I2C_GenerateSTOP
 .text.I2C_Send7bitAddress
                0x080021c4       0x14 ..\obj\stm32f4xx_i2c.o
                0x080021c4                I2C_Send7bitAddress
 .text.I2C_AcknowledgeConfig
                0x080021d8       0x1c ..\obj\stm32f4xx_i2c.o
                0x080021d8                I2C_AcknowledgeConfig
 .text.I2C_SendData
                0x080021f4        0x4 ..\obj\stm32f4xx_i2c.o
                0x080021f4                I2C_SendData
 .text.I2C_ReceiveData
                0x080021f8        0x8 ..\obj\stm32f4xx_i2c.o
                0x080021f8                I2C_ReceiveData
 .text.I2C_CheckEvent
                0x08002200       0x18 ..\obj\stm32f4xx_i2c.o
                0x08002200                I2C_CheckEvent
 .text.I2C_GetFlagStatus
                0x08002218       0x38 ..\obj\stm32f4xx_i2c.o
                0x08002218                I2C_GetFlagStatus
 .text.I2C_ClearFlag
                0x08002250        0x8 ..\obj\stm32f4xx_i2c.o
                0x08002250                I2C_ClearFlag
 .text.NVIC_PriorityGroupConfig
                0x08002258       0x14 ..\obj\misc.o
                0x08002258                NVIC_PriorityGroupConfig
 .text.NVIC_Init
                0x0800226c       0x78 ..\obj\misc.o
                0x0800226c                NVIC_Init
 .text.MIDI_Start
                0x080022e4      0x12c ..\obj\midi.o
                0x080022e4                MIDI_Start
 .text.MIDI_GetNbNewBytes
                0x08002410       0x2c ..\obj\midi.o
                0x08002410                MIDI_GetNbNewBytes
 .text.MIDI_parser
                0x0800243c      0x24c ..\obj\midi.o
                0x0800243c                MIDI_parser
 .text.malloc   0x08002688       0x10 c:/program files (x86)/gnu tools arm embedded/4.8 2014q2/bin/../lib/gcc/arm-none-eabi/4.8.4/../../../../arm-none-eabi/lib/armv7e-m/fpu\libc.a(lib_a-malloc.o)
                0x08002688                malloc
 .text.free     0x08002698       0x10 c:/program files (x86)/gnu tools arm embedded/4.8 2014q2/bin/../lib/gcc/arm-none-eabi/4.8.4/../../../../arm-none-eabi/lib/armv7e-m/fpu\libc.a(lib_a-malloc.o)
                0x08002698                free
 .text._malloc_r
                0x080026a8      0x538 c:/program files (x86)/gnu tools arm embedded/4.8 2014q2/bin/../lib/gcc/arm-none-eabi/4.8.4/../../../../arm-none-eabi/lib/armv7e-m/fpu\libc.a(lib_a-mallocr.o)
                0x080026a8                _malloc_r
 .text          0x08002be0      0x134 c:/program files (x86)/gnu tools arm embedded/4.8 2014q2/bin/../lib/gcc/arm-none-eabi/4.8.4/../../../../arm-none-eabi/lib/armv7e-m/fpu\libc.a(lib_a-memcpy.o)
                0x08002be0                memcpy
 .text.__malloc_lock
                0x08002d14        0x4 c:/program files (x86)/gnu tools arm embedded/4.8 2014q2/bin/../lib/gcc/arm-none-eabi/4.8.4/../../../../arm-none-eabi/lib/armv7e-m/fpu\libc.a(lib_a-mlock.o)
                0x08002d14                __malloc_lock
 .text.__malloc_unlock
                0x08002d18        0x4 c:/program files (x86)/gnu tools arm embedded/4.8 2014q2/bin/../lib/gcc/arm-none-eabi/4.8.4/../../../../arm-none-eabi/lib/armv7e-m/fpu\libc.a(lib_a-mlock.o)
                0x08002d18                __malloc_unlock
 .text._sbrk_r  0x08002d1c       0x24 c:/program files (x86)/gnu tools arm embedded/4.8 2014q2/bin/../lib/gcc/arm-none-eabi/4.8.4/../../../../arm-none-eabi/lib/armv7e-m/fpu\libc.a(lib_a-sbrkr.o)
                0x08002d1c                _sbrk_r
 .text._malloc_trim_r
                0x08002d40       0x9c c:/program files (x86)/gnu tools arm embedded/4.8 2014q2/bin/../lib/gcc/arm-none-eabi/4.8.4/../../../../arm-none-eabi/lib/armv7e-m/fpu\libc.a(lib_a-freer.o)
                0x08002d40                _malloc_trim_r
 .text._free_r  0x08002ddc      0x19c c:/program files (x86)/gnu tools arm embedded/4.8 2014q2/bin/../lib/gcc/arm-none-eabi/4.8.4/../../../../arm-none-eabi/lib/armv7e-m/fpu\libc.a(lib_a-freer.o)
                0x08002ddc                _free_r
 *(.init)
 *(.fini)
 *crtbegin.o(.ctors)
 *crtbegin?.o(.ctors)
 *(EXCLUDE_FILE(*crtend.o *crtend?.o) .ctors)
 *(SORT(.ctors.*))
 *(.ctors)
 *crtbegin.o(.dtors)
 *crtbegin?.o(.dtors)
 *(EXCLUDE_FILE(*crtend.o *crtend?.o) .dtors)
 *(SORT(.dtors.*))
 *(.dtors)
 *(.rodata*)
 .rodata.str1.4
                0x08002f78       0x18 ..\obj\main.o
 .rodata        0x08002f90      0x600 ..\obj\parameters.o
                0x08003390                cutoff_CC
 .rodata        0x08003590     0x6190 ..\obj\synth.o
                0x08003590                sinewave
                0x08004590                pitch_table
                0x08004720                square
                0x08005720                triangle
                0x08006720                sawtooth
                0x08007720                distosine
                0x08008720                cosinewave
 *(.eh_fram e*)

.glue_7         0x08009720        0x0
 .glue_7        0x00000000        0x0 linker stubs

.glue_7t        0x08009720        0x0
 .glue_7t       0x00000000        0x0 linker stubs

.vfp11_veneer   0x08009720        0x0
 .vfp11_veneer  0x00000000        0x0 linker stubs

.v4_bx          0x08009720        0x0
 .v4_bx         0x00000000        0x0 linker stubs

.iplt           0x08009720        0x0
 .iplt          0x00000000        0x0 ..\obj\stm32f4xx_syscfg.o

.rel.dyn        0x08009720        0x0
 .rel.iplt      0x00000000        0x0 ..\obj\stm32f4xx_syscfg.o

.ARM.extab
 *(.ARM.extab* .gnu.linkonce.armextab.*)
                0x08009720                __exidx_start = .

.ARM.exidx
 *(.ARM.exidx* .gnu.linkonce.armexidx.*)
                0x08009720                __exidx_end = .
                0x08009720                __etext = .
                0x08009720                _sidata = __etext

.data           0x20000000      0x88c load address 0x08009720
                0x20000000                __data_start__ = .
                0x20000000                _sdata = __data_start__
 *(vtable)
 *(.data*)
 .data          0x20000000       0x34 ..\obj\stm32f4_discovery_audio_codec.o
                0x20000000                CODECTimeout
                0x20000004                CurrAudioInterface
                0x20000008                AUDIO_MAL_DMA_CLOCK
                0x2000000c                AUDIO_MAL_DMA_STREAM
                0x20000010                AUDIO_MAL_DMA_DREG
                0x20000014                AUDIO_MAL_DMA_IRQ
                0x20000018                AUDIO_MAL_DMA_FLAG_TC
                0x2000001c                AUDIO_MAL_DMA_FLAG_HT
                0x20000020                AUDIO_MAL_DMA_FLAG_FE
                0x20000024                AUDIO_MAL_DMA_FLAG_TE
                0x20000028                AUDIO_MAL_DMA_FLAG_DME
                0x2000002c                AudioTotalSize
                0x20000030                AudioRemSize
 .data          0x20000034       0x10 ..\obj\stm32f4xx_rcc.o
 .data          0x20000044        0x2 ..\obj\parameters.o
 *fill*         0x20000046        0x2 
 .data          0x20000048      0x430 ..\obj\printf.o
                0x20000048                _impure_ptr
                0x20000050                r
 .data          0x20000478        0x2 ..\obj\midi.o
 *fill*         0x2000047a        0x2 
 .data.__malloc_av_
                0x2000047c      0x408 c:/program files (x86)/gnu tools arm embedded/4.8 2014q2/bin/../lib/gcc/arm-none-eabi/4.8.4/../../../../arm-none-eabi/lib/armv7e-m/fpu\libc.a(lib_a-mallocr.o)
                0x2000047c                __malloc_av_
 .data.__malloc_trim_threshold
                0x20000884        0x4 c:/program files (x86)/gnu tools arm embedded/4.8 2014q2/bin/../lib/gcc/arm-none-eabi/4.8.4/../../../../arm-none-eabi/lib/armv7e-m/fpu\libc.a(lib_a-mallocr.o)
                0x20000884                __malloc_trim_threshold
 .data.__malloc_sbrk_base
                0x20000888        0x4 c:/program files (x86)/gnu tools arm embedded/4.8 2014q2/bin/../lib/gcc/arm-none-eabi/4.8.4/../../../../arm-none-eabi/lib/armv7e-m/fpu\libc.a(lib_a-mallocr.o)
                0x20000888                __malloc_sbrk_base
                0x2000088c                . = ALIGN (0x4)
                0x2000088c                PROVIDE (__preinit_array_start, .)
 *(.preinit_array)
                0x2000088c                PROVIDE (__preinit_array_end, .)
                0x2000088c                . = ALIGN (0x4)
                0x2000088c                PROVIDE (__init_array_start, .)
 *(SORT(.init_array.*))
 *(.init_array)
                0x2000088c                PROVIDE (__init_array_end, .)
                0x2000088c                . = ALIGN (0x4)
                0x2000088c                PROVIDE (__fini_array_start, .)
 *(SORT(.fini_array.*))
 *(.fini_array)
                0x2000088c                PROVIDE (__fini_array_end, .)
 *(.jcr*)
                0x2000088c                . = ALIGN (0x4)
                0x2000088c                __data_end__ = .
                0x2000088c                _edata = __data_end__

.igot.plt       0x2000088c        0x0 load address 0x08009fac
 .igot.plt      0x00000000        0x0 ..\obj\stm32f4xx_syscfg.o

.bss            0x2000088c      0x6e4 load address 0x08009fac
                0x2000088c                . = ALIGN (0x4)
                0x2000088c                __bss_start__ = .
                0x2000088c                _sbss = __bss_start__
 *(.bss*)
 .bss           0x2000088c        0x8 ..\obj\stm32f4_discovery_audio_codec.o
                0x2000088c                AUDIO_MAL_DMA_CHANNEL
                0x20000890                OutputDev
 .bss           0x20000894        0x4 ..\obj\main.o
                0x20000894                note_list
 .bss           0x20000898       0x48 ..\obj\parameters.o
 .bss           0x200008e0        0x8 ..\obj\synth.o
 .bss           0x200008e8        0x4 ..\obj\syscalls.o
 .bss           0x200008ec       0x48 ..\obj\midi.o
 .bss.__malloc_max_total_mem
                0x20000934        0x4 c:/program files (x86)/gnu tools arm embedded/4.8 2014q2/bin/../lib/gcc/arm-none-eabi/4.8.4/../../../../arm-none-eabi/lib/armv7e-m/fpu\libc.a(lib_a-mallocr.o)
                0x20000934                __malloc_max_total_mem
 .bss.__malloc_max_sbrked_mem
                0x20000938        0x4 c:/program files (x86)/gnu tools arm embedded/4.8 2014q2/bin/../lib/gcc/arm-none-eabi/4.8.4/../../../../arm-none-eabi/lib/armv7e-m/fpu\libc.a(lib_a-mallocr.o)
                0x20000938                __malloc_max_sbrked_mem
 .bss.__malloc_top_pad
                0x2000093c        0x4 c:/program files (x86)/gnu tools arm embedded/4.8 2014q2/bin/../lib/gcc/arm-none-eabi/4.8.4/../../../../arm-none-eabi/lib/armv7e-m/fpu\libc.a(lib_a-mallocr.o)
                0x2000093c                __malloc_top_pad
 .bss.__malloc_current_mallinfo
                0x20000940       0x28 c:/program files (x86)/gnu tools arm embedded/4.8 2014q2/bin/../lib/gcc/arm-none-eabi/4.8.4/../../../../arm-none-eabi/lib/armv7e-m/fpu\libc.a(lib_a-mallocr.o)
                0x20000940                __malloc_current_mallinfo
 *(COMMON)
 COMMON         0x20000968       0x7c ..\obj\stm32f4_discovery_audio_codec.o
                0x20000968                CurrentPos
                0x2000096c                AUDIO_MAL_DMA_InitStructure
                0x200009a8                DMA_InitStructure
 COMMON         0x200009e4      0x568 ..\obj\main.o
                0x200009e4                params
                0x20000a3c                new_note_event
                0x20000a40                global_pitch
                0x20000a44                trig
                0x20000a48                audiobuff
                0x20000f48                global_fc
 COMMON         0x20000f4c       0x1e ..\obj\parameters.o
                0x20000f4c                TempStr
 *fill*         0x20000f6a        0x2 
 COMMON         0x20000f6c        0x4 c:/program files (x86)/gnu tools arm embedded/4.8 2014q2/bin/../lib/gcc/arm-none-eabi/4.8.4/../../../../arm-none-eabi/lib/armv7e-m/fpu\libc.a(lib_a-reent.o)
                0x20000f6c                errno
                0x20000f70                . = ALIGN (0x4)
                0x20000f70                __bss_end__ = .
                0x20000f70                _ebss = __bss_end__

.heap           0x20000f70        0x0
                0x20000f70                __end__ = .
                0x20000f70                _end = __end__
                0x20000f70                end = __end__
 *(.heap*)
                0x20000f70                __HeapLimit = .

.co_stack       0x20000f70     0x8000 load address 0x0800a690
                0x20000f70                . = ALIGN (0x8)
 *(.co_stack .co_stack.*)
 .co_stack      0x20000f70     0x8000 ..\obj\startup_stm32f4xx.o
                0x20000f70                pulStack
                0x20020000                __StackTop = (ORIGIN (ram) + 0x20000)
                0x20018000                __StackLimit = (__StackTop - SIZEOF (.co_stack))
                0x20020000                PROVIDE (__stack, __StackTop)
                0x00000001                ASSERT ((__StackLimit >= __HeapLimit), region ram  overflowed with stack)
LOAD ..\obj\stm32f4xx_syscfg.o
LOAD ..\obj\stm32f4_discovery_audio_codec.o
LOAD ..\obj\stm32f4xx_usart.o
LOAD ..\obj\stm32f4xx_dac.o
LOAD ..\obj\llist.o
LOAD ..\obj\startup_stm32f4xx.o
LOAD ..\obj\main.o
LOAD ..\obj\stm32f4xx_rcc.o
LOAD ..\obj\parameters.o
LOAD ..\obj\printf.o
LOAD ..\obj\synth.o
LOAD ..\obj\stm32f4xx_gpio.o
LOAD ..\obj\system_stm32f4xx.o
LOAD ..\obj\syscalls.o
LOAD ..\obj\stm32f4xx_dma.o
LOAD ..\obj\stm32f4xx_spi.o
LOAD ..\obj\stm32f4xx_i2c.o
LOAD ..\obj\misc.o
LOAD ..\obj\wavetable.o
LOAD ..\obj\midi.o
LOAD c:/program files (x86)/gnu tools arm embedded/4.8 2014q2/bin/../lib/gcc/arm-none-eabi/4.8.4/../../../../arm-none-eabi/lib/armv7e-m/fpu\libm.a
LOAD c:/program files (x86)/gnu tools arm embedded/4.8 2014q2/bin/../lib/gcc/arm-none-eabi/4.8.4/armv7e-m/fpu\libgcc.a
LOAD c:/program files (x86)/gnu tools arm embedded/4.8 2014q2/bin/../lib/gcc/arm-none-eabi/4.8.4/../../../../arm-none-eabi/lib/armv7e-m/fpu\libc.a
START GROUP
LOAD c:/program files (x86)/gnu tools arm embedded/4.8 2014q2/bin/../lib/gcc/arm-none-eabi/4.8.4/armv7e-m/fpu\libgcc.a
LOAD c:/program files (x86)/gnu tools arm embedded/4.8 2014q2/bin/../lib/gcc/arm-none-eabi/4.8.4/../../../../arm-none-eabi/lib/armv7e-m/fpu\libg.a
LOAD c:/program files (x86)/gnu tools arm embedded/4.8 2014q2/bin/../lib/gcc/arm-none-eabi/4.8.4/../../../../arm-none-eabi/lib/armv7e-m/fpu\libc.a
END GROUP
OUTPUT(Murphy_v1.5.elf elf32-littlearm)

.debug_info     0x00000000     0xd27b
 .debug_info    0x00000000     0x274b ..\obj\stm32f4_discovery_audio_codec.o
 .debug_info    0x0000274b      0xb41 ..\obj\stm32f4xx_usart.o
 .debug_info    0x0000328c      0x695 ..\obj\stm32f4xx_dac.o
 .debug_info    0x00003921      0x461 ..\obj\llist.o
 .debug_info    0x00003d82      0x141 ..\obj\startup_stm32f4xx.o
 .debug_info    0x00003ec3      0xcee ..\obj\main.o
 .debug_info    0x00004bb1      0xcfe ..\obj\stm32f4xx_rcc.o
 .debug_info    0x000058af      0xe4e ..\obj\parameters.o
 .debug_info    0x000066fd     0x2312 ..\obj\printf.o
 .debug_info    0x00008a0f      0x62d ..\obj\synth.o
 .debug_info    0x0000903c      0x7d6 ..\obj\stm32f4xx_gpio.o
 .debug_info    0x00009812      0x5b3 ..\obj\system_stm32f4xx.o
 .debug_info    0x00009dc5      0x3ed ..\obj\syscalls.o
 .debug_info    0x0000a1b2      0x73b ..\obj\stm32f4xx_dma.o
 .debug_info    0x0000a8ed      0xbc6 ..\obj\stm32f4xx_spi.o
 .debug_info    0x0000b4b3      0xbc1 ..\obj\stm32f4xx_i2c.o
 .debug_info    0x0000c074      0x543 ..\obj\misc.o
 .debug_info    0x0000c5b7      0xcc4 ..\obj\midi.o

.debug_abbrev   0x00000000     0x251e
 .debug_abbrev  0x00000000      0x366 ..\obj\stm32f4_discovery_audio_codec.o
 .debug_abbrev  0x00000366      0x1eb ..\obj\stm32f4xx_usart.o
 .debug_abbrev  0x00000551      0x1d0 ..\obj\stm32f4xx_dac.o
 .debug_abbrev  0x00000721      0x1ff ..\obj\llist.o
 .debug_abbrev  0x00000920      0x11c ..\obj\startup_stm32f4xx.o
 .debug_abbrev  0x00000a3c      0x2b6 ..\obj\main.o
 .debug_abbrev  0x00000cf2      0x27e ..\obj\stm32f4xx_rcc.o
 .debug_abbrev  0x00000f70      0x2bb ..\obj\parameters.o
 .debug_abbrev  0x0000122b      0x41a ..\obj\printf.o
 .debug_abbrev  0x00001645      0x1d2 ..\obj\synth.o
 .debug_abbrev  0x00001817      0x1f6 ..\obj\stm32f4xx_gpio.o
 .debug_abbrev  0x00001a0d      0x15d ..\obj\system_stm32f4xx.o
 .debug_abbrev  0x00001b6a       0xf1 ..\obj\syscalls.o
 .debug_abbrev  0x00001c5b      0x173 ..\obj\stm32f4xx_dma.o
 .debug_abbrev  0x00001dce      0x1e5 ..\obj\stm32f4xx_spi.o
 .debug_abbrev  0x00001fb3      0x1ed ..\obj\stm32f4xx_i2c.o
 .debug_abbrev  0x000021a0      0x154 ..\obj\misc.o
 .debug_abbrev  0x000022f4      0x22a ..\obj\midi.o

.debug_loc      0x00000000     0x796c
 .debug_loc     0x00000000      0x910 ..\obj\stm32f4_discovery_audio_codec.o
 .debug_loc     0x00000910      0x75a ..\obj\stm32f4xx_usart.o
 .debug_loc     0x0000106a      0x4eb ..\obj\stm32f4xx_dac.o
 .debug_loc     0x00001555      0x2aa ..\obj\llist.o
 .debug_loc     0x000017ff      0x110 ..\obj\main.o
 .debug_loc     0x0000190f      0xb63 ..\obj\stm32f4xx_rcc.o
 .debug_loc     0x00002472      0x2d1 ..\obj\parameters.o
 .debug_loc     0x00002743     0x2e5f ..\obj\printf.o
 .debug_loc     0x000055a2      0x72e ..\obj\synth.o
 .debug_loc     0x00005cd0      0x386 ..\obj\stm32f4xx_gpio.o
 .debug_loc     0x00006056      0x144 ..\obj\system_stm32f4xx.o
 .debug_loc     0x0000619a      0x108 ..\obj\syscalls.o
 .debug_loc     0x000062a2      0x4b6 ..\obj\stm32f4xx_dma.o
 .debug_loc     0x00006758      0x5b0 ..\obj\stm32f4xx_spi.o
 .debug_loc     0x00006d08      0x77f ..\obj\stm32f4xx_i2c.o
 .debug_loc     0x00007487      0x15d ..\obj\misc.o
 .debug_loc     0x000075e4      0x388 ..\obj\midi.o

.debug_aranges  0x00000000      0x9a8
 .debug_aranges
                0x00000000       0x88 ..\obj\stm32f4_discovery_audio_codec.o
 .debug_aranges
                0x00000088      0x100 ..\obj\stm32f4xx_usart.o
 .debug_aranges
                0x00000188       0xa0 ..\obj\stm32f4xx_dac.o
 .debug_aranges
                0x00000228       0x40 ..\obj\llist.o
 .debug_aranges
                0x00000268       0x28 ..\obj\startup_stm32f4xx.o
 .debug_aranges
                0x00000290       0x70 ..\obj\main.o
 .debug_aranges
                0x00000300      0x178 ..\obj\stm32f4xx_rcc.o
 .debug_aranges
                0x00000478       0x40 ..\obj\parameters.o
 .debug_aranges
                0x000004b8       0xa0 ..\obj\printf.o
 .debug_aranges
                0x00000558       0x20 ..\obj\synth.o
 .debug_aranges
                0x00000578       0x88 ..\obj\stm32f4xx_gpio.o
 .debug_aranges
                0x00000600       0x28 ..\obj\system_stm32f4xx.o
 .debug_aranges
                0x00000628       0x60 ..\obj\syscalls.o
 .debug_aranges
                0x00000688       0xb0 ..\obj\stm32f4xx_dma.o
 .debug_aranges
                0x00000738       0xe0 ..\obj\stm32f4xx_spi.o
 .debug_aranges
                0x00000818      0x120 ..\obj\stm32f4xx_i2c.o
 .debug_aranges
                0x00000938       0x40 ..\obj\misc.o
 .debug_aranges
                0x00000978       0x30 ..\obj\midi.o

.debug_ranges   0x00000000     0x1048
 .debug_ranges  0x00000000      0x288 ..\obj\stm32f4_discovery_audio_codec.o
 .debug_ranges  0x00000288       0xf0 ..\obj\stm32f4xx_usart.o
 .debug_ranges  0x00000378       0x90 ..\obj\stm32f4xx_dac.o
 .debug_ranges  0x00000408       0x80 ..\obj\llist.o
 .debug_ranges  0x00000488       0x18 ..\obj\startup_stm32f4xx.o
 .debug_ranges  0x000004a0       0x60 ..\obj\main.o
 .debug_ranges  0x00000500      0x180 ..\obj\stm32f4xx_rcc.o
 .debug_ranges  0x00000680       0x60 ..\obj\parameters.o
 .debug_ranges  0x000006e0      0x590 ..\obj\printf.o
 .debug_ranges  0x00000c70       0x10 ..\obj\synth.o
 .debug_ranges  0x00000c80       0x78 ..\obj\stm32f4xx_gpio.o
 .debug_ranges  0x00000cf8       0x30 ..\obj\system_stm32f4xx.o
 .debug_ranges  0x00000d28       0x50 ..\obj\syscalls.o
 .debug_ranges  0x00000d78       0xa0 ..\obj\stm32f4xx_dma.o
 .debug_ranges  0x00000e18       0xd0 ..\obj\stm32f4xx_spi.o
 .debug_ranges  0x00000ee8      0x110 ..\obj\stm32f4xx_i2c.o
 .debug_ranges  0x00000ff8       0x30 ..\obj\misc.o
 .debug_ranges  0x00001028       0x20 ..\obj\midi.o

.debug_line     0x00000000     0x4784
 .debug_line    0x00000000      0x754 ..\obj\stm32f4_discovery_audio_codec.o
 .debug_line    0x00000754      0x515 ..\obj\stm32f4xx_usart.o
 .debug_line    0x00000c69      0x393 ..\obj\stm32f4xx_dac.o
 .debug_line    0x00000ffc      0x2b1 ..\obj\llist.o
 .debug_line    0x000012ad       0x97 ..\obj\startup_stm32f4xx.o
 .debug_line    0x00001344      0x3e3 ..\obj\main.o
 .debug_line    0x00001727      0x5ad ..\obj\stm32f4xx_rcc.o
 .debug_line    0x00001cd4      0x401 ..\obj\parameters.o
 .debug_line    0x000020d5      0x805 ..\obj\printf.o
 .debug_line    0x000028da      0x33e ..\obj\synth.o
 .debug_line    0x00002c18      0x39e ..\obj\stm32f4xx_gpio.o
 .debug_line    0x00002fb6      0x1f6 ..\obj\system_stm32f4xx.o
 .debug_line    0x000031ac      0x162 ..\obj\syscalls.o
 .debug_line    0x0000330e      0x45b ..\obj\stm32f4xx_dma.o
 .debug_line    0x00003769      0x4ca ..\obj\stm32f4xx_spi.o
 .debug_line    0x00003c33      0x535 ..\obj\stm32f4xx_i2c.o
 .debug_line    0x00004168      0x260 ..\obj\misc.o
 .debug_line    0x000043c8      0x3bc ..\obj\midi.o

.debug_str      0x00000000     0x36cd
 .debug_str     0x00000000     0x1266 ..\obj\stm32f4_discovery_audio_codec.o
                               0x1323 (size before relaxing)
 .debug_str     0x00001266      0x4e1 ..\obj\stm32f4xx_usart.o
                                0x6f0 (size before relaxing)
 .debug_str     0x00001747      0x213 ..\obj\stm32f4xx_dac.o
                                0x48b (size before relaxing)
 .debug_str     0x0000195a      0x11c ..\obj\llist.o
                                0x2a6 (size before relaxing)
 .debug_str     0x00001a76       0xc5 ..\obj\startup_stm32f4xx.o
                                0x17f (size before relaxing)
 .debug_str     0x00001b3b      0x30f ..\obj\main.o
                                0x914 (size before relaxing)
 .debug_str     0x00001e4a      0x559 ..\obj\stm32f4xx_rcc.o
                                0x871 (size before relaxing)
 .debug_str     0x000023a3      0x111 ..\obj\parameters.o
                                0xe5f (size before relaxing)
 .debug_str     0x000024b4      0x4b5 ..\obj\printf.o
                                0x770 (size before relaxing)
 .debug_str     0x00002969      0x109 ..\obj\synth.o
                                0x4ab (size before relaxing)
 .debug_str     0x00002a72      0x12f ..\obj\stm32f4xx_gpio.o
                                0x4eb (size before relaxing)
 .debug_str     0x00002ba1      0x10b ..\obj\system_stm32f4xx.o
                                0x3cb (size before relaxing)
 .debug_str     0x00002cac      0x13c ..\obj\syscalls.o
                                0x2f5 (size before relaxing)
 .debug_str     0x00002de8      0x1d9 ..\obj\stm32f4xx_dma.o
                                0x563 (size before relaxing)
 .debug_str     0x00002fc1      0x2af ..\obj\stm32f4xx_spi.o
                                0x6d9 (size before relaxing)
 .debug_str     0x00003270      0x289 ..\obj\stm32f4xx_i2c.o
                                0x6af (size before relaxing)
 .debug_str     0x000034f9      0x13c ..\obj\misc.o
                                0x3ef (size before relaxing)
 .debug_str     0x00003635       0x98 ..\obj\midi.o
                                0xd7b (size before relaxing)

.comment        0x00000000       0x70
 .comment       0x00000000       0x70 ..\obj\stm32f4_discovery_audio_codec.o
                                 0x71 (size before relaxing)
 .comment       0x00000000       0x71 ..\obj\stm32f4xx_usart.o
 .comment       0x00000000       0x71 ..\obj\stm32f4xx_dac.o
 .comment       0x00000000       0x71 ..\obj\llist.o
 .comment       0x00000000       0x71 ..\obj\startup_stm32f4xx.o
 .comment       0x00000000       0x71 ..\obj\main.o
 .comment       0x00000000       0x71 ..\obj\stm32f4xx_rcc.o
 .comment       0x00000000       0x71 ..\obj\parameters.o
 .comment       0x00000000       0x71 ..\obj\printf.o
 .comment       0x00000000       0x71 ..\obj\synth.o
 .comment       0x00000000       0x71 ..\obj\stm32f4xx_gpio.o
 .comment       0x00000000       0x71 ..\obj\system_stm32f4xx.o
 .comment       0x00000000       0x71 ..\obj\syscalls.o
 .comment       0x00000000       0x71 ..\obj\stm32f4xx_dma.o
 .comment       0x00000000       0x71 ..\obj\stm32f4xx_spi.o
 .comment       0x00000000       0x71 ..\obj\stm32f4xx_i2c.o
 .comment       0x00000000       0x71 ..\obj\misc.o
 .comment       0x00000000       0x71 ..\obj\midi.o

.ARM.attributes
                0x00000000       0x37
 .ARM.attributes
                0x00000000       0x39 ..\obj\stm32f4_discovery_audio_codec.o
 .ARM.attributes
                0x00000039       0x39 ..\obj\stm32f4xx_usart.o
 .ARM.attributes
                0x00000072       0x39 ..\obj\stm32f4xx_dac.o
 .ARM.attributes
                0x000000ab       0x39 ..\obj\llist.o
 .ARM.attributes
                0x000000e4       0x39 ..\obj\startup_stm32f4xx.o
 .ARM.attributes
                0x0000011d       0x39 ..\obj\main.o
 .ARM.attributes
                0x00000156       0x39 ..\obj\stm32f4xx_rcc.o
 .ARM.attributes
                0x0000018f       0x39 ..\obj\parameters.o
 .ARM.attributes
                0x000001c8       0x39 ..\obj\printf.o
 .ARM.attributes
                0x00000201       0x39 ..\obj\synth.o
 .ARM.attributes
                0x0000023a       0x39 ..\obj\stm32f4xx_gpio.o
 .ARM.attributes
                0x00000273       0x39 ..\obj\system_stm32f4xx.o
 .ARM.attributes
                0x000002ac       0x39 ..\obj\syscalls.o
 .ARM.attributes
                0x000002e5       0x39 ..\obj\stm32f4xx_dma.o
 .ARM.attributes
                0x0000031e       0x39 ..\obj\stm32f4xx_spi.o
 .ARM.attributes
                0x00000357       0x39 ..\obj\stm32f4xx_i2c.o
 .ARM.attributes
                0x00000390       0x39 ..\obj\misc.o
 .ARM.attributes
                0x000003c9       0x39 ..\obj\midi.o
 .ARM.attributes
                0x00000402       0x34 c:/program files (x86)/gnu tools arm embedded/4.8 2014q2/bin/../lib/gcc/arm-none-eabi/4.8.4/../../../../arm-none-eabi/lib/armv7e-m/fpu\libc.a(lib_a-malloc.o)
 .ARM.attributes
                0x00000436       0x34 c:/program files (x86)/gnu tools arm embedded/4.8 2014q2/bin/../lib/gcc/arm-none-eabi/4.8.4/../../../../arm-none-eabi/lib/armv7e-m/fpu\libc.a(lib_a-mallocr.o)
 .ARM.attributes
                0x0000046a       0x20 c:/program files (x86)/gnu tools arm embedded/4.8 2014q2/bin/../lib/gcc/arm-none-eabi/4.8.4/../../../../arm-none-eabi/lib/armv7e-m/fpu\libc.a(lib_a-memcpy.o)
 .ARM.attributes
                0x0000048a       0x34 c:/program files (x86)/gnu tools arm embedded/4.8 2014q2/bin/../lib/gcc/arm-none-eabi/4.8.4/../../../../arm-none-eabi/lib/armv7e-m/fpu\libc.a(lib_a-mlock.o)
 .ARM.attributes
                0x000004be       0x34 c:/program files (x86)/gnu tools arm embedded/4.8 2014q2/bin/../lib/gcc/arm-none-eabi/4.8.4/../../../../arm-none-eabi/lib/armv7e-m/fpu\libc.a(lib_a-sbrkr.o)
 .ARM.attributes
                0x000004f2       0x34 c:/program files (x86)/gnu tools arm embedded/4.8 2014q2/bin/../lib/gcc/arm-none-eabi/4.8.4/../../../../arm-none-eabi/lib/armv7e-m/fpu\libc.a(lib_a-freer.o)
 .ARM.attributes
                0x00000526       0x34 c:/program files (x86)/gnu tools arm embedded/4.8 2014q2/bin/../lib/gcc/arm-none-eabi/4.8.4/../../../../arm-none-eabi/lib/armv7e-m/fpu\libc.a(lib_a-reent.o)

.debug_frame    0x00000000     0x1694
 .debug_frame   0x00000000      0x194 ..\obj\stm32f4_discovery_audio_codec.o
 .debug_frame   0x00000194      0x210 ..\obj\stm32f4xx_usart.o
 .debug_frame   0x000003a4      0x140 ..\obj\stm32f4xx_dac.o
 .debug_frame   0x000004e4       0x90 ..\obj\llist.o
 .debug_frame   0x00000574       0x38 ..\obj\startup_stm32f4xx.o
 .debug_frame   0x000005ac      0x118 ..\obj\main.o
 .debug_frame   0x000006c4      0x2e4 ..\obj\stm32f4xx_rcc.o
 .debug_frame   0x000009a8       0xa0 ..\obj\parameters.o
 .debug_frame   0x00000a48      0x230 ..\obj\printf.o
 .debug_frame   0x00000c78       0x48 ..\obj\synth.o
 .debug_frame   0x00000cc0      0x118 ..\obj\stm32f4xx_gpio.o
 .debug_frame   0x00000dd8       0x34 ..\obj\system_stm32f4xx.o
 .debug_frame   0x00000e0c       0xa0 ..\obj\syscalls.o
 .debug_frame   0x00000eac      0x180 ..\obj\stm32f4xx_dma.o
 .debug_frame   0x0000102c      0x1e0 ..\obj\stm32f4xx_spi.o
 .debug_frame   0x0000120c      0x248 ..\obj\stm32f4xx_i2c.o
 .debug_frame   0x00001454       0x6c ..\obj\misc.o
 .debug_frame   0x000014c0       0x78 ..\obj\midi.o
 .debug_frame   0x00001538       0x30 c:/program files (x86)/gnu tools arm embedded/4.8 2014q2/bin/../lib/gcc/arm-none-eabi/4.8.4/../../../../arm-none-eabi/lib/armv7e-m/fpu\libc.a(lib_a-malloc.o)
 .debug_frame   0x00001568       0x38 c:/program files (x86)/gnu tools arm embedded/4.8 2014q2/bin/../lib/gcc/arm-none-eabi/4.8.4/../../../../arm-none-eabi/lib/armv7e-m/fpu\libc.a(lib_a-mallocr.o)
 .debug_frame   0x000015a0       0x30 c:/program files (x86)/gnu tools arm embedded/4.8 2014q2/bin/../lib/gcc/arm-none-eabi/4.8.4/../../../../arm-none-eabi/lib/armv7e-m/fpu\libc.a(lib_a-mlock.o)
 .debug_frame   0x000015d0       0x2c c:/program files (x86)/gnu tools arm embedded/4.8 2014q2/bin/../lib/gcc/arm-none-eabi/4.8.4/../../../../arm-none-eabi/lib/armv7e-m/fpu\libc.a(lib_a-sbrkr.o)
 .debug_frame   0x000015fc       0x50 c:/program files (x86)/gnu tools arm embedded/4.8 2014q2/bin/../lib/gcc/arm-none-eabi/4.8.4/../../../../arm-none-eabi/lib/armv7e-m/fpu\libc.a(lib_a-freer.o)
 .debug_frame   0x0000164c       0x48 c:/program files (x86)/gnu tools arm embedded/4.8 2014q2/bin/../lib/gcc/arm-none-eabi/4.8.4/../../../../arm-none-eabi/lib/armv7e-m/fpu\libc.a(lib_a-reent.o)
