Archive member included because of file (symbol)

c:/program files (x86)/gnu tools arm embedded/4.8 2014q2/bin/../lib/gcc/arm-none-eabi/4.8.4/../../../../arm-none-eabi/lib/armv7e-m/fpu\libc.a(lib_a-malloc.o)
                              ..\obj\llist.o (malloc)
c:/program files (x86)/gnu tools arm embedded/4.8 2014q2/bin/../lib/gcc/arm-none-eabi/4.8.4/../../../../arm-none-eabi/lib/armv7e-m/fpu\libc.a(lib_a-mallocr.o)
                              c:/program files (x86)/gnu tools arm embedded/4.8 2014q2/bin/../lib/gcc/arm-none-eabi/4.8.4/../../../../arm-none-eabi/lib/armv7e-m/fpu\libc.a(lib_a-malloc.o) (_malloc_r)
c:/program files (x86)/gnu tools arm embedded/4.8 2014q2/bin/../lib/gcc/arm-none-eabi/4.8.4/../../../../arm-none-eabi/lib/armv7e-m/fpu\libc.a(lib_a-mlock.o)
                              c:/program files (x86)/gnu tools arm embedded/4.8 2014q2/bin/../lib/gcc/arm-none-eabi/4.8.4/../../../../arm-none-eabi/lib/armv7e-m/fpu\libc.a(lib_a-mallocr.o) (__malloc_lock)
c:/program files (x86)/gnu tools arm embedded/4.8 2014q2/bin/../lib/gcc/arm-none-eabi/4.8.4/../../../../arm-none-eabi/lib/armv7e-m/fpu\libc.a(lib_a-sbrkr.o)
                              c:/program files (x86)/gnu tools arm embedded/4.8 2014q2/bin/../lib/gcc/arm-none-eabi/4.8.4/../../../../arm-none-eabi/lib/armv7e-m/fpu\libc.a(lib_a-mallocr.o) (_sbrk_r)
c:/program files (x86)/gnu tools arm embedded/4.8 2014q2/bin/../lib/gcc/arm-none-eabi/4.8.4/../../../../arm-none-eabi/lib/armv7e-m/fpu\libc.a(lib_a-freer.o)
                              c:/program files (x86)/gnu tools arm embedded/4.8 2014q2/bin/../lib/gcc/arm-none-eabi/4.8.4/../../../../arm-none-eabi/lib/armv7e-m/fpu\libc.a(lib_a-malloc.o) (_free_r)
c:/program files (x86)/gnu tools arm embedded/4.8 2014q2/bin/../lib/gcc/arm-none-eabi/4.8.4/../../../../arm-none-eabi/lib/armv7e-m/fpu\libc.a(lib_a-reent.o)
                              c:/program files (x86)/gnu tools arm embedded/4.8 2014q2/bin/../lib/gcc/arm-none-eabi/4.8.4/../../../../arm-none-eabi/lib/armv7e-m/fpu\libc.a(lib_a-sbrkr.o) (errno)

Allocating common symbols
Common symbol       size              file

CurrentPos          0x4               ..\obj\stm32f4_discovery_audio_codec.o
params              0x58              ..\obj\main.o
TempStr             0x1e              ..\obj\parameters.o
new_note_event      0x1               ..\obj\main.o
errno               0x4               c:/program files (x86)/gnu tools arm embedded/4.8 2014q2/bin/../lib/gcc/arm-none-eabi/4.8.4/../../../../arm-none-eabi/lib/armv7e-m/fpu\libc.a(lib_a-reent.o)
global_pitch        0x4               ..\obj\main.o
trig                0x1               ..\obj\main.o
audiobuff           0x500             ..\obj\main.o
AUDIO_MAL_DMA_InitStructure
                    0x3c              ..\obj\stm32f4_discovery_audio_codec.o
global_fc           0x4               ..\obj\main.o
DMA_InitStructure   0x3c              ..\obj\stm32f4_discovery_audio_codec.o

Discarded input sections

 .text          0x00000000        0x0 ..\obj\stm32f4_discovery_audio_codec.o
 .text.EVAL_AUDIO_SetAudioInterface
                0x00000000      0x100 ..\obj\stm32f4_discovery_audio_codec.o
 .text.EVAL_AUDIO_DeInit
                0x00000000       0x14 ..\obj\stm32f4_discovery_audio_codec.o
 .text.EVAL_AUDIO_PauseResume
                0x00000000       0x2c ..\obj\stm32f4_discovery_audio_codec.o
 .text.EVAL_AUDIO_Stop
                0x00000000       0x38 ..\obj\stm32f4_discovery_audio_codec.o
 .text.EVAL_AUDIO_VolumeCtl
                0x00000000       0x40 ..\obj\stm32f4_discovery_audio_codec.o
 .text.EVAL_AUDIO_Mute
                0x00000000       0x18 ..\obj\stm32f4_discovery_audio_codec.o
 .text.Codec_DeInit
                0x00000000       0x34 ..\obj\stm32f4_discovery_audio_codec.o
 .text.Codec_PauseResume
                0x00000000       0x74 ..\obj\stm32f4_discovery_audio_codec.o
 .text.Codec_Stop
                0x00000000       0x5c ..\obj\stm32f4_discovery_audio_codec.o
 .text.Codec_Mute
                0x00000000       0x48 ..\obj\stm32f4_discovery_audio_codec.o
 .text.Codec_CtrlInterface_DeInit
                0x00000000        0xc ..\obj\stm32f4_discovery_audio_codec.o
 .text.Codec_AudioInterface_DeInit
                0x00000000       0x24 ..\obj\stm32f4_discovery_audio_codec.o
 .text.Codec_GPIO_DeInit
                0x00000000       0x78 ..\obj\stm32f4_discovery_audio_codec.o
 .text.Audio_MAL_DeInit
                0x00000000       0x48 ..\obj\stm32f4_discovery_audio_codec.o
 .text.Audio_MAL_PauseResume
                0x00000000       0x64 ..\obj\stm32f4_discovery_audio_codec.o
 .text.Audio_MAL_Stop
                0x00000000       0x54 ..\obj\stm32f4_discovery_audio_codec.o
 .text          0x00000000        0x0 ..\obj\stm32f4xx_usart.o
 .data          0x00000000        0x0 ..\obj\stm32f4xx_usart.o
 .bss           0x00000000        0x0 ..\obj\stm32f4xx_usart.o
 .text.USART_DeInit
                0x00000000       0xd0 ..\obj\stm32f4xx_usart.o
 .text.USART_StructInit
                0x00000000       0x38 ..\obj\stm32f4xx_usart.o
 .text.USART_ClockInit
                0x00000000       0x54 ..\obj\stm32f4xx_usart.o
 .text.USART_ClockStructInit
                0x00000000       0x2c ..\obj\stm32f4xx_usart.o
 .text.USART_SetPrescaler
                0x00000000       0x38 ..\obj\stm32f4xx_usart.o
 .text.USART_OverSampling8Cmd
                0x00000000       0x44 ..\obj\stm32f4xx_usart.o
 .text.USART_OneBitMethodCmd
                0x00000000       0x40 ..\obj\stm32f4xx_usart.o
 .text.USART_ReceiveData
                0x00000000       0x20 ..\obj\stm32f4xx_usart.o
 .text.USART_SetAddress
                0x00000000       0x38 ..\obj\stm32f4xx_usart.o
 .text.USART_ReceiverWakeUpCmd
                0x00000000       0x40 ..\obj\stm32f4xx_usart.o
 .text.USART_WakeUpConfig
                0x00000000       0x38 ..\obj\stm32f4xx_usart.o
 .text.USART_LINBreakDetectLengthConfig
                0x00000000       0x38 ..\obj\stm32f4xx_usart.o
 .text.USART_LINCmd
                0x00000000       0x40 ..\obj\stm32f4xx_usart.o
 .text.USART_SendBreak
                0x00000000       0x24 ..\obj\stm32f4xx_usart.o
 .text.USART_HalfDuplexCmd
                0x00000000       0x40 ..\obj\stm32f4xx_usart.o
 .text.USART_SetGuardTime
                0x00000000       0x3c ..\obj\stm32f4xx_usart.o
 .text.USART_SmartCardCmd
                0x00000000       0x40 ..\obj\stm32f4xx_usart.o
 .text.USART_SmartCardNACKCmd
                0x00000000       0x40 ..\obj\stm32f4xx_usart.o
 .text.USART_IrDAConfig
                0x00000000       0x38 ..\obj\stm32f4xx_usart.o
 .text.USART_IrDACmd
                0x00000000       0x40 ..\obj\stm32f4xx_usart.o
 .text.USART_ITConfig
                0x00000000       0x90 ..\obj\stm32f4xx_usart.o
 .text.USART_ClearFlag
                0x00000000       0x20 ..\obj\stm32f4xx_usart.o
 .text.USART_GetITStatus
                0x00000000       0xb0 ..\obj\stm32f4xx_usart.o
 .text.USART_ClearITPendingBit
                0x00000000       0x38 ..\obj\stm32f4xx_usart.o
 .text          0x00000000        0x0 ..\obj\stm32f4xx_dac.o
 .data          0x00000000        0x0 ..\obj\stm32f4xx_dac.o
 .bss           0x00000000        0x0 ..\obj\stm32f4xx_dac.o
 .text.DAC_DeInit
                0x00000000       0x1c ..\obj\stm32f4xx_dac.o
 .text.DAC_StructInit
                0x00000000       0x2c ..\obj\stm32f4xx_dac.o
 .text.DAC_SoftwareTriggerCmd
                0x00000000       0x4c ..\obj\stm32f4xx_dac.o
 .text.DAC_DualSoftwareTriggerCmd
                0x00000000       0x38 ..\obj\stm32f4xx_dac.o
 .text.DAC_WaveGenerationCmd
                0x00000000       0x4c ..\obj\stm32f4xx_dac.o
 .text.DAC_SetChannel2Data
                0x00000000       0x34 ..\obj\stm32f4xx_dac.o
 .text.DAC_SetDualChannelData
                0x00000000       0x58 ..\obj\stm32f4xx_dac.o
 .text.DAC_GetDataOutputValue
                0x00000000       0x34 ..\obj\stm32f4xx_dac.o
 .text.DAC_DMACmd
                0x00000000       0x4c ..\obj\stm32f4xx_dac.o
 .text.DAC_ITConfig
                0x00000000       0x4c ..\obj\stm32f4xx_dac.o
 .text.DAC_GetFlagStatus
                0x00000000       0x3c ..\obj\stm32f4xx_dac.o
 .text.DAC_ClearFlag
                0x00000000       0x24 ..\obj\stm32f4xx_dac.o
 .text.DAC_GetITStatus
                0x00000000       0x58 ..\obj\stm32f4xx_dac.o
 .text.DAC_ClearITPendingBit
                0x00000000       0x24 ..\obj\stm32f4xx_dac.o
 .text          0x00000000        0x0 ..\obj\llist.o
 .data          0x00000000        0x0 ..\obj\llist.o
 .bss           0x00000000        0x0 ..\obj\llist.o
 .text.add_note_first
                0x00000000       0x38 ..\obj\llist.o
 .rodata        0x00000000       0x1c ..\obj\llist.o
 .text.print_all_note
                0x00000000       0x3c ..\obj\llist.o
 .text          0x00000000        0x0 ..\obj\startup_stm32f4xx.o
 .data          0x00000000        0x0 ..\obj\startup_stm32f4xx.o
 .bss           0x00000000        0x0 ..\obj\startup_stm32f4xx.o
 .text          0x00000000        0x0 ..\obj\main.o
 .data          0x00000000        0x0 ..\obj\main.o
 .text          0x00000000        0x0 ..\obj\stm32f4xx_rcc.o
 .bss           0x00000000        0x0 ..\obj\stm32f4xx_rcc.o
 .text.RCC_DeInit
                0x00000000       0x50 ..\obj\stm32f4xx_rcc.o
 .text.RCC_HSEConfig
                0x00000000       0x24 ..\obj\stm32f4xx_rcc.o
 .text.RCC_WaitForHSEStartUp
                0x00000000       0x50 ..\obj\stm32f4xx_rcc.o
 .text.RCC_AdjustHSICalibrationValue
                0x00000000       0x3c ..\obj\stm32f4xx_rcc.o
 .text.RCC_HSICmd
                0x00000000       0x20 ..\obj\stm32f4xx_rcc.o
 .text.RCC_LSEConfig
                0x00000000       0x40 ..\obj\stm32f4xx_rcc.o
 .text.RCC_LSICmd
                0x00000000       0x20 ..\obj\stm32f4xx_rcc.o
 .text.RCC_PLLConfig
                0x00000000       0x3c ..\obj\stm32f4xx_rcc.o
 .text.RCC_PLLCmd
                0x00000000       0x20 ..\obj\stm32f4xx_rcc.o
 .text.RCC_PLLI2SConfig
                0x00000000       0x28 ..\obj\stm32f4xx_rcc.o
 .text.RCC_PLLI2SCmd
                0x00000000       0x20 ..\obj\stm32f4xx_rcc.o
 .text.RCC_ClockSecuritySystemCmd
                0x00000000       0x20 ..\obj\stm32f4xx_rcc.o
 .text.RCC_MCO1Config
                0x00000000       0x3c ..\obj\stm32f4xx_rcc.o
 .text.RCC_MCO2Config
                0x00000000       0x3c ..\obj\stm32f4xx_rcc.o
 .text.RCC_SYSCLKConfig
                0x00000000       0x38 ..\obj\stm32f4xx_rcc.o
 .text.RCC_GetSYSCLKSource
                0x00000000       0x20 ..\obj\stm32f4xx_rcc.o
 .text.RCC_HCLKConfig
                0x00000000       0x38 ..\obj\stm32f4xx_rcc.o
 .text.RCC_PCLK1Config
                0x00000000       0x38 ..\obj\stm32f4xx_rcc.o
 .text.RCC_PCLK2Config
                0x00000000       0x38 ..\obj\stm32f4xx_rcc.o
 .text.RCC_RTCCLKConfig
                0x00000000       0x5c ..\obj\stm32f4xx_rcc.o
 .text.RCC_RTCCLKCmd
                0x00000000       0x20 ..\obj\stm32f4xx_rcc.o
 .text.RCC_BackupResetCmd
                0x00000000       0x20 ..\obj\stm32f4xx_rcc.o
 .text.RCC_I2SCLKConfig
                0x00000000       0x1c ..\obj\stm32f4xx_rcc.o
 .text.RCC_AHB2PeriphClockCmd
                0x00000000       0x3c ..\obj\stm32f4xx_rcc.o
 .text.RCC_AHB3PeriphClockCmd
                0x00000000       0x3c ..\obj\stm32f4xx_rcc.o
 .text.RCC_AHB1PeriphResetCmd
                0x00000000       0x3c ..\obj\stm32f4xx_rcc.o
 .text.RCC_AHB2PeriphResetCmd
                0x00000000       0x3c ..\obj\stm32f4xx_rcc.o
 .text.RCC_AHB3PeriphResetCmd
                0x00000000       0x3c ..\obj\stm32f4xx_rcc.o
 .text.RCC_AHB1PeriphClockLPModeCmd
                0x00000000       0x3c ..\obj\stm32f4xx_rcc.o
 .text.RCC_AHB2PeriphClockLPModeCmd
                0x00000000       0x3c ..\obj\stm32f4xx_rcc.o
 .text.RCC_AHB3PeriphClockLPModeCmd
                0x00000000       0x3c ..\obj\stm32f4xx_rcc.o
 .text.RCC_APB1PeriphClockLPModeCmd
                0x00000000       0x3c ..\obj\stm32f4xx_rcc.o
 .text.RCC_APB2PeriphClockLPModeCmd
                0x00000000       0x3c ..\obj\stm32f4xx_rcc.o
 .text.RCC_ITConfig
                0x00000000       0x48 ..\obj\stm32f4xx_rcc.o
 .text.RCC_GetFlagStatus
                0x00000000       0x74 ..\obj\stm32f4xx_rcc.o
 .text.RCC_ClearFlag
                0x00000000       0x1c ..\obj\stm32f4xx_rcc.o
 .text.RCC_GetITStatus
                0x00000000       0x38 ..\obj\stm32f4xx_rcc.o
 .text.RCC_ClearITPendingBit
                0x00000000       0x20 ..\obj\stm32f4xx_rcc.o
 .text          0x00000000        0x0 ..\obj\parameters.o
 .text          0x00000000        0x0 ..\obj\printf.o
 .bss           0x00000000        0x0 ..\obj\printf.o
 .text.snprintf
                0x00000000       0x30 ..\obj\printf.o
 .text.fprintf  0x00000000       0x2c ..\obj\printf.o
 .text.sprintf  0x00000000       0x2c ..\obj\printf.o
 .text          0x00000000        0x0 ..\obj\synth.o
 .data          0x00000000        0x0 ..\obj\synth.o
 .text          0x00000000        0x0 ..\obj\stm32f4xx_gpio.o
 .data          0x00000000        0x0 ..\obj\stm32f4xx_gpio.o
 .bss           0x00000000        0x0 ..\obj\stm32f4xx_gpio.o
 .text.GPIO_DeInit
                0x00000000      0x120 ..\obj\stm32f4xx_gpio.o
 .text.GPIO_StructInit
                0x00000000       0x34 ..\obj\stm32f4xx_gpio.o
 .text.GPIO_PinLockConfig
                0x00000000       0x44 ..\obj\stm32f4xx_gpio.o
 .text.GPIO_ReadInputDataBit
                0x00000000       0x34 ..\obj\stm32f4xx_gpio.o
 .text.GPIO_ReadInputData
                0x00000000       0x1c ..\obj\stm32f4xx_gpio.o
 .text.GPIO_ReadOutputDataBit
                0x00000000       0x34 ..\obj\stm32f4xx_gpio.o
 .text.GPIO_ReadOutputData
                0x00000000       0x1c ..\obj\stm32f4xx_gpio.o
 .text.GPIO_Write
                0x00000000       0x1c ..\obj\stm32f4xx_gpio.o
 .text.GPIO_ToggleBits
                0x00000000       0x24 ..\obj\stm32f4xx_gpio.o
 .text          0x00000000        0x0 ..\obj\system_stm32f4xx.o
 .data          0x00000000       0x14 ..\obj\system_stm32f4xx.o
 .bss           0x00000000        0x0 ..\obj\system_stm32f4xx.o
 .text.SystemCoreClockUpdate
                0x00000000       0xf8 ..\obj\system_stm32f4xx.o
 .text          0x00000000        0x0 ..\obj\syscalls.o
 .data          0x00000000        0x0 ..\obj\syscalls.o
 .text.link     0x00000000       0x1c ..\obj\syscalls.o
 .text._close   0x00000000       0x18 ..\obj\syscalls.o
 .text._fstat   0x00000000       0x20 ..\obj\syscalls.o
 .text._isatty  0x00000000       0x18 ..\obj\syscalls.o
 .text._lseek   0x00000000       0x1c ..\obj\syscalls.o
 .text._read    0x00000000       0x1c ..\obj\syscalls.o
 .text._write   0x00000000       0x1c ..\obj\syscalls.o
 .text.abort    0x00000000        0x8 ..\obj\syscalls.o
 .text          0x00000000        0x0 ..\obj\stm32f4xx_dma.o
 .data          0x00000000        0x0 ..\obj\stm32f4xx_dma.o
 .bss           0x00000000        0x0 ..\obj\stm32f4xx_dma.o
 .text.DMA_StructInit
                0x00000000       0x6c ..\obj\stm32f4xx_dma.o
 .text.DMA_PeriphIncOffsetSizeConfig
                0x00000000       0x34 ..\obj\stm32f4xx_dma.o
 .text.DMA_FlowControllerConfig
                0x00000000       0x34 ..\obj\stm32f4xx_dma.o
 .text.DMA_SetCurrDataCounter
                0x00000000       0x1c ..\obj\stm32f4xx_dma.o
 .text.DMA_DoubleBufferModeConfig
                0x00000000       0x3c ..\obj\stm32f4xx_dma.o
 .text.DMA_DoubleBufferModeCmd
                0x00000000       0x38 ..\obj\stm32f4xx_dma.o
 .text.DMA_MemoryTargetConfig
                0x00000000       0x2c ..\obj\stm32f4xx_dma.o
 .text.DMA_GetCurrentMemoryTarget
                0x00000000       0x30 ..\obj\stm32f4xx_dma.o
 .text.DMA_GetCmdStatus
                0x00000000       0x30 ..\obj\stm32f4xx_dma.o
 .text.DMA_GetFIFOStatus
                0x00000000       0x24 ..\obj\stm32f4xx_dma.o
 .text          0x00000000        0x0 ..\obj\stm32f4xx_spi.o
 .data          0x00000000        0x0 ..\obj\stm32f4xx_spi.o
 .bss           0x00000000        0x0 ..\obj\stm32f4xx_spi.o
 .text.SPI_Init
                0x00000000       0x88 ..\obj\stm32f4xx_spi.o
 .text.SPI_StructInit
                0x00000000       0x48 ..\obj\stm32f4xx_spi.o
 .text.I2S_StructInit
                0x00000000       0x38 ..\obj\stm32f4xx_spi.o
 .text.SPI_Cmd  0x00000000       0x40 ..\obj\stm32f4xx_spi.o
 .text.SPI_DataSizeConfig
                0x00000000       0x38 ..\obj\stm32f4xx_spi.o
 .text.SPI_BiDirectionalLineConfig
                0x00000000       0x40 ..\obj\stm32f4xx_spi.o
 .text.SPI_NSSInternalSoftwareConfig
                0x00000000       0x44 ..\obj\stm32f4xx_spi.o
 .text.SPI_SSOutputCmd
                0x00000000       0x40 ..\obj\stm32f4xx_spi.o
 .text.SPI_TIModeCmd
                0x00000000       0x40 ..\obj\stm32f4xx_spi.o
 .text.I2S_FullDuplexConfig
                0x00000000       0x9c ..\obj\stm32f4xx_spi.o
 .text.SPI_I2S_ReceiveData
                0x00000000       0x1c ..\obj\stm32f4xx_spi.o
 .text.SPI_CalculateCRC
                0x00000000       0x40 ..\obj\stm32f4xx_spi.o
 .text.SPI_TransmitCRC
                0x00000000       0x24 ..\obj\stm32f4xx_spi.o
 .text.SPI_GetCRC
                0x00000000       0x34 ..\obj\stm32f4xx_spi.o
 .text.SPI_GetCRCPolynomial
                0x00000000       0x1c ..\obj\stm32f4xx_spi.o
 .text.SPI_I2S_ClearFlag
                0x00000000       0x20 ..\obj\stm32f4xx_spi.o
 .text.SPI_I2S_GetITStatus
                0x00000000       0x78 ..\obj\stm32f4xx_spi.o
 .text.SPI_I2S_ClearITPendingBit
                0x00000000       0x34 ..\obj\stm32f4xx_spi.o
 .text          0x00000000        0x0 ..\obj\stm32f4xx_i2c.o
 .data          0x00000000        0x0 ..\obj\stm32f4xx_i2c.o
 .bss           0x00000000        0x0 ..\obj\stm32f4xx_i2c.o
 .text.I2C_StructInit
                0x00000000       0x3c ..\obj\stm32f4xx_i2c.o
 .text.I2C_OwnAddress2Config
                0x00000000       0x40 ..\obj\stm32f4xx_i2c.o
 .text.I2C_DualAddressCmd
                0x00000000       0x40 ..\obj\stm32f4xx_i2c.o
 .text.I2C_GeneralCallCmd
                0x00000000       0x40 ..\obj\stm32f4xx_i2c.o
 .text.I2C_SoftwareResetCmd
                0x00000000       0x44 ..\obj\stm32f4xx_i2c.o
 .text.I2C_StretchClockCmd
                0x00000000       0x40 ..\obj\stm32f4xx_i2c.o
 .text.I2C_FastModeDutyCycleConfig
                0x00000000       0x40 ..\obj\stm32f4xx_i2c.o
 .text.I2C_NACKPositionConfig
                0x00000000       0x40 ..\obj\stm32f4xx_i2c.o
 .text.I2C_SMBusAlertConfig
                0x00000000       0x40 ..\obj\stm32f4xx_i2c.o
 .text.I2C_ARPCmd
                0x00000000       0x40 ..\obj\stm32f4xx_i2c.o
 .text.I2C_TransmitPEC
                0x00000000       0x40 ..\obj\stm32f4xx_i2c.o
 .text.I2C_PECPositionConfig
                0x00000000       0x40 ..\obj\stm32f4xx_i2c.o
 .text.I2C_CalculatePEC
                0x00000000       0x40 ..\obj\stm32f4xx_i2c.o
 .text.I2C_GetPEC
                0x00000000       0x20 ..\obj\stm32f4xx_i2c.o
 .text.I2C_DMACmd
                0x00000000       0x40 ..\obj\stm32f4xx_i2c.o
 .text.I2C_DMALastTransferCmd
                0x00000000       0x40 ..\obj\stm32f4xx_i2c.o
 .text.I2C_ReadRegister
                0x00000000       0x30 ..\obj\stm32f4xx_i2c.o
 .text.I2C_ITConfig
                0x00000000       0x48 ..\obj\stm32f4xx_i2c.o
 .text.I2C_GetLastEvent
                0x00000000       0x44 ..\obj\stm32f4xx_i2c.o
 .text.I2C_GetITStatus
                0x00000000       0x5c ..\obj\stm32f4xx_i2c.o
 .text.I2C_ClearITPendingBit
                0x00000000       0x2c ..\obj\stm32f4xx_i2c.o
 .text          0x00000000        0x0 ..\obj\misc.o
 .data          0x00000000        0x0 ..\obj\misc.o
 .bss           0x00000000        0x0 ..\obj\misc.o
 .text.NVIC_SetVectorTable
                0x00000000       0x2c ..\obj\misc.o
 .text.NVIC_SystemLPConfig
                0x00000000       0x40 ..\obj\misc.o
 .text.SysTick_CLKSourceConfig
                0x00000000       0x38 ..\obj\misc.o
 .text          0x00000000        0x0 ..\obj\wavetable.o
 .data          0x00000000        0x0 ..\obj\wavetable.o
 .bss           0x00000000        0x0 ..\obj\wavetable.o
 .debug_info    0x00000000       0x8e ..\obj\wavetable.o
 .debug_abbrev  0x00000000       0x49 ..\obj\wavetable.o
 .debug_aranges
                0x00000000       0x18 ..\obj\wavetable.o
 .debug_line    0x00000000      0x11d ..\obj\wavetable.o
 .debug_str     0x00000000      0x181 ..\obj\wavetable.o
 .comment       0x00000000       0x71 ..\obj\wavetable.o
 .ARM.attributes
                0x00000000       0x39 ..\obj\wavetable.o
 .text          0x00000000        0x0 ..\obj\midi.o
 .text          0x00000000        0x0 c:/program files (x86)/gnu tools arm embedded/4.8 2014q2/bin/../lib/gcc/arm-none-eabi/4.8.4/../../../../arm-none-eabi/lib/armv7e-m/fpu\libc.a(lib_a-malloc.o)
 .data          0x00000000        0x0 c:/program files (x86)/gnu tools arm embedded/4.8 2014q2/bin/../lib/gcc/arm-none-eabi/4.8.4/../../../../arm-none-eabi/lib/armv7e-m/fpu\libc.a(lib_a-malloc.o)
 .bss           0x00000000        0x0 c:/program files (x86)/gnu tools arm embedded/4.8 2014q2/bin/../lib/gcc/arm-none-eabi/4.8.4/../../../../arm-none-eabi/lib/armv7e-m/fpu\libc.a(lib_a-malloc.o)
 .text          0x00000000        0x0 c:/program files (x86)/gnu tools arm embedded/4.8 2014q2/bin/../lib/gcc/arm-none-eabi/4.8.4/../../../../arm-none-eabi/lib/armv7e-m/fpu\libc.a(lib_a-mallocr.o)
 .data          0x00000000        0x0 c:/program files (x86)/gnu tools arm embedded/4.8 2014q2/bin/../lib/gcc/arm-none-eabi/4.8.4/../../../../arm-none-eabi/lib/armv7e-m/fpu\libc.a(lib_a-mallocr.o)
 .bss           0x00000000        0x0 c:/program files (x86)/gnu tools arm embedded/4.8 2014q2/bin/../lib/gcc/arm-none-eabi/4.8.4/../../../../arm-none-eabi/lib/armv7e-m/fpu\libc.a(lib_a-mallocr.o)
 .text          0x00000000        0x0 c:/program files (x86)/gnu tools arm embedded/4.8 2014q2/bin/../lib/gcc/arm-none-eabi/4.8.4/../../../../arm-none-eabi/lib/armv7e-m/fpu\libc.a(lib_a-mlock.o)
 .data          0x00000000        0x0 c:/program files (x86)/gnu tools arm embedded/4.8 2014q2/bin/../lib/gcc/arm-none-eabi/4.8.4/../../../../arm-none-eabi/lib/armv7e-m/fpu\libc.a(lib_a-mlock.o)
 .bss           0x00000000        0x0 c:/program files (x86)/gnu tools arm embedded/4.8 2014q2/bin/../lib/gcc/arm-none-eabi/4.8.4/../../../../arm-none-eabi/lib/armv7e-m/fpu\libc.a(lib_a-mlock.o)
 .text          0x00000000        0x0 c:/program files (x86)/gnu tools arm embedded/4.8 2014q2/bin/../lib/gcc/arm-none-eabi/4.8.4/../../../../arm-none-eabi/lib/armv7e-m/fpu\libc.a(lib_a-sbrkr.o)
 .data          0x00000000        0x0 c:/program files (x86)/gnu tools arm embedded/4.8 2014q2/bin/../lib/gcc/arm-none-eabi/4.8.4/../../../../arm-none-eabi/lib/armv7e-m/fpu\libc.a(lib_a-sbrkr.o)
 .bss           0x00000000        0x0 c:/program files (x86)/gnu tools arm embedded/4.8 2014q2/bin/../lib/gcc/arm-none-eabi/4.8.4/../../../../arm-none-eabi/lib/armv7e-m/fpu\libc.a(lib_a-sbrkr.o)
 .text          0x00000000        0x0 c:/program files (x86)/gnu tools arm embedded/4.8 2014q2/bin/../lib/gcc/arm-none-eabi/4.8.4/../../../../arm-none-eabi/lib/armv7e-m/fpu\libc.a(lib_a-freer.o)
 .data          0x00000000        0x0 c:/program files (x86)/gnu tools arm embedded/4.8 2014q2/bin/../lib/gcc/arm-none-eabi/4.8.4/../../../../arm-none-eabi/lib/armv7e-m/fpu\libc.a(lib_a-freer.o)
 .bss           0x00000000        0x0 c:/program files (x86)/gnu tools arm embedded/4.8 2014q2/bin/../lib/gcc/arm-none-eabi/4.8.4/../../../../arm-none-eabi/lib/armv7e-m/fpu\libc.a(lib_a-freer.o)
 .text          0x00000000        0x0 c:/program files (x86)/gnu tools arm embedded/4.8 2014q2/bin/../lib/gcc/arm-none-eabi/4.8.4/../../../../arm-none-eabi/lib/armv7e-m/fpu\libc.a(lib_a-reent.o)
 .data          0x00000000        0x0 c:/program files (x86)/gnu tools arm embedded/4.8 2014q2/bin/../lib/gcc/arm-none-eabi/4.8.4/../../../../arm-none-eabi/lib/armv7e-m/fpu\libc.a(lib_a-reent.o)
 .bss           0x00000000        0x0 c:/program files (x86)/gnu tools arm embedded/4.8 2014q2/bin/../lib/gcc/arm-none-eabi/4.8.4/../../../../arm-none-eabi/lib/armv7e-m/fpu\libc.a(lib_a-reent.o)
 .text.cleanup_glue
                0x00000000       0x1c c:/program files (x86)/gnu tools arm embedded/4.8 2014q2/bin/../lib/gcc/arm-none-eabi/4.8.4/../../../../arm-none-eabi/lib/armv7e-m/fpu\libc.a(lib_a-reent.o)
 .text._reclaim_reent
                0x00000000       0x90 c:/program files (x86)/gnu tools arm embedded/4.8 2014q2/bin/../lib/gcc/arm-none-eabi/4.8.4/../../../../arm-none-eabi/lib/armv7e-m/fpu\libc.a(lib_a-reent.o)

Memory Configuration

Name             Origin             Length             Attributes
rom              0x08000000         0x00100000         xr
ram              0x20000000         0x00020000         xrw
ram1             0x10000000         0x00010000         xrw
*default*        0x00000000         0xffffffff

Linker script and memory map

                0x20020000                _eram = 0x20020000

.text           0x08000000     0xba48
 *(.isr_vector)
 .isr_vector    0x08000000      0x188 ..\obj\startup_stm32f4xx.o
                0x08000000                g_pfnVectors
 *(.text*)
 .text.EVAL_AUDIO_Init
                0x08000188       0x58 ..\obj\stm32f4_discovery_audio_codec.o
                0x08000188                EVAL_AUDIO_Init
 .text.EVAL_AUDIO_Play
                0x080001e0       0x70 ..\obj\stm32f4_discovery_audio_codec.o
                0x080001e0                EVAL_AUDIO_Play
 .text.Audio_MAL_IRQHandler
                0x08000250       0x8c ..\obj\stm32f4_discovery_audio_codec.o
 .text.DMA1_Stream7_IRQHandler
                0x080002dc        0xc ..\obj\stm32f4_discovery_audio_codec.o
                0x080002dc                DMA1_Stream7_IRQHandler
 .text.DMA1_Stream0_IRQHandler
                0x080002e8        0xc ..\obj\stm32f4_discovery_audio_codec.o
                0x080002e8                DMA1_Stream0_IRQHandler
 .text.SPI3_IRQHandler
                0x080002f4       0x40 ..\obj\stm32f4_discovery_audio_codec.o
                0x080002f4                SPI3_IRQHandler
 .text.Codec_Init
                0x08000334      0x158 ..\obj\stm32f4_discovery_audio_codec.o
 .text.Codec_Play
                0x0800048c       0x10 ..\obj\stm32f4_discovery_audio_codec.o
 .text.Codec_VolumeCtrl
                0x0800049c       0x78 ..\obj\stm32f4_discovery_audio_codec.o
 .text.Codec_Reset
                0x08000514       0x28 ..\obj\stm32f4_discovery_audio_codec.o
 .text.Codec_WriteRegister
                0x0800053c      0x160 ..\obj\stm32f4_discovery_audio_codec.o
 .text.Codec_ReadRegister
                0x0800069c      0x208 ..\obj\stm32f4_discovery_audio_codec.o
 .text.Codec_CtrlInterface_Init
                0x080008a4       0x54 ..\obj\stm32f4_discovery_audio_codec.o
 .text.Codec_AudioInterface_Init
                0x080008f8       0x80 ..\obj\stm32f4_discovery_audio_codec.o
 .text.Codec_GPIO_Init
                0x08000978      0x120 ..\obj\stm32f4_discovery_audio_codec.o
 .text.Delay    0x08000a98       0x20 ..\obj\stm32f4_discovery_audio_codec.o
 .text.Audio_MAL_Init
                0x08000ab8      0x140 ..\obj\stm32f4_discovery_audio_codec.o
 .text.Audio_MAL_Play
                0x08000bf8       0x88 ..\obj\stm32f4_discovery_audio_codec.o
                0x08000bf8                Audio_MAL_Play
 .text.DAC_Config
                0x08000c80       0x5c ..\obj\stm32f4_discovery_audio_codec.o
                0x08000c80                DAC_Config
 .text.USART_Init
                0x08000cdc      0x174 ..\obj\stm32f4xx_usart.o
                0x08000cdc                USART_Init
 .text.USART_Cmd
                0x08000e50       0x40 ..\obj\stm32f4xx_usart.o
                0x08000e50                USART_Cmd
 .text.USART_SendData
                0x08000e90       0x24 ..\obj\stm32f4xx_usart.o
                0x08000e90                USART_SendData
 .text.USART_DMACmd
                0x08000eb4       0x48 ..\obj\stm32f4xx_usart.o
                0x08000eb4                USART_DMACmd
 .text.USART_GetFlagStatus
                0x08000efc       0x38 ..\obj\stm32f4xx_usart.o
                0x08000efc                USART_GetFlagStatus
 .text.DAC_Init
                0x08000f34       0x64 ..\obj\stm32f4xx_dac.o
                0x08000f34                DAC_Init
 .text.DAC_Cmd  0x08000f98       0x48 ..\obj\stm32f4xx_dac.o
                0x08000f98                DAC_Cmd
 .text.DAC_SetChannel1Data
                0x08000fe0       0x34 ..\obj\stm32f4xx_dac.o
                0x08000fe0                DAC_SetChannel1Data
 .text.add_note_last
                0x08001014       0x5c ..\obj\llist.o
                0x08001014                add_note_last
 .text.delete_note
                0x08001070       0x5c ..\obj\llist.o
                0x08001070                delete_note
 .text.get_last_note
                0x080010cc       0x34 ..\obj\llist.o
                0x080010cc                get_last_note
 .text.Default_Reset_Handler
                0x08001100       0x70 ..\obj\startup_stm32f4xx.o
                0x08001100                Default_Reset_Handler
                0x08001100                Reset_Handler
 .text.Default_Handler
                0x08001170        0x8 ..\obj\startup_stm32f4xx.o
                0x08001170                RTC_Alarm_IRQHandler
                0x08001170                HASH_RNG_IRQHandler
                0x08001170                EXTI2_IRQHandler
                0x08001170                TIM8_CC_IRQHandler
                0x08001170                DebugMon_Handler
                0x08001170                TIM1_CC_IRQHandler
                0x08001170                DMA2_Stream5_IRQHandler
                0x08001170                HardFault_Handler
                0x08001170                DMA1_Stream5_IRQHandler
                0x08001170                SysTick_Handler
                0x08001170                PVD_IRQHandler
                0x08001170                SDIO_IRQHandler
                0x08001170                TAMP_STAMP_IRQHandler
                0x08001170                PendSV_Handler
                0x08001170                NMI_Handler
                0x08001170                CAN2_RX1_IRQHandler
                0x08001170                EXTI3_IRQHandler
                0x08001170                TIM8_TRG_COM_TIM14_IRQHandler
                0x08001170                TIM1_UP_TIM10_IRQHandler
                0x08001170                TIM8_UP_TIM13_IRQHandler
                0x08001170                I2C3_ER_IRQHandler
                0x08001170                EXTI0_IRQHandler
                0x08001170                I2C2_EV_IRQHandler
                0x08001170                DMA1_Stream2_IRQHandler
                0x08001170                CAN1_RX0_IRQHandler
                0x08001170                FPU_IRQHandler
                0x08001170                OTG_HS_WKUP_IRQHandler
                0x08001170                UsageFault_Handler
                0x08001170                CAN2_SCE_IRQHandler
                0x08001170                SPI1_IRQHandler
                0x08001170                TIM6_DAC_IRQHandler
                0x08001170                TIM1_BRK_TIM9_IRQHandler
                0x08001170                DCMI_IRQHandler
                0x08001170                CAN2_RX0_IRQHandler
                0x08001170                DMA2_Stream3_IRQHandler
                0x08001170                USART6_IRQHandler
                0x08001170                CRYP_IRQHandler
                0x08001170                CAN1_RX1_IRQHandler
                0x08001170                UART5_IRQHandler
                0x08001170                DMA2_Stream0_IRQHandler
                0x08001170                TIM4_IRQHandler
                0x08001170                I2C1_EV_IRQHandler
                0x08001170                DMA1_Stream6_IRQHandler
                0x08001170                UART4_IRQHandler
                0x08001170                TIM3_IRQHandler
                0x08001170                RCC_IRQHandler
                0x08001170                TIM8_BRK_TIM12_IRQHandler
                0x08001170                EXTI15_10_IRQHandler
                0x08001170                ADC_IRQHandler
                0x08001170                TIM7_IRQHandler
                0x08001170                CAN2_TX_IRQHandler
                0x08001170                TIM5_IRQHandler
                0x08001170                DMA2_Stream7_IRQHandler
                0x08001170                I2C3_EV_IRQHandler
                0x08001170                EXTI9_5_IRQHandler
                0x08001170                RTC_WKUP_IRQHandler
                0x08001170                ETH_WKUP_IRQHandler
                0x08001170                SPI2_IRQHandler
                0x08001170                OTG_HS_EP1_IN_IRQHandler
                0x08001170                MemManage_Handler
                0x08001170                CAN1_TX_IRQHandler
                0x08001170                SVC_Handler
                0x08001170                EXTI4_IRQHandler
                0x08001170                FSMC_IRQHandler
                0x08001170                ETH_IRQHandler
                0x08001170                OTG_HS_EP1_OUT_IRQHandler
                0x08001170                WWDG_IRQHandler
                0x08001170                TIM2_IRQHandler
                0x08001170                OTG_FS_WKUP_IRQHandler
                0x08001170                TIM1_TRG_COM_TIM11_IRQHandler
                0x08001170                OTG_HS_IRQHandler
                0x08001170                EXTI1_IRQHandler
                0x08001170                USART2_IRQHandler
                0x08001170                I2C2_ER_IRQHandler
                0x08001170                DMA2_Stream1_IRQHandler
                0x08001170                CAN1_SCE_IRQHandler
                0x08001170                FLASH_IRQHandler
                0x08001170                DMA2_Stream4_IRQHandler
                0x08001170                BusFault_Handler
                0x08001170                OTG_FS_IRQHandler
                0x08001170                DMA1_Stream4_IRQHandler
                0x08001170                I2C1_ER_IRQHandler
                0x08001170                DMA2_Stream6_IRQHandler
                0x08001170                DMA1_Stream3_IRQHandler
 .text.main     0x08001178      0x19c ..\obj\main.o
                0x08001178                main
 .text.LED_PUSH_Start
                0x08001314       0x64 ..\obj\main.o
                0x08001314                LED_PUSH_Start
 .text.FDTI_Start
                0x08001378       0x74 ..\obj\main.o
                0x08001378                FDTI_Start
 .text.EVAL_AUDIO_TransferComplete_CallBack
                0x080013ec       0x28 ..\obj\main.o
                0x080013ec                EVAL_AUDIO_TransferComplete_CallBack
 .text.EVAL_AUDIO_HalfTransfer_CallBack
                0x08001414       0x24 ..\obj\main.o
                0x08001414                EVAL_AUDIO_HalfTransfer_CallBack
 .text.EVAL_AUDIO_GetSampleCallBack
                0x08001438       0x10 ..\obj\main.o
                0x08001438                EVAL_AUDIO_GetSampleCallBack
 .text.Codec_TIMEOUT_UserCallback
                0x08001448       0x10 ..\obj\main.o
                0x08001448                Codec_TIMEOUT_UserCallback
 .text.USART3_IRQHandler
                0x08001458        0xc ..\obj\main.o
                0x08001458                USART3_IRQHandler
 .text.USART1_IRQHandler
                0x08001464        0xc ..\obj\main.o
                0x08001464                USART1_IRQHandler
 .text.DMA1_Stream1_IRQHandler
                0x08001470       0x24 ..\obj\main.o
                0x08001470                DMA1_Stream1_IRQHandler
 .text.DMA2_Stream2_IRQHandler
                0x08001494       0x24 ..\obj\main.o
                0x08001494                DMA2_Stream2_IRQHandler
 .text.RCC_GetClocksFreq
                0x080014b8      0x154 ..\obj\stm32f4xx_rcc.o
                0x080014b8                RCC_GetClocksFreq
 .text.RCC_AHB1PeriphClockCmd
                0x0800160c       0x3c ..\obj\stm32f4xx_rcc.o
                0x0800160c                RCC_AHB1PeriphClockCmd
 .text.RCC_APB1PeriphClockCmd
                0x08001648       0x3c ..\obj\stm32f4xx_rcc.o
                0x08001648                RCC_APB1PeriphClockCmd
 .text.RCC_APB2PeriphClockCmd
                0x08001684       0x3c ..\obj\stm32f4xx_rcc.o
                0x08001684                RCC_APB2PeriphClockCmd
 .text.RCC_APB1PeriphResetCmd
                0x080016c0       0x3c ..\obj\stm32f4xx_rcc.o
                0x080016c0                RCC_APB1PeriphResetCmd
 .text.RCC_APB2PeriphResetCmd
                0x080016fc       0x3c ..\obj\stm32f4xx_rcc.o
                0x080016fc                RCC_APB2PeriphResetCmd
 .text.PARAMETERS_Start
                0x08001738      0x13c ..\obj\parameters.o
                0x08001738                PARAMETERS_Start
 .text.PARAMETERS_GetNbNewBytes
                0x08001874       0x60 ..\obj\parameters.o
                0x08001874                PARAMETERS_GetNbNewBytes
 .text.decdec   0x080018d4       0x50 ..\obj\parameters.o
                0x080018d4                decdec
 .text.PARAMETERS_parser
                0x08001924      0x2ac ..\obj\parameters.o
                0x08001924                PARAMETERS_parser
 .text.ChangeParam
                0x08001bd0      0x338 ..\obj\parameters.o
                0x08001bd0                ChangeParam
 .text.PrintChar
                0x08001f08       0x30 ..\obj\printf.o
                0x08001f08                PrintChar
 .text.PutChar  0x08001f38       0x20 ..\obj\printf.o
                0x08001f38                PutChar
 .text.PutString
                0x08001f58       0x3c ..\obj\printf.o
                0x08001f58                PutString
 .text.PutUnsignedInt
                0x08001f94       0xa0 ..\obj\printf.o
                0x08001f94                PutUnsignedInt
 .text.PutSignedInt
                0x08002034       0xfc ..\obj\printf.o
                0x08002034                PutSignedInt
 .text.PutHexa  0x08002130       0xd4 ..\obj\printf.o
                0x08002130                PutHexa
 .text.vsnprintf
                0x08002204      0x254 ..\obj\printf.o
                0x08002204                vsnprintf
 .text.vsprintf
                0x08002458       0x24 ..\obj\printf.o
                0x08002458                vsprintf
 .text.vfprintf
                0x0800247c       0x68 ..\obj\printf.o
                0x0800247c                vfprintf
 .text.vprintf  0x080024e4       0x28 ..\obj\printf.o
                0x080024e4                vprintf
 .text.printf   0x0800250c       0x28 ..\obj\printf.o
                0x0800250c                printf
 .text.puts     0x08002534       0x24 ..\obj\printf.o
                0x08002534                puts
 .text.fputc    0x08002558       0x40 ..\obj\printf.o
                0x08002558                fputc
 .text.fputs    0x08002598       0x48 ..\obj\printf.o
                0x08002598                fputs
 .text.Make_Sound
                0x080025e0      0xc50 ..\obj\synth.o
                0x080025e0                Make_Sound
 .text.GPIO_Init
                0x08003230      0x11c ..\obj\stm32f4xx_gpio.o
                0x08003230                GPIO_Init
 .text.GPIO_SetBits
                0x0800334c       0x1c ..\obj\stm32f4xx_gpio.o
                0x0800334c                GPIO_SetBits
 .text.GPIO_ResetBits
                0x08003368       0x1c ..\obj\stm32f4xx_gpio.o
                0x08003368                GPIO_ResetBits
 .text.GPIO_WriteBit
                0x08003384       0x30 ..\obj\stm32f4xx_gpio.o
                0x08003384                GPIO_WriteBit
 .text.GPIO_PinAFConfig
                0x080033b4       0x8c ..\obj\stm32f4xx_gpio.o
                0x080033b4                GPIO_PinAFConfig
 .text.SystemInit
                0x08003440       0x68 ..\obj\system_stm32f4xx.o
                0x08003440                SystemInit
 .text.SetSysClock
                0x080034a8      0x128 ..\obj\system_stm32f4xx.o
 .text._sbrk    0x080035d0       0x40 ..\obj\syscalls.o
                0x080035d0                _sbrk
 .text.DMA_DeInit
                0x08003610      0x1a4 ..\obj\stm32f4xx_dma.o
                0x08003610                DMA_DeInit
 .text.DMA_Init
                0x080037b4       0xac ..\obj\stm32f4xx_dma.o
                0x080037b4                DMA_Init
 .text.DMA_Cmd  0x08003860       0x38 ..\obj\stm32f4xx_dma.o
                0x08003860                DMA_Cmd
 .text.DMA_GetCurrDataCounter
                0x08003898       0x1c ..\obj\stm32f4xx_dma.o
                0x08003898                DMA_GetCurrDataCounter
 .text.DMA_GetFlagStatus
                0x080038b4       0x78 ..\obj\stm32f4xx_dma.o
                0x080038b4                DMA_GetFlagStatus
 .text.DMA_ClearFlag
                0x0800392c       0x5c ..\obj\stm32f4xx_dma.o
                0x0800392c                DMA_ClearFlag
 .text.DMA_ITConfig
                0x08003988       0x74 ..\obj\stm32f4xx_dma.o
                0x08003988                DMA_ITConfig
 .text.DMA_GetITStatus
                0x080039fc       0xb0 ..\obj\stm32f4xx_dma.o
                0x080039fc                DMA_GetITStatus
 .text.DMA_ClearITPendingBit
                0x08003aac       0x5c ..\obj\stm32f4xx_dma.o
                0x08003aac                DMA_ClearITPendingBit
 .text.SPI_I2S_DeInit
                0x08003b08       0x74 ..\obj\stm32f4xx_spi.o
                0x08003b08                SPI_I2S_DeInit
 .text.I2S_Init
                0x08003b7c      0x1b0 ..\obj\stm32f4xx_spi.o
                0x08003b7c                I2S_Init
 .text.I2S_Cmd  0x08003d2c       0x40 ..\obj\stm32f4xx_spi.o
                0x08003d2c                I2S_Cmd
 .text.SPI_I2S_SendData
                0x08003d6c       0x1c ..\obj\stm32f4xx_spi.o
                0x08003d6c                SPI_I2S_SendData
 .text.SPI_I2S_DMACmd
                0x08003d88       0x48 ..\obj\stm32f4xx_spi.o
                0x08003d88                SPI_I2S_DMACmd
 .text.SPI_I2S_ITConfig
                0x08003dd0       0x60 ..\obj\stm32f4xx_spi.o
                0x08003dd0                SPI_I2S_ITConfig
 .text.SPI_I2S_GetFlagStatus
                0x08003e30       0x38 ..\obj\stm32f4xx_spi.o
                0x08003e30                SPI_I2S_GetFlagStatus
 .text.I2C_DeInit
                0x08003e68       0x74 ..\obj\stm32f4xx_i2c.o
                0x08003e68                I2C_DeInit
 .text.I2C_Init
                0x08003edc      0x184 ..\obj\stm32f4xx_i2c.o
                0x08003edc                I2C_Init
 .text.I2C_Cmd  0x08004060       0x40 ..\obj\stm32f4xx_i2c.o
                0x08004060                I2C_Cmd
 .text.I2C_GenerateSTART
                0x080040a0       0x40 ..\obj\stm32f4xx_i2c.o
                0x080040a0                I2C_GenerateSTART
 .text.I2C_GenerateSTOP
                0x080040e0       0x40 ..\obj\stm32f4xx_i2c.o
                0x080040e0                I2C_GenerateSTOP
 .text.I2C_Send7bitAddress
                0x08004120       0x3c ..\obj\stm32f4xx_i2c.o
                0x08004120                I2C_Send7bitAddress
 .text.I2C_AcknowledgeConfig
                0x0800415c       0x40 ..\obj\stm32f4xx_i2c.o
                0x0800415c                I2C_AcknowledgeConfig
 .text.I2C_SendData
                0x0800419c       0x20 ..\obj\stm32f4xx_i2c.o
                0x0800419c                I2C_SendData
 .text.I2C_ReceiveData
                0x080041bc       0x1c ..\obj\stm32f4xx_i2c.o
                0x080041bc                I2C_ReceiveData
 .text.I2C_CheckEvent
                0x080041d8       0x60 ..\obj\stm32f4xx_i2c.o
                0x080041d8                I2C_CheckEvent
 .text.I2C_GetFlagStatus
                0x08004238       0x68 ..\obj\stm32f4xx_i2c.o
                0x08004238                I2C_GetFlagStatus
 .text.I2C_ClearFlag
                0x080042a0       0x2c ..\obj\stm32f4xx_i2c.o
                0x080042a0                I2C_ClearFlag
 .text.NVIC_PriorityGroupConfig
                0x080042cc       0x24 ..\obj\misc.o
                0x080042cc                NVIC_PriorityGroupConfig
 .text.NVIC_Init
                0x080042f0       0xbc ..\obj\misc.o
                0x080042f0                NVIC_Init
 .text.MIDI_Start
                0x080043ac      0x140 ..\obj\midi.o
                0x080043ac                MIDI_Start
 .text.MIDI_GetNbNewBytes
                0x080044ec       0x60 ..\obj\midi.o
                0x080044ec                MIDI_GetNbNewBytes
 .text.MIDI_parser
                0x0800454c      0x4dc ..\obj\midi.o
                0x0800454c                MIDI_parser
 .text.malloc   0x08004a28       0x10 c:/program files (x86)/gnu tools arm embedded/4.8 2014q2/bin/../lib/gcc/arm-none-eabi/4.8.4/../../../../arm-none-eabi/lib/armv7e-m/fpu\libc.a(lib_a-malloc.o)
                0x08004a28                malloc
 .text.free     0x08004a38       0x10 c:/program files (x86)/gnu tools arm embedded/4.8 2014q2/bin/../lib/gcc/arm-none-eabi/4.8.4/../../../../arm-none-eabi/lib/armv7e-m/fpu\libc.a(lib_a-malloc.o)
                0x08004a38                free
 .text._malloc_r
                0x08004a48      0x538 c:/program files (x86)/gnu tools arm embedded/4.8 2014q2/bin/../lib/gcc/arm-none-eabi/4.8.4/../../../../arm-none-eabi/lib/armv7e-m/fpu\libc.a(lib_a-mallocr.o)
                0x08004a48                _malloc_r
 .text.__malloc_lock
                0x08004f80        0x4 c:/program files (x86)/gnu tools arm embedded/4.8 2014q2/bin/../lib/gcc/arm-none-eabi/4.8.4/../../../../arm-none-eabi/lib/armv7e-m/fpu\libc.a(lib_a-mlock.o)
                0x08004f80                __malloc_lock
 .text.__malloc_unlock
                0x08004f84        0x4 c:/program files (x86)/gnu tools arm embedded/4.8 2014q2/bin/../lib/gcc/arm-none-eabi/4.8.4/../../../../arm-none-eabi/lib/armv7e-m/fpu\libc.a(lib_a-mlock.o)
                0x08004f84                __malloc_unlock
 .text._sbrk_r  0x08004f88       0x24 c:/program files (x86)/gnu tools arm embedded/4.8 2014q2/bin/../lib/gcc/arm-none-eabi/4.8.4/../../../../arm-none-eabi/lib/armv7e-m/fpu\libc.a(lib_a-sbrkr.o)
                0x08004f88                _sbrk_r
 .text._malloc_trim_r
                0x08004fac       0x9c c:/program files (x86)/gnu tools arm embedded/4.8 2014q2/bin/../lib/gcc/arm-none-eabi/4.8.4/../../../../arm-none-eabi/lib/armv7e-m/fpu\libc.a(lib_a-freer.o)
                0x08004fac                _malloc_trim_r
 .text._free_r  0x08005048      0x19c c:/program files (x86)/gnu tools arm embedded/4.8 2014q2/bin/../lib/gcc/arm-none-eabi/4.8.4/../../../../arm-none-eabi/lib/armv7e-m/fpu\libc.a(lib_a-freer.o)
                0x08005048                _free_r
 *(.init)
 *(.fini)
 *crtbegin.o(.ctors)
 *crtbegin?.o(.ctors)
 *(EXCLUDE_FILE(*crtend.o *crtend?.o) .ctors)
 *(SORT(.ctors.*))
 *(.ctors)
 *crtbegin.o(.dtors)
 *crtbegin?.o(.dtors)
 *(EXCLUDE_FILE(*crtend.o *crtend?.o) .dtors)
 *(SORT(.dtors.*))
 *(.dtors)
 *(.rodata*)
 .rodata        0x080051e4      0x1a8 ..\obj\main.o
                0x080051e4                pitch_table
 .rodata        0x0800538c      0x644 ..\obj\parameters.o
                0x0800538c                cutoff_CC
 .rodata        0x080059d0       0x24 ..\obj\printf.o
 .rodata        0x080059f4     0x6000 ..\obj\synth.o
                0x080059f4                square
                0x080069f4                triangle
                0x080079f4                sawtooth
                0x080089f4                distosine
                0x080099f4                sinewave
                0x0800a9f4                cosinewave
 .rodata        0x0800b9f4       0x54 ..\obj\midi.o
 *(.eh_fram e*)

.glue_7         0x0800ba48        0x0
 .glue_7        0x00000000        0x0 linker stubs

.glue_7t        0x0800ba48        0x0
 .glue_7t       0x00000000        0x0 linker stubs

.vfp11_veneer   0x0800ba48        0x0
 .vfp11_veneer  0x00000000        0x0 linker stubs

.v4_bx          0x0800ba48        0x0
 .v4_bx         0x00000000        0x0 linker stubs

.iplt           0x0800ba48        0x0
 .iplt          0x00000000        0x0 ..\obj\stm32f4_discovery_audio_codec.o

.rel.dyn        0x0800ba48        0x0
 .rel.iplt      0x00000000        0x0 ..\obj\stm32f4_discovery_audio_codec.o

.ARM.extab
 *(.ARM.extab* .gnu.linkonce.armextab.*)
                0x0800ba48                __exidx_start = .

.ARM.exidx
 *(.ARM.exidx* .gnu.linkonce.armexidx.*)
                0x0800ba48                __exidx_end = .
                0x0800ba48                __etext = .
                0x0800ba48                _sidata = __etext

.data           0x20000000      0x88c load address 0x0800ba48
                0x20000000                __data_start__ = .
                0x20000000                _sdata = __data_start__
 *(vtable)
 *(.data*)
 .data          0x20000000       0x34 ..\obj\stm32f4_discovery_audio_codec.o
                0x20000000                AudioTotalSize
                0x20000004                AudioRemSize
                0x20000008                CODECTimeout
                0x2000000c                CurrAudioInterface
                0x20000010                AUDIO_MAL_DMA_CLOCK
                0x20000014                AUDIO_MAL_DMA_STREAM
                0x20000018                AUDIO_MAL_DMA_DREG
                0x2000001c                AUDIO_MAL_DMA_IRQ
                0x20000020                AUDIO_MAL_DMA_FLAG_TC
                0x20000024                AUDIO_MAL_DMA_FLAG_HT
                0x20000028                AUDIO_MAL_DMA_FLAG_FE
                0x2000002c                AUDIO_MAL_DMA_FLAG_TE
                0x20000030                AUDIO_MAL_DMA_FLAG_DME
 .data          0x20000034       0x10 ..\obj\stm32f4xx_rcc.o
 .data          0x20000044        0x2 ..\obj\parameters.o
 *fill*         0x20000046        0x2 
 .data          0x20000048      0x430 ..\obj\printf.o
                0x20000048                r
                0x20000470                _impure_ptr
 .data          0x20000478        0x2 ..\obj\midi.o
 *fill*         0x2000047a        0x2 
 .data.__malloc_av_
                0x2000047c      0x408 c:/program files (x86)/gnu tools arm embedded/4.8 2014q2/bin/../lib/gcc/arm-none-eabi/4.8.4/../../../../arm-none-eabi/lib/armv7e-m/fpu\libc.a(lib_a-mallocr.o)
                0x2000047c                __malloc_av_
 .data.__malloc_trim_threshold
                0x20000884        0x4 c:/program files (x86)/gnu tools arm embedded/4.8 2014q2/bin/../lib/gcc/arm-none-eabi/4.8.4/../../../../arm-none-eabi/lib/armv7e-m/fpu\libc.a(lib_a-mallocr.o)
                0x20000884                __malloc_trim_threshold
 .data.__malloc_sbrk_base
                0x20000888        0x4 c:/program files (x86)/gnu tools arm embedded/4.8 2014q2/bin/../lib/gcc/arm-none-eabi/4.8.4/../../../../arm-none-eabi/lib/armv7e-m/fpu\libc.a(lib_a-mallocr.o)
                0x20000888                __malloc_sbrk_base
                0x2000088c                . = ALIGN (0x4)
                0x2000088c                PROVIDE (__preinit_array_start, .)
 *(.preinit_array)
                0x2000088c                PROVIDE (__preinit_array_end, .)
                0x2000088c                . = ALIGN (0x4)
                0x2000088c                PROVIDE (__init_array_start, .)
 *(SORT(.init_array.*))
 *(.init_array)
                0x2000088c                PROVIDE (__init_array_end, .)
                0x2000088c                . = ALIGN (0x4)
                0x2000088c                PROVIDE (__fini_array_start, .)
 *(SORT(.fini_array.*))
 *(.fini_array)
                0x2000088c                PROVIDE (__fini_array_end, .)
 *(.jcr*)
                0x2000088c                . = ALIGN (0x4)
                0x2000088c                __data_end__ = .
                0x2000088c                _edata = __data_end__

.igot.plt       0x2000088c        0x0 load address 0x0800c2d4
 .igot.plt      0x00000000        0x0 ..\obj\stm32f4_discovery_audio_codec.o

.bss            0x2000088c      0x748 load address 0x0800c2d4
                0x2000088c                . = ALIGN (0x4)
                0x2000088c                __bss_start__ = .
                0x2000088c                _sbss = __bss_start__
 *(.bss*)
 .bss           0x2000088c        0x8 ..\obj\stm32f4_discovery_audio_codec.o
                0x2000088c                OutputDev
                0x20000890                AUDIO_MAL_DMA_CHANNEL
 .bss           0x20000894        0x4 ..\obj\main.o
                0x20000894                note_list
 .bss           0x20000898       0x48 ..\obj\parameters.o
 .bss           0x200008e0       0x6c ..\obj\synth.o
 .bss           0x2000094c        0x4 ..\obj\syscalls.o
 .bss           0x20000950       0x48 ..\obj\midi.o
 .bss.__malloc_max_total_mem
                0x20000998        0x4 c:/program files (x86)/gnu tools arm embedded/4.8 2014q2/bin/../lib/gcc/arm-none-eabi/4.8.4/../../../../arm-none-eabi/lib/armv7e-m/fpu\libc.a(lib_a-mallocr.o)
                0x20000998                __malloc_max_total_mem
 .bss.__malloc_max_sbrked_mem
                0x2000099c        0x4 c:/program files (x86)/gnu tools arm embedded/4.8 2014q2/bin/../lib/gcc/arm-none-eabi/4.8.4/../../../../arm-none-eabi/lib/armv7e-m/fpu\libc.a(lib_a-mallocr.o)
                0x2000099c                __malloc_max_sbrked_mem
 .bss.__malloc_top_pad
                0x200009a0        0x4 c:/program files (x86)/gnu tools arm embedded/4.8 2014q2/bin/../lib/gcc/arm-none-eabi/4.8.4/../../../../arm-none-eabi/lib/armv7e-m/fpu\libc.a(lib_a-mallocr.o)
                0x200009a0                __malloc_top_pad
 .bss.__malloc_current_mallinfo
                0x200009a4       0x28 c:/program files (x86)/gnu tools arm embedded/4.8 2014q2/bin/../lib/gcc/arm-none-eabi/4.8.4/../../../../arm-none-eabi/lib/armv7e-m/fpu\libc.a(lib_a-mallocr.o)
                0x200009a4                __malloc_current_mallinfo
 *(COMMON)
 COMMON         0x200009cc       0x7c ..\obj\stm32f4_discovery_audio_codec.o
                0x200009cc                CurrentPos
                0x200009d0                AUDIO_MAL_DMA_InitStructure
                0x20000a0c                DMA_InitStructure
 COMMON         0x20000a48      0x568 ..\obj\main.o
                0x20000a48                params
                0x20000aa0                new_note_event
                0x20000aa4                global_pitch
                0x20000aa8                trig
                0x20000aac                audiobuff
                0x20000fac                global_fc
 COMMON         0x20000fb0       0x1e ..\obj\parameters.o
                0x20000fb0                TempStr
 *fill*         0x20000fce        0x2 
 COMMON         0x20000fd0        0x4 c:/program files (x86)/gnu tools arm embedded/4.8 2014q2/bin/../lib/gcc/arm-none-eabi/4.8.4/../../../../arm-none-eabi/lib/armv7e-m/fpu\libc.a(lib_a-reent.o)
                0x20000fd0                errno
                0x20000fd4                . = ALIGN (0x4)
                0x20000fd4                __bss_end__ = .
                0x20000fd4                _ebss = __bss_end__

.heap           0x20000fd4        0x0
                0x20000fd4                __end__ = .
                0x20000fd4                _end = __end__
                0x20000fd4                end = __end__
 *(.heap*)
                0x20000fd4                __HeapLimit = .

.co_stack       0x20000fd4     0x8004 load address 0x0800ca1c
                0x20000fd8                . = ALIGN (0x8)
 *fill*         0x20000fd4        0x4 
 *(.co_stack .co_stack.*)
 .co_stack      0x20000fd8     0x8000 ..\obj\startup_stm32f4xx.o
                0x20000fd8                pulStack
                0x20020000                __StackTop = (ORIGIN (ram) + 0x20000)
                0x20017ffc                __StackLimit = (__StackTop - SIZEOF (.co_stack))
                0x20020000                PROVIDE (__stack, __StackTop)
                0x00000001                ASSERT ((__StackLimit >= __HeapLimit), region ram  overflowed with stack)
LOAD ..\obj\stm32f4_discovery_audio_codec.o
LOAD ..\obj\stm32f4xx_usart.o
LOAD ..\obj\stm32f4xx_dac.o
LOAD ..\obj\llist.o
LOAD ..\obj\startup_stm32f4xx.o
LOAD ..\obj\main.o
LOAD ..\obj\stm32f4xx_rcc.o
LOAD ..\obj\parameters.o
LOAD ..\obj\printf.o
LOAD ..\obj\synth.o
LOAD ..\obj\stm32f4xx_gpio.o
LOAD ..\obj\system_stm32f4xx.o
LOAD ..\obj\syscalls.o
LOAD ..\obj\stm32f4xx_dma.o
LOAD ..\obj\stm32f4xx_spi.o
LOAD ..\obj\stm32f4xx_i2c.o
LOAD ..\obj\misc.o
LOAD ..\obj\wavetable.o
LOAD ..\obj\midi.o
LOAD c:/program files (x86)/gnu tools arm embedded/4.8 2014q2/bin/../lib/gcc/arm-none-eabi/4.8.4/../../../../arm-none-eabi/lib/armv7e-m/fpu\libm.a
LOAD c:/program files (x86)/gnu tools arm embedded/4.8 2014q2/bin/../lib/gcc/arm-none-eabi/4.8.4/armv7e-m/fpu\libgcc.a
LOAD c:/program files (x86)/gnu tools arm embedded/4.8 2014q2/bin/../lib/gcc/arm-none-eabi/4.8.4/../../../../arm-none-eabi/lib/armv7e-m/fpu\libc.a
START GROUP
LOAD c:/program files (x86)/gnu tools arm embedded/4.8 2014q2/bin/../lib/gcc/arm-none-eabi/4.8.4/armv7e-m/fpu\libgcc.a
LOAD c:/program files (x86)/gnu tools arm embedded/4.8 2014q2/bin/../lib/gcc/arm-none-eabi/4.8.4/../../../../arm-none-eabi/lib/armv7e-m/fpu\libg.a
LOAD c:/program files (x86)/gnu tools arm embedded/4.8 2014q2/bin/../lib/gcc/arm-none-eabi/4.8.4/../../../../arm-none-eabi/lib/armv7e-m/fpu\libc.a
END GROUP
OUTPUT(Murphy_v1.4.elf elf32-littlearm)

.debug_info     0x00000000     0x9520
 .debug_info    0x00000000     0x1093 ..\obj\stm32f4_discovery_audio_codec.o
 .debug_info    0x00001093      0x9c2 ..\obj\stm32f4xx_usart.o
 .debug_info    0x00001a55      0x63a ..\obj\stm32f4xx_dac.o
 .debug_info    0x0000208f      0x286 ..\obj\llist.o
 .debug_info    0x00002315       0xed ..\obj\startup_stm32f4xx.o
 .debug_info    0x00002402      0x834 ..\obj\main.o
 .debug_info    0x00002c36      0xc4d ..\obj\stm32f4xx_rcc.o
 .debug_info    0x00003883      0xb26 ..\obj\parameters.o
 .debug_info    0x000043a9      0xf70 ..\obj\printf.o
 .debug_info    0x00005319      0x672 ..\obj\synth.o
 .debug_info    0x0000598b      0x602 ..\obj\stm32f4xx_gpio.o
 .debug_info    0x00005f8d      0x592 ..\obj\system_stm32f4xx.o
 .debug_info    0x0000651f      0x3ee ..\obj\syscalls.o
 .debug_info    0x0000690d      0x739 ..\obj\stm32f4xx_dma.o
 .debug_info    0x00007046      0xb07 ..\obj\stm32f4xx_spi.o
 .debug_info    0x00007b4d      0xaf4 ..\obj\stm32f4xx_i2c.o
 .debug_info    0x00008641      0x53d ..\obj\misc.o
 .debug_info    0x00008b7e      0x9a2 ..\obj\midi.o

.debug_abbrev   0x00000000     0x1b4e
 .debug_abbrev  0x00000000      0x256 ..\obj\stm32f4_discovery_audio_codec.o
 .debug_abbrev  0x00000256      0x155 ..\obj\stm32f4xx_usart.o
 .debug_abbrev  0x000003ab      0x17c ..\obj\stm32f4xx_dac.o
 .debug_abbrev  0x00000527      0x10d ..\obj\llist.o
 .debug_abbrev  0x00000634       0xb0 ..\obj\startup_stm32f4xx.o
 .debug_abbrev  0x000006e4      0x1f6 ..\obj\main.o
 .debug_abbrev  0x000008da      0x1e3 ..\obj\stm32f4xx_rcc.o
 .debug_abbrev  0x00000abd      0x1ec ..\obj\parameters.o
 .debug_abbrev  0x00000ca9      0x2c4 ..\obj\printf.o
 .debug_abbrev  0x00000f6d      0x13f ..\obj\synth.o
 .debug_abbrev  0x000010ac      0x1a3 ..\obj\stm32f4xx_gpio.o
 .debug_abbrev  0x0000124f      0x136 ..\obj\system_stm32f4xx.o
 .debug_abbrev  0x00001385       0xe2 ..\obj\syscalls.o
 .debug_abbrev  0x00001467      0x155 ..\obj\stm32f4xx_dma.o
 .debug_abbrev  0x000015bc      0x167 ..\obj\stm32f4xx_spi.o
 .debug_abbrev  0x00001723      0x164 ..\obj\stm32f4xx_i2c.o
 .debug_abbrev  0x00001887      0x145 ..\obj\misc.o
 .debug_abbrev  0x000019cc      0x182 ..\obj\midi.o

.debug_aranges  0x00000000      0xa58
 .debug_aranges
                0x00000000      0x130 ..\obj\stm32f4_discovery_audio_codec.o
 .debug_aranges
                0x00000130      0x100 ..\obj\stm32f4xx_usart.o
 .debug_aranges
                0x00000230       0xa0 ..\obj\stm32f4xx_dac.o
 .debug_aranges
                0x000002d0       0x40 ..\obj\llist.o
 .debug_aranges
                0x00000310       0x28 ..\obj\startup_stm32f4xx.o
 .debug_aranges
                0x00000338       0x70 ..\obj\main.o
 .debug_aranges
                0x000003a8      0x178 ..\obj\stm32f4xx_rcc.o
 .debug_aranges
                0x00000520       0x40 ..\obj\parameters.o
 .debug_aranges
                0x00000560       0xa0 ..\obj\printf.o
 .debug_aranges
                0x00000600       0x20 ..\obj\synth.o
 .debug_aranges
                0x00000620       0x88 ..\obj\stm32f4xx_gpio.o
 .debug_aranges
                0x000006a8       0x30 ..\obj\system_stm32f4xx.o
 .debug_aranges
                0x000006d8       0x60 ..\obj\syscalls.o
 .debug_aranges
                0x00000738       0xb0 ..\obj\stm32f4xx_dma.o
 .debug_aranges
                0x000007e8       0xe0 ..\obj\stm32f4xx_spi.o
 .debug_aranges
                0x000008c8      0x120 ..\obj\stm32f4xx_i2c.o
 .debug_aranges
                0x000009e8       0x40 ..\obj\misc.o
 .debug_aranges
                0x00000a28       0x30 ..\obj\midi.o

.debug_ranges   0x00000000      0x938
 .debug_ranges  0x00000000      0x120 ..\obj\stm32f4_discovery_audio_codec.o
 .debug_ranges  0x00000120       0xf0 ..\obj\stm32f4xx_usart.o
 .debug_ranges  0x00000210       0x90 ..\obj\stm32f4xx_dac.o
 .debug_ranges  0x000002a0       0x30 ..\obj\llist.o
 .debug_ranges  0x000002d0       0x18 ..\obj\startup_stm32f4xx.o
 .debug_ranges  0x000002e8       0x60 ..\obj\main.o
 .debug_ranges  0x00000348      0x168 ..\obj\stm32f4xx_rcc.o
 .debug_ranges  0x000004b0       0x30 ..\obj\parameters.o
 .debug_ranges  0x000004e0       0x90 ..\obj\printf.o
 .debug_ranges  0x00000570       0x10 ..\obj\synth.o
 .debug_ranges  0x00000580       0x78 ..\obj\stm32f4xx_gpio.o
 .debug_ranges  0x000005f8       0x20 ..\obj\system_stm32f4xx.o
 .debug_ranges  0x00000618       0x50 ..\obj\syscalls.o
 .debug_ranges  0x00000668       0xa0 ..\obj\stm32f4xx_dma.o
 .debug_ranges  0x00000708       0xd0 ..\obj\stm32f4xx_spi.o
 .debug_ranges  0x000007d8      0x110 ..\obj\stm32f4xx_i2c.o
 .debug_ranges  0x000008e8       0x30 ..\obj\misc.o
 .debug_ranges  0x00000918       0x20 ..\obj\midi.o

.debug_line     0x00000000     0x3ec5
 .debug_line    0x00000000      0x6d2 ..\obj\stm32f4_discovery_audio_codec.o
 .debug_line    0x000006d2      0x4a9 ..\obj\stm32f4xx_usart.o
 .debug_line    0x00000b7b      0x35f ..\obj\stm32f4xx_dac.o
 .debug_line    0x00000eda      0x1e3 ..\obj\llist.o
 .debug_line    0x000010bd       0xa1 ..\obj\startup_stm32f4xx.o
 .debug_line    0x0000115e      0x347 ..\obj\main.o
 .debug_line    0x000014a5      0x5a1 ..\obj\stm32f4xx_rcc.o
 .debug_line    0x00001a46      0x398 ..\obj\parameters.o
 .debug_line    0x00001dde      0x490 ..\obj\printf.o
 .debug_line    0x0000226e      0x2be ..\obj\synth.o
 .debug_line    0x0000252c      0x346 ..\obj\stm32f4xx_gpio.o
 .debug_line    0x00002872      0x1fe ..\obj\system_stm32f4xx.o
 .debug_line    0x00002a70      0x171 ..\obj\syscalls.o
 .debug_line    0x00002be1      0x3e3 ..\obj\stm32f4xx_dma.o
 .debug_line    0x00002fc4      0x459 ..\obj\stm32f4xx_spi.o
 .debug_line    0x0000341d      0x4e2 ..\obj\stm32f4xx_i2c.o
 .debug_line    0x000038ff      0x24c ..\obj\misc.o
 .debug_line    0x00003b4b      0x37a ..\obj\midi.o

.debug_str      0x00000000     0x373f
 .debug_str     0x00000000      0xfe3 ..\obj\stm32f4_discovery_audio_codec.o
                               0x108b (size before relaxing)
 .debug_str     0x00000fe3      0x4a1 ..\obj\stm32f4xx_usart.o
                                0x6b0 (size before relaxing)
 .debug_str     0x00001484      0x238 ..\obj\stm32f4xx_dac.o
                                0x474 (size before relaxing)
 .debug_str     0x000016bc       0xd2 ..\obj\llist.o
                                0x247 (size before relaxing)
 .debug_str     0x0000178e       0xae ..\obj\startup_stm32f4xx.o
                                0x168 (size before relaxing)
 .debug_str     0x0000183c      0x300 ..\obj\main.o
                                0x7a2 (size before relaxing)
 .debug_str     0x00001b3c      0x5e1 ..\obj\stm32f4xx_rcc.o
                                0x871 (size before relaxing)
 .debug_str     0x0000211d      0x11d ..\obj\parameters.o
                                0xd9e (size before relaxing)
 .debug_str     0x0000223a      0x4ab ..\obj\printf.o
                                0x72a (size before relaxing)
 .debug_str     0x000026e5      0x1c0 ..\obj\synth.o
                                0x4f9 (size before relaxing)
 .debug_str     0x000028a5      0x174 ..\obj\stm32f4xx_gpio.o
                                0x4c4 (size before relaxing)
 .debug_str     0x00002a19      0x116 ..\obj\system_stm32f4xx.o
                                0x3cb (size before relaxing)
 .debug_str     0x00002b2f      0x13c ..\obj\syscalls.o
                                0x2f5 (size before relaxing)
 .debug_str     0x00002c6b      0x25f ..\obj\stm32f4xx_dma.o
                                0x563 (size before relaxing)
 .debug_str     0x00002eca      0x316 ..\obj\stm32f4xx_spi.o
                                0x6ab (size before relaxing)
 .debug_str     0x000031e0      0x33e ..\obj\stm32f4xx_i2c.o
                                0x686 (size before relaxing)
 .debug_str     0x0000351e      0x15f ..\obj\misc.o
                                0x3ef (size before relaxing)
 .debug_str     0x0000367d       0xc2 ..\obj\midi.o
                                0xc74 (size before relaxing)

.comment        0x00000000       0x70
 .comment       0x00000000       0x70 ..\obj\stm32f4_discovery_audio_codec.o
                                 0x71 (size before relaxing)
 .comment       0x00000000       0x71 ..\obj\stm32f4xx_usart.o
 .comment       0x00000000       0x71 ..\obj\stm32f4xx_dac.o
 .comment       0x00000000       0x71 ..\obj\llist.o
 .comment       0x00000000       0x71 ..\obj\startup_stm32f4xx.o
 .comment       0x00000000       0x71 ..\obj\main.o
 .comment       0x00000000       0x71 ..\obj\stm32f4xx_rcc.o
 .comment       0x00000000       0x71 ..\obj\parameters.o
 .comment       0x00000000       0x71 ..\obj\printf.o
 .comment       0x00000000       0x71 ..\obj\synth.o
 .comment       0x00000000       0x71 ..\obj\stm32f4xx_gpio.o
 .comment       0x00000000       0x71 ..\obj\system_stm32f4xx.o
 .comment       0x00000000       0x71 ..\obj\syscalls.o
 .comment       0x00000000       0x71 ..\obj\stm32f4xx_dma.o
 .comment       0x00000000       0x71 ..\obj\stm32f4xx_spi.o
 .comment       0x00000000       0x71 ..\obj\stm32f4xx_i2c.o
 .comment       0x00000000       0x71 ..\obj\misc.o
 .comment       0x00000000       0x71 ..\obj\midi.o

.ARM.attributes
                0x00000000       0x39
 .ARM.attributes
                0x00000000       0x39 ..\obj\stm32f4_discovery_audio_codec.o
 .ARM.attributes
                0x00000039       0x39 ..\obj\stm32f4xx_usart.o
 .ARM.attributes
                0x00000072       0x39 ..\obj\stm32f4xx_dac.o
 .ARM.attributes
                0x000000ab       0x39 ..\obj\llist.o
 .ARM.attributes
                0x000000e4       0x39 ..\obj\startup_stm32f4xx.o
 .ARM.attributes
                0x0000011d       0x39 ..\obj\main.o
 .ARM.attributes
                0x00000156       0x39 ..\obj\stm32f4xx_rcc.o
 .ARM.attributes
                0x0000018f       0x39 ..\obj\parameters.o
 .ARM.attributes
                0x000001c8       0x39 ..\obj\printf.o
 .ARM.attributes
                0x00000201       0x39 ..\obj\synth.o
 .ARM.attributes
                0x0000023a       0x39 ..\obj\stm32f4xx_gpio.o
 .ARM.attributes
                0x00000273       0x39 ..\obj\system_stm32f4xx.o
 .ARM.attributes
                0x000002ac       0x39 ..\obj\syscalls.o
 .ARM.attributes
                0x000002e5       0x39 ..\obj\stm32f4xx_dma.o
 .ARM.attributes
                0x0000031e       0x39 ..\obj\stm32f4xx_spi.o
 .ARM.attributes
                0x00000357       0x39 ..\obj\stm32f4xx_i2c.o
 .ARM.attributes
                0x00000390       0x39 ..\obj\misc.o
 .ARM.attributes
                0x000003c9       0x39 ..\obj\midi.o
 .ARM.attributes
                0x00000402       0x34 c:/program files (x86)/gnu tools arm embedded/4.8 2014q2/bin/../lib/gcc/arm-none-eabi/4.8.4/../../../../arm-none-eabi/lib/armv7e-m/fpu\libc.a(lib_a-malloc.o)
 .ARM.attributes
                0x00000436       0x34 c:/program files (x86)/gnu tools arm embedded/4.8 2014q2/bin/../lib/gcc/arm-none-eabi/4.8.4/../../../../arm-none-eabi/lib/armv7e-m/fpu\libc.a(lib_a-mallocr.o)
 .ARM.attributes
                0x0000046a       0x34 c:/program files (x86)/gnu tools arm embedded/4.8 2014q2/bin/../lib/gcc/arm-none-eabi/4.8.4/../../../../arm-none-eabi/lib/armv7e-m/fpu\libc.a(lib_a-mlock.o)
 .ARM.attributes
                0x0000049e       0x34 c:/program files (x86)/gnu tools arm embedded/4.8 2014q2/bin/../lib/gcc/arm-none-eabi/4.8.4/../../../../arm-none-eabi/lib/armv7e-m/fpu\libc.a(lib_a-sbrkr.o)
 .ARM.attributes
                0x000004d2       0x34 c:/program files (x86)/gnu tools arm embedded/4.8 2014q2/bin/../lib/gcc/arm-none-eabi/4.8.4/../../../../arm-none-eabi/lib/armv7e-m/fpu\libc.a(lib_a-freer.o)
 .ARM.attributes
                0x00000506       0x34 c:/program files (x86)/gnu tools arm embedded/4.8 2014q2/bin/../lib/gcc/arm-none-eabi/4.8.4/../../../../arm-none-eabi/lib/armv7e-m/fpu\libc.a(lib_a-reent.o)

.debug_frame    0x00000000     0x21bc
 .debug_frame   0x00000000      0x43c ..\obj\stm32f4_discovery_audio_codec.o
 .debug_frame   0x0000043c      0x344 ..\obj\stm32f4xx_usart.o
 .debug_frame   0x00000780      0x1ec ..\obj\stm32f4xx_dac.o
 .debug_frame   0x0000096c       0xac ..\obj\llist.o
 .debug_frame   0x00000a18       0x48 ..\obj\startup_stm32f4xx.o
 .debug_frame   0x00000a60      0x148 ..\obj\main.o
 .debug_frame   0x00000ba8      0x4d8 ..\obj\stm32f4xx_rcc.o
 .debug_frame   0x00001080       0xac ..\obj\parameters.o
 .debug_frame   0x0000112c      0x248 ..\obj\printf.o
 .debug_frame   0x00001374       0x30 ..\obj\synth.o
 .debug_frame   0x000013a4      0x19c ..\obj\stm32f4xx_gpio.o
 .debug_frame   0x00001540       0x64 ..\obj\system_stm32f4xx.o
 .debug_frame   0x000015a4      0x108 ..\obj\syscalls.o
 .debug_frame   0x000016ac      0x224 ..\obj\stm32f4xx_dma.o
 .debug_frame   0x000018d0      0x2d0 ..\obj\stm32f4xx_spi.o
 .debug_frame   0x00001ba0      0x3b4 ..\obj\stm32f4xx_i2c.o
 .debug_frame   0x00001f54       0x9c ..\obj\misc.o
 .debug_frame   0x00001ff0       0x70 ..\obj\midi.o
 .debug_frame   0x00002060       0x30 c:/program files (x86)/gnu tools arm embedded/4.8 2014q2/bin/../lib/gcc/arm-none-eabi/4.8.4/../../../../arm-none-eabi/lib/armv7e-m/fpu\libc.a(lib_a-malloc.o)
 .debug_frame   0x00002090       0x38 c:/program files (x86)/gnu tools arm embedded/4.8 2014q2/bin/../lib/gcc/arm-none-eabi/4.8.4/../../../../arm-none-eabi/lib/armv7e-m/fpu\libc.a(lib_a-mallocr.o)
 .debug_frame   0x000020c8       0x30 c:/program files (x86)/gnu tools arm embedded/4.8 2014q2/bin/../lib/gcc/arm-none-eabi/4.8.4/../../../../arm-none-eabi/lib/armv7e-m/fpu\libc.a(lib_a-mlock.o)
 .debug_frame   0x000020f8       0x2c c:/program files (x86)/gnu tools arm embedded/4.8 2014q2/bin/../lib/gcc/arm-none-eabi/4.8.4/../../../../arm-none-eabi/lib/armv7e-m/fpu\libc.a(lib_a-sbrkr.o)
 .debug_frame   0x00002124       0x50 c:/program files (x86)/gnu tools arm embedded/4.8 2014q2/bin/../lib/gcc/arm-none-eabi/4.8.4/../../../../arm-none-eabi/lib/armv7e-m/fpu\libc.a(lib_a-freer.o)
 .debug_frame   0x00002174       0x48 c:/program files (x86)/gnu tools arm embedded/4.8 2014q2/bin/../lib/gcc/arm-none-eabi/4.8.4/../../../../arm-none-eabi/lib/armv7e-m/fpu\libc.a(lib_a-reent.o)
